Testing backend API at: https://cfde3e21-8cc7-4f92-8e99-3e2b8a582569.preview.emergentagent.com/api
Starting DRIFT Travel API Tests

================================================================================
Running test: Basic Health Check
URL: https://cfde3e21-8cc7-4f92-8e99-3e2b8a582569.preview.emergentagent.com/api/status
Method: GET
Response time: 23.56 seconds
Response data: {
  "status": "healthy",
  "database": "connected",
  "message": "DRIFT Travel API is running",
  "timestamp": "2025-06-05T22:23:18.035126"
}
✅ Test passed

================================================================================
Running test: Amadeus API Connection
URL: https://cfde3e21-8cc7-4f92-8e99-3e2b8a582569.preview.emergentagent.com/api/amadeus/test
Method: GET
Response time: 1.08 seconds
Response data: {
  "success": true,
  "message": "Amadeus API connected successfully",
  "test_data": []
}
✅ Test passed

================================================================================
TESTING FLIGHT SEARCH ENDPOINTS
================================================================================

================================================================================
Running test: Basic Flight Search
URL: https://cfde3e21-8cc7-4f92-8e99-3e2b8a582569.preview.emergentagent.com/api/flights/search
Method: POST
Request data: {
  "origin": "JFK",
  "destination": "LAX",
  "departure_date": "2025-07-05",
  "return_date": "2025-07-12",
  "adults": 1,
  "travel_class": "ECONOMY"
}
Response time: 9.31 seconds
Response data: {
  "success": true,
  "flights": [
    {
      "id": "1",
      "price": {
        "currency": "USD",
        "total": "222.93",
        "base": "178.93",
        "fees": [
          {
            "amount": "0.00",
            "type": "SUPPLIER"
          },
          {
            "amount": "0.00",
            "type": "TICKETING"
          }
        ],
        "grandTotal": "222.93"
      },
      "itineraries": [
        {
          "duration": "PT6H11M",
          "segments": [
            {
              "departure": {
                "iataCode": "JFK",
                "at": "2025-07-05T11:00:00"
              },
              "arrival": {
                "iataCode": "LAX",
                "terminal": "1",
                "at": "2025-07-05T14:11:00"
              },
              "carrierCode": "F9",
              "number": "2503",
              "aircraft": {
                "code": "32Q"
              },
              "operating": {
                "carrierCode": "F9"
              },
              "duration": "PT6H11M",
              "id": "3",
              "numberOfStops": 0,
              "blacklistedInEU": false
            }
          ]
        },
        {
          "duration": "PT5H40M",
          "segments": [
            {
              "departure": {
                "iataCode": "LAX",
                "terminal": "1",
                "at": "2025-07-12T21:20:00"
              },
              "arrival": {
                "iataCode": "JFK",
                "at": "2025-07-13T06:00:00"
              },
              "carrierCode": "F9",
              "number": "2504",
              "aircraft": {
                "code": "32Q"
              },
              "operating": {
                "carrierCode": "F9"
              },
              "duration": "PT5H40M",
              "id": "18",
              "numberOfStops": 0,
              "blacklistedInEU": false
            }
          ]
        }
      ],
      "traveler_pricings": [
        {
          "travelerId": "1",
          "fareOption": "STANDARD",
          "travelerType": "ADULT",
          "price": {
            "currency": "USD",
            "total": "222.93",
            "base": "178.93"
          },
          "fareDetailsBySegment": [
            {
              "segmentId": "3",
              "cabin": "ECONOMY",
              "fareBasis": "G21SBZ2",
              "brandedFare": "ECP",
              "brandedFareLabel": "ECONOMY",
              "class": "G",
              "amenities": [
                {
                  "description": "UPTO100LB 45KG BAGGAGE",
                  "isChargeable": true,
                  "amenityType": "BAGGAGE",
                  "amenityProvider": {
                    "name": "BrandedFare"
                  }
                },
                {
                  "description": "FIRST CHECKED BAG",
                  "isChargeable": true,
                  "amenityType": "BAGGAGE",
                  "amenityProvider": {
                    "name": "BrandedFare"
                  }
                },
                {
                  "description": "SECOND CHECKED BAG",
                  "isChargeable": true,
                  "amenityType": "BAGGAGE",
                  "amenityProvider": {
                    "name": "BrandedFare"
                  }
                },
                {
                  "description": "PRE RESERVED SEAT ASSIGNMENT",
                  "isChargeable": false,
                  "amenityType": "PRE_RESERVED_SEAT",
                  "amenityProvider": {
                    "name": "BrandedFare"
                  }
                },
                {
                  "description": "PRIORITY BOARDING",
                  "isChargeable": true,
                  "amenityType": "TRAVEL_SERVICES",
                  "amenityProvider": {
                    "name": "BrandedFare"
                  }
                },
                {
                  "description": "BASIC SEAT",
                  "isChargeable": false,
                  "amenityType": "BRANDED_FARES",
                  "amenityProvider": {
                    "name": "BrandedFare"
                  }
                },
                {
                  "description": "MILEAGE ACCRUAL",
                  "isChargeable": false,
                  "amenityType": "BRANDED_FARES",
                  "amenityProvider": {
                    "name": "BrandedFare"
                  }
                }
              ]
            },
            {
              "segmentId": "18",
              "cabin": "ECONOMY",
              "fareBasis": "Q21PBZN",
              "brandedFare": "ECP",
              "brandedFareLabel": "ECONOMY",
              "class": "Q",
              "amenities": [
                {
                  "description": "UPTO100LB 45KG BAGGAGE",
                  "isChargeable": true,
                  "amenityType": "BAGGAGE",
                  "amenityProvider": {
                    "name": "BrandedFare"
                  }
                },
                {
                  "description": "FIRST CHECKED BAG",
                  "isChargeable": true,
                  "amenityType": "BAGGAGE",
                  "amenityProvider": {
                    "name": "BrandedFare"
                  }
                },
                {
                  "description": "SECOND CHECKED BAG",
                  "isChargeable": true,
                  "amenityType": "BAGGAGE",
                  "amenityProvider": {
                    "name": "BrandedFare"
                  }
                },
                {
                  "description": "PRE RESERVED SEAT ASSIGNMENT",
                  "isChargeable": false,
                  "amenityType": "PRE_RESERVED_SEAT",
                  "amenityProvider": {
                    "name": "BrandedFare"
                  }
                },
                {
                  "description": "PRIORITY BOARDING",
                  "isChargeable": true,
                  "amenityType": "TRAVEL_SERVICES",
                  "amenityProvider": {
                    "name": "BrandedFare"
                  }
                },
                {
                  "description": "BASIC SEAT",
                  "isChargeable": false,
                  "amenityType": "BRANDED_FARES",
                  "amenityProvider": {
                    "name": "BrandedFare"
                  }
                },
                {
                  "description": "MILEAGE ACCRUAL",
                  "isChargeable": false,
                  "amenityType": "BRANDED_FARES",
                  "amenityProvider": {
                    "name": "BrandedFare"
                  }
                }
              ]
            }
          ]
        }
      ],
      "validating_airline_codes": [
        "F9"
      ],
      "duration": "PT6H11M",
      "stops": 0,
      "airline_names": [
        "Frontier Airlines"
      ],
      "departure_time": "11:00 AM",
      "arrival_time": "06:00 AM",
      "formatted_duration": "6h 11m",
      "currency": "USD"
    },
    {
      "id": "2",
      "price": {
        "currency": "USD",
        "total": "233.96",
        "base": "180.16",
        "fees": [
          {
            "amount": "0.00",
            "type": "SUPPLIER"
          },
          {
            "amount": "0.00",
            "type": "TICKETING"
          }
        ],
        "grandTotal": "233.96"
      },
      "itineraries": [
        {
          "duration": "PT6H11M",
          "segments": [
            {
              "departure": {
                "iataCode": "JFK",
                "at": "2025-07-05T11:00:00"
              },
              "arrival": {
                "iataCode": "LAX",
                "terminal": "1",
                "at": "2025-07-05T14:11:00"
              },
              "carrierCode": "F9",
              "number": "2503",
              "aircraft": {
                "code": "32Q"
              },
              "operating": {
                "carrierCode": "F9"
              },
              "duration": "PT6H11M",
              "id": "3",
              "numberOfStops": 0,
              "blacklistedInEU": false
            }
          ]
        },
        {
          "duration": "PT8H26M",
          "segments": [
            {
              "departure": {
                "iataCode": "LAX",
                "terminal": "1",
                "at": "2025-07-12T22:35:00"
              },
              "arrival": {
                "iataCode": "ATL",
                "terminal": "N",
                "at": "2025-07-13T06:01:00"
              },
              "carrierCode": "F9",
              "number": "3216",
              "aircraft": {
                "code": "32Q"
              },
              "operating": {
                "carrierCode": "F9"
              },
              "duration": "PT4H26M",
              "id": "16",
              "numberOfStops": 0,
              "blacklistedInEU": false
            },
            {
              "departure": {
                "iataCode": "ATL",
                "terminal": "N",
                "at": "2025-07-13T07:39:00"
              },
              "arrival": {
                "iataCode": "JFK",
                "at": "2025-07-13T10:01:00"
              },
              "carrierCode": "F9",
              "number": "1872",
              "aircraft": {
                "code": "32Q"
              },
              "operating": {
                "carrierCode": "F9"
              },
              "duration": "PT2H22M",
              "id": "17",
              "numberOfStops": 0,
              "blacklistedInEU": false
            }
          ]
        }
      ],
      "traveler_pricings": [
        {
          "travelerId": "1",
          "fareOption": "STANDARD",
          "travelerType": "ADULT",
          "price": {
            "currency": "USD",
            "total": "233.96",
            "base": "180.16"
          },
          "fareDetailsBySegment": [
            {
              "segmentId": "3",
              "cabin": "ECONOMY",
              "fareBasis": "G21SBZ2",
              "brandedFare": "ECP",
              "brandedFareLabel": "ECONOMY",
              "class": "G",
              "amenities": [
                {
                  "description": "UPTO100LB 45KG BAGGAGE",
                  "isChargeable": true,
                  "amenityType": "BAGGAGE",
                  "amenityProvider": {
                    "name": "BrandedFare"
                  }
                },
                {
                  "description": "FIRST CHECKED BAG",
                  "isChargeable": true,
                  "amenityType": "BAGGAGE",
                  "amenityProvider": {
                    "name": "BrandedFare"
                  }
                },
                {
                  "description": "SECOND CHECKED BAG",
                  "isChargeable": true,
                  "amenityType": "BAGGAGE",
                  "amenityProvider": {
                    "name": "BrandedFare"
                  }
                },
                {
                  "description": "PRE RESERVED SEAT ASSIGNMENT",
                  "isChargeable": false,
                  "amenityType": "PRE_RESERVED_SEAT",
                  "amenityProvider": {
                    "name": "BrandedFare"
                  }
                },
                {
                  "description": "PRIORITY BOARDING",
                  "isChargeable": true,
                  "amenityType": "TRAVEL_SERVICES",
                  "amenityProvider": {
                    "name": "BrandedFare"
                  }
                },
                {
                  "description": "BASIC SEAT",
                  "isChargeable": false,
                  "amenityType": "BRANDED_FARES",
                  "amenityProvider": {
                    "name": "BrandedFare"
                  }
                },
                {
                  "description": "MILEAGE ACCRUAL",
                  "isChargeable": false,
                  "amenityType": "BRANDED_FARES",
                  "amenityProvider": {
                    "name": "BrandedFare"
                  }
                }
              ]
            },
            {
              "segmentId": "16",
              "cabin": "ECONOMY",
              "fareBasis": "E07PCZC",
              "brandedFare": "ECP",
              "brandedFareLabel": "ECONOMY",
              "class": "E",
              "amenities": [
                {
                  "description": "UPTO100LB 45KG BAGGAGE",
                  "isChargeable": true,
                  "amenityType": "BAGGAGE",
                  "amenityProvider": {
                    "name": "BrandedFare"
                  }
                },
                {
                  "description": "FIRST CHECKED BAG",
                  "isChargeable": true,
                  "amenityType": "BAGGAGE",
                  "amenityProvider": {
                    "name": "BrandedFare"
                  }
                },
                {
                  "description": "SECOND CHECKED BAG",
                  "isChargeable": true,
                  "amenityType": "BAGGAGE",
                  "amenityProvider": {
                    "name": "BrandedFare"
                  }
                },
                {
                  "description": "PRE RESERVED SEAT ASSIGNMENT",
                  "isChargeable": false,
                  "amenityType": "PRE_RESERVED_SEAT",
                  "amenityProvider": {
                    "name": "BrandedFare"
                  }
                },
                {
                  "description": "PRIORITY BOARDING",
                  "isChargeable": true,
                  "amenityType": "TRAVEL_SERVICES",
                  "amenityProvider": {
                    "name": "BrandedFare"
                  }
                },
                {
                  "description": "BASIC SEAT",
                  "isChargeable": false,
                  "amenityType": "BRANDED_FARES",
                  "amenityProvider": {
                    "name": "BrandedFare"
                  }
                },
                {
                  "description": "MILEAGE ACCRUAL",
                  "isChargeable": false,
                  "amenityType": "BRANDED_FARES",
                  "amenityProvider": {
                    "name": "BrandedFare"
                  }
                }
              ]
            },
            {
              "segmentId": "17",
              "cabin": "ECONOMY",
              "fareBasis": "E07PCZC",
              "brandedFare": "ECP",
              "brandedFareLabel": "ECONOMY",
              "class": "E",
              "amenities": [
                {
                  "description": "UPTO100LB 45KG BAGGAGE",
                  "isChargeable": true,
                  "amenityType": "BAGGAGE",
                  "amenityProvider": {
                    "name": "BrandedFare"
                  }
                },
                {
                  "description": "FIRST CHECKED BAG",
                  "isChargeable": true,
                  "amenityType": "BAGGAGE",
                  "amenityProvider": {
                    "name": "BrandedFare"
                  }
                },
                {
                  "description": "SECOND CHECKED BAG",
                  "isChargeable": true,
                  "amenityType": "BAGGAGE",
                  "amenityProvider": {
                    "name": "BrandedFare"
                  }
                },
                {
                  "description": "PRE RESERVED SEAT ASSIGNMENT",
                  "isChargeable": false,
                  "amenityType": "PRE_RESERVED_SEAT",
                  "amenityProvider": {
                    "name": "BrandedFare"
                  }
                },
                {
                  "description": "PRIORITY BOARDING",
                  "isChargeable": true,
                  "amenityType": "TRAVEL_SERVICES",
                  "amenityProvider": {
                    "name": "BrandedFare"
                  }
                },
                {
                  "description": "BASIC SEAT",
                  "isChargeable": false,
                  "amenityType": "BRANDED_FARES",
                  "amenityProvider": {
                    "name": "BrandedFare"
                  }
                },
                {
                  "description": "MILEAGE ACCRUAL",
                  "isChargeable": false,
                  "amenityType": "BRANDED_FARES",
                  "amenityProvider": {
                    "name": "BrandedFare"
                  }
                }
              ]
            }
          ]
        }
      ],
      "validating_airline_codes": [
        "F9"
      ],
      "duration": "PT6H11M",
      "stops": 1,
      "airline_names": [
        "Frontier Airlines"
      ],
      "departure_time": "11:00 AM",
      "arrival_time": "10:01 AM",
      "formatted_duration": "6h 11m",
      "currency": "USD"
    },
    {
      "id": "3",
      "price": {
        "currency": "USD",
        "total": "233.96",
        "base": "180.16",
        "fees": [
          {
            "amount": "0.00",
            "type": "SUPPLIER"
          },
          {
            "amount": "0.00",
            "type": "TICKETING"
          }
        ],
        "grandTotal": "233.96"
      },
      "itineraries": [
        {
          "duration": "PT6H11M",
          "segments": [
            {
              "departure": {
                "iataCode": "JFK",
                "at": "2025-07-05T11:00:00"
              },
              "arrival": {
                "iataCode": "LAX",
                "terminal": "1",
                "at": "2025-07-05T14:11:00"
              },
              "carrierCode": "F9",
              "number": "2503",
              "aircraft": {
                "code": "32Q"
              },
              "operating": {
                "carrierCode": "F9"
              },
              "duration": "PT6H11M",
              "id": "3",
              "numberOfStops": 0,
              "blacklistedInEU": false
            }
          ]
        },
        {
          "duration": "PT11H25M",
          "segments": [
            {
              "departure": {
                "iataCode": "LAX",
                "terminal": "1",
                "at": "2025-07-12T15:05:00"
              },
              "arrival": {
                "iataCode": "LAS",
                "terminal": "3",
                "at": "2025-07-12T16:30:00"
              },
              "carrierCode": "F9",
              "number": "3292",
              "aircraft": {
                "code": "32Q"
              },
              "operating": {
                "carrierCode": "F9"
              },
              "duration": "PT1H25M",
              "id": "12",
              "numberOfStops": 0,
              "blacklistedInEU": false
            },
            {
              "departure": {
                "iataCode": "LAS",
                "terminal": "3",
                "at": "2025-07-12T21:32:00"
              },
              "arrival": {
                "iataCode": "JFK",
                "at": "2025-07-13T05:30:00"
              },
              "carrierCode": "F9",
              "number": "3238",
              "aircraft": {
                "code": "32Q"
              },
              "operating": {
                "carrierCode": "F9"
              },
              "duration": "PT4H58M",
              "id": "13",
              "numberOfStops": 0,
              "blacklistedInEU": false
            }
          ]
        }
      ],
      "traveler_pricings": [
        {
          "travelerId": "1",
          "fareOption": "STANDARD",
          "travelerType": "ADULT",
          "price": {
            "currency": "USD",
            "total": "233.96",
            "base": "180.16"
          },
          "fareDetailsBySegment": [
            {
              "segmentId": "3",
              "cabin": "ECONOMY",
              "fareBasis": "G21SBZ2",
              "brandedFare": "ECP",
              "brandedFareLabel": "ECONOMY",
              "class": "G",
              "amenities": [
                {
                  "description": "UPTO100LB 45KG BAGGAGE",
                  "isChargeable": true,
                  "amenityType": "BAGGAGE",
                  "amenityProvider": {
                    "name": "BrandedFare"
                  }
                },
                {
                  "description": "FIRST CHECKED BAG",
                  "isChargeable": true,
                  "amenityType": "BAGGAGE",
                  "amenityProvider": {
                    "name": "BrandedFare"
                  }
                },
                {
                  "description": "SECOND CHECKED BAG",
                  "isChargeable": true,
                  "amenityType": "BAGGAGE",
                  "amenityProvider": {
                    "name": "BrandedFare"
                  }
                },
                {
                  "description": "PRE RESERVED SEAT ASSIGNMENT",
                  "isChargeable": false,
                  "amenityType": "PRE_RESERVED_SEAT",
                  "amenityProvider": {
                    "name": "BrandedFare"
                  }
                },
                {
                  "description": "PRIORITY BOARDING",
                  "isChargeable": true,
                  "amenityType": "TRAVEL_SERVICES",
                  "amenityProvider": {
                    "name": "BrandedFare"
                  }
                },
                {
                  "description": "BASIC SEAT",
                  "isChargeable": false,
                  "amenityType": "BRANDED_FARES",
                  "amenityProvider": {
                    "name": "BrandedFare"
                  }
                },
                {
                  "description": "MILEAGE ACCRUAL",
                  "isChargeable": false,
                  "amenityType": "BRANDED_FARES",
                  "amenityProvider": {
                    "name": "BrandedFare"
                  }
                }
              ]
            },
            {
              "segmentId": "12",
              "cabin": "ECONOMY",
              "fareBasis": "E07PCZC",
              "brandedFare": "ECP",
              "brandedFareLabel": "ECONOMY",
              "class": "E",
              "amenities": [
                {
                  "description": "UPTO100LB 45KG BAGGAGE",
                  "isChargeable": true,
                  "amenityType": "BAGGAGE",
                  "amenityProvider": {
                    "name": "BrandedFare"
                  }
                },
                {
                  "description": "FIRST CHECKED BAG",
                  "isChargeable": true,
                  "amenityType": "BAGGAGE",
                  "amenityProvider": {
                    "name": "BrandedFare"
                  }
                },
                {
                  "description": "SECOND CHECKED BAG",
                  "isChargeable": true,
                  "amenityType": "BAGGAGE",
                  "amenityProvider": {
                    "name": "BrandedFare"
                  }
                },
                {
                  "description": "PRE RESERVED SEAT ASSIGNMENT",
                  "isChargeable": false,
                  "amenityType": "PRE_RESERVED_SEAT",
                  "amenityProvider": {
                    "name": "BrandedFare"
                  }
                },
                {
                  "description": "PRIORITY BOARDING",
                  "isChargeable": true,
                  "amenityType": "TRAVEL_SERVICES",
                  "amenityProvider": {
                    "name": "BrandedFare"
                  }
                },
                {
                  "description": "BASIC SEAT",
                  "isChargeable": false,
                  "amenityType": "BRANDED_FARES",
                  "amenityProvider": {
                    "name": "BrandedFare"
                  }
                },
                {
                  "description": "MILEAGE ACCRUAL",
                  "isChargeable": false,
                  "amenityType": "BRANDED_FARES",
                  "amenityProvider": {
                    "name": "BrandedFare"
                  }
                }
              ]
            },
            {
              "segmentId": "13",
              "cabin": "ECONOMY",
              "fareBasis": "E07PCZC",
              "brandedFare": "ECP",
              "brandedFareLabel": "ECONOMY",
              "class": "E",
              "amenities": [
                {
                  "description": "UPTO100LB 45KG BAGGAGE",
                  "isChargeable": true,
                  "amenityType": "BAGGAGE",
                  "amenityProvider": {
                    "name": "BrandedFare"
                  }
                },
                {
                  "description": "FIRST CHECKED BAG",
                  "isChargeable": true,
                  "amenityType": "BAGGAGE",
                  "amenityProvider": {
                    "name": "BrandedFare"
                  }
                },
                {
                  "description": "SECOND CHECKED BAG",
                  "isChargeable": true,
                  "amenityType": "BAGGAGE",
                  "amenityProvider": {
                    "name": "BrandedFare"
                  }
                },
                {
                  "description": "PRE RESERVED SEAT ASSIGNMENT",
                  "isChargeable": false,
                  "amenityType": "PRE_RESERVED_SEAT",
                  "amenityProvider": {
                    "name": "BrandedFare"
                  }
                },
                {
                  "description": "PRIORITY BOARDING",
                  "isChargeable": true,
                  "amenityType": "TRAVEL_SERVICES",
                  "amenityProvider": {
                    "name": "BrandedFare"
                  }
                },
                {
                  "description": "BASIC SEAT",
                  "isChargeable": false,
                  "amenityType": "BRANDED_FARES",
                  "amenityProvider": {
                    "name": "BrandedFare"
                  }
                },
                {
                  "description": "MILEAGE ACCRUAL",
                  "isChargeable": false,
                  "amenityType": "BRANDED_FARES",
                  "amenityProvider": {
                    "name": "BrandedFare"
                  }
                }
              ]
            }
          ]
        }
      ],
      "validating_airline_codes": [
        "F9"
      ],
      "duration": "PT6H11M",
      "stops": 1,
      "airline_names": [
        "Frontier Airlines"
      ],
      "departure_time": "11:00 AM",
      "arrival_time": "05:30 AM",
      "formatted_duration": "6h 11m",
      "currency": "USD"
    },
    {
      "id": "4",
      "price": {
        "currency": "USD",
        "total": "233.96",
        "base": "180.16",
        "fees": [
          {
            "amount": "0.00",
            "type": "SUPPLIER"
          },
          {
            "amount": "0.00",
            "type": "TICKETING"
          }
        ],
        "grandTotal": "233.96"
      },
      "itineraries": [
        {
          "duration": "PT6H11M",
          "segments": [
            {
              "departure": {
                "iataCode": "JFK",
                "at": "2025-07-05T11:00:00"
              },
              "arrival": {
                "iataCode": "LAX",
                "terminal": "1",
                "at": "2025-07-05T14:11:00"
              },
              "carrierCode": "F9",
              "number": "2503",
              "aircraft": {
                "code": "32Q"
              },
              "operating": {
                "carrierCode": "F9"
              },
              "duration": "PT6H11M",
              "id": "3",
              "numberOfStops": 0,
              "blacklistedInEU": false
            }
          ]
        },
        {
          "duration": "PT13H25M",
          "segments": [
            {
              "departure": {
                "iataCode": "LAX",
                "terminal": "1",
                "at": "2025-07-12T13:05:00"
              },
              "arrival": {
                "iataCode": "LAS",
                "terminal": "3",
                "at": "2025-07-12T14:28:00"
              },
              "carrierCode": "F9",
              "number": "2264",
              "aircraft": {
                "code": "32Q"
              },
              "operating": {
                "carrierCode": "F9"
              },
              "duration": "PT1H23M",
              "id": "14",
              "numberOfStops": 0,
              "blacklistedInEU": false
            },
            {
              "departure": {
                "iataCode": "LAS",
                "terminal": "3",
                "at": "2025-07-12T21:32:00"
              },
              "arrival": {
                "iataCode": "JFK",
                "at": "2025-07-13T05:30:00"
              },
              "carrierCode": "F9",
              "number": "3238",
              "aircraft": {
                "code": "32Q"
              },
              "operating": {
                "carrierCode": "F9"
              },
              "duration": "PT4H58M",
              "id": "15",
              "numberOfStops": 0,
              "blacklistedInEU": false
            }
          ]
        }
      ],
      "traveler_pricings": [
        {
          "travelerId": "1",
          "fareOption": "STANDARD",
          "travelerType": "ADULT",
          "price": {
            "currency": "USD",
            "total": "233.96",
            "base": "180.16"
          },
          "fareDetailsBySegment": [
            {
              "segmentId": "3",
              "cabin": "ECONOMY",
              "fareBasis": "G21SBZ2",
              "brandedFare": "ECP",
              "brandedFareLabel": "ECONOMY",
              "class": "G",
              "amenities": [
                {
                  "description": "UPTO100LB 45KG BAGGAGE",
                  "isChargeable": true,
                  "amenityType": "BAGGAGE",
                  "amenityProvider": {
                    "name": "BrandedFare"
                  }
                },
                {
                  "description": "FIRST CHECKED BAG",
                  "isChargeable": true,
                  "amenityType": "BAGGAGE",
                  "amenityProvider": {
                    "name": "BrandedFare"
                  }
                },
                {
                  "description": "SECOND CHECKED BAG",
                  "isChargeable": true,
                  "amenityType": "BAGGAGE",
                  "amenityProvider": {
                    "name": "BrandedFare"
                  }
                },
                {
                  "description": "PRE RESERVED SEAT ASSIGNMENT",
                  "isChargeable": false,
                  "amenityType": "PRE_RESERVED_SEAT",
                  "amenityProvider": {
                    "name": "BrandedFare"
                  }
                },
                {
                  "description": "PRIORITY BOARDING",
                  "isChargeable": true,
                  "amenityType": "TRAVEL_SERVICES",
                  "amenityProvider": {
                    "name": "BrandedFare"
                  }
                },
                {
                  "description": "BASIC SEAT",
                  "isChargeable": false,
                  "amenityType": "BRANDED_FARES",
                  "amenityProvider": {
                    "name": "BrandedFare"
                  }
                },
                {
                  "description": "MILEAGE ACCRUAL",
                  "isChargeable": false,
                  "amenityType": "BRANDED_FARES",
                  "amenityProvider": {
                    "name": "BrandedFare"
                  }
                }
              ]
            },
            {
              "segmentId": "14",
              "cabin": "ECONOMY",
              "fareBasis": "E07PCZC",
              "brandedFare": "ECP",
              "brandedFareLabel": "ECONOMY",
              "class": "E",
              "amenities": [
                {
                  "description": "UPTO100LB 45KG BAGGAGE",
                  "isChargeable": true,
                  "amenityType": "BAGGAGE",
                  "amenityProvider": {
                    "name": "BrandedFare"
                  }
                },
                {
                  "description": "FIRST CHECKED BAG",
                  "isChargeable": true,
                  "amenityType": "BAGGAGE",
                  "amenityProvider": {
                    "name": "BrandedFare"
                  }
                },
                {
                  "description": "SECOND CHECKED BAG",
                  "isChargeable": true,
                  "amenityType": "BAGGAGE",
                  "amenityProvider": {
                    "name": "BrandedFare"
                  }
                },
                {
                  "description": "PRE RESERVED SEAT ASSIGNMENT",
                  "isChargeable": false,
                  "amenityType": "PRE_RESERVED_SEAT",
                  "amenityProvider": {
                    "name": "BrandedFare"
                  }
                },
                {
                  "description": "PRIORITY BOARDING",
                  "isChargeable": true,
                  "amenityType": "TRAVEL_SERVICES",
                  "amenityProvider": {
                    "name": "BrandedFare"
                  }
                },
                {
                  "description": "BASIC SEAT",
                  "isChargeable": false,
                  "amenityType": "BRANDED_FARES",
                  "amenityProvider": {
                    "name": "BrandedFare"
                  }
                },
                {
                  "description": "MILEAGE ACCRUAL",
                  "isChargeable": false,
                  "amenityType": "BRANDED_FARES",
                  "amenityProvider": {
                    "name": "BrandedFare"
                  }
                }
              ]
            },
            {
              "segmentId": "15",
              "cabin": "ECONOMY",
              "fareBasis": "E07PCZC",
              "brandedFare": "ECP",
              "brandedFareLabel": "ECONOMY",
              "class": "E",
              "amenities": [
                {
                  "description": "UPTO100LB 45KG BAGGAGE",
                  "isChargeable": true,
                  "amenityType": "BAGGAGE",
                  "amenityProvider": {
                    "name": "BrandedFare"
                  }
                },
                {
                  "description": "FIRST CHECKED BAG",
                  "isChargeable": true,
                  "amenityType": "BAGGAGE",
                  "amenityProvider": {
                    "name": "BrandedFare"
                  }
                },
                {
                  "description": "SECOND CHECKED BAG",
                  "isChargeable": true,
                  "amenityType": "BAGGAGE",
                  "amenityProvider": {
                    "name": "BrandedFare"
                  }
                },
                {
                  "description": "PRE RESERVED SEAT ASSIGNMENT",
                  "isChargeable": false,
                  "amenityType": "PRE_RESERVED_SEAT",
                  "amenityProvider": {
                    "name": "BrandedFare"
                  }
                },
                {
                  "description": "PRIORITY BOARDING",
                  "isChargeable": true,
                  "amenityType": "TRAVEL_SERVICES",
                  "amenityProvider": {
                    "name": "BrandedFare"
                  }
                },
                {
                  "description": "BASIC SEAT",
                  "isChargeable": false,
                  "amenityType": "BRANDED_FARES",
                  "amenityProvider": {
                    "name": "BrandedFare"
                  }
                },
                {
                  "description": "MILEAGE ACCRUAL",
                  "isChargeable": false,
                  "amenityType": "BRANDED_FARES",
                  "amenityProvider": {
                    "name": "BrandedFare"
                  }
                }
              ]
            }
          ]
        }
      ],
      "validating_airline_codes": [
        "F9"
      ],
      "duration": "PT6H11M",
      "stops": 1,
      "airline_names": [
        "Frontier Airlines"
      ],
      "departure_time": "11:00 AM",
      "arrival_time": "05:30 AM",
      "formatted_duration": "6h 11m",
      "currency": "USD"
    },
    {
      "id": "5",
      "price": {
        "currency": "USD",
        "total": "233.96",
        "base": "180.16",
        "fees": [
          {
            "amount": "0.00",
            "type": "SUPPLIER"
          },
          {
            "amount": "0.00",
            "type": "TICKETING"
          }
        ],
        "grandTotal": "233.96"
      },
      "itineraries": [
        {
          "duration": "PT6H11M",
          "segments": [
            {
              "departure": {
                "iataCode": "JFK",
                "at": "2025-07-05T11:00:00"
              },
              "arrival": {
                "iataCode": "LAX",
                "terminal": "1",
                "at": "2025-07-05T14:11:00"
              },
              "carrierCode": "F9",
              "number": "2503",
              "aircraft": {
                "code": "32Q"
              },
              "operating": {
                "carrierCode": "F9"
              },
              "duration": "PT6H11M",
              "id": "3",
              "numberOfStops": 0,
              "blacklistedInEU": false
            }
          ]
        },
        {
          "duration": "PT14H1M",
          "segments": [
            {
              "departure": {
                "iataCode": "LAX",
                "terminal": "1",
                "at": "2025-07-12T16:59:00"
              },
              "arrival": {
                "iataCode": "MCO",
                "at": "2025-07-13T01:04:00"
              },
              "carrierCode": "F9",
              "number": "4146",
              "aircraft": {
                "code": "32Q"
              },
              "operating": {
                "carrierCode": "F9"
              },
              "duration": "PT5H5M",
              "id": "10",
              "numberOfStops": 0,
              "blacklistedInEU": false
            },
            {
              "departure": {
                "iataCode": "MCO",
                "at": "2025-07-13T07:13:00"
              },
              "arrival": {
                "iataCode": "JFK",
                "at": "2025-07-13T10:00:00"
              },
              "carrierCode": "F9",
              "number": "4872",
              "aircraft": {
                "code": "32Q"
              },
              "operating": {
                "carrierCode": "F9"
              },
              "duration": "PT2H47M",
              "id": "11",
              "numberOfStops": 0,
              "blacklistedInEU": false
            }
          ]
        }
      ],
      "traveler_pricings": [
        {
          "travelerId": "1",
          "fareOption": "STANDARD",
          "travelerType": "ADULT",
          "price": {
            "currency": "USD",
            "total": "233.96",
            "base": "180.16"
          },
          "fareDetailsBySegment": [
            {
              "segmentId": "3",
              "cabin": "ECONOMY",
              "fareBasis": "G21SBZ2",
              "brandedFare": "ECP",
              "brandedFareLabel": "ECONOMY",
              "class": "G",
              "amenities": [
                {
                  "description": "UPTO100LB 45KG BAGGAGE",
                  "isChargeable": true,
                  "amenityType": "BAGGAGE",
                  "amenityProvider": {
                    "name": "BrandedFare"
                  }
                },
                {
                  "description": "FIRST CHECKED BAG",
                  "isChargeable": true,
                  "amenityType": "BAGGAGE",
                  "amenityProvider": {
                    "name": "BrandedFare"
                  }
                },
                {
                  "description": "SECOND CHECKED BAG",
                  "isChargeable": true,
                  "amenityType": "BAGGAGE",
                  "amenityProvider": {
                    "name": "BrandedFare"
                  }
                },
                {
                  "description": "PRE RESERVED SEAT ASSIGNMENT",
                  "isChargeable": false,
                  "amenityType": "PRE_RESERVED_SEAT",
                  "amenityProvider": {
                    "name": "BrandedFare"
                  }
                },
                {
                  "description": "PRIORITY BOARDING",
                  "isChargeable": true,
                  "amenityType": "TRAVEL_SERVICES",
                  "amenityProvider": {
                    "name": "BrandedFare"
                  }
                },
                {
                  "description": "BASIC SEAT",
                  "isChargeable": false,
                  "amenityType": "BRANDED_FARES",
                  "amenityProvider": {
                    "name": "BrandedFare"
                  }
                },
                {
                  "description": "MILEAGE ACCRUAL",
                  "isChargeable": false,
                  "amenityType": "BRANDED_FARES",
                  "amenityProvider": {
                    "name": "BrandedFare"
                  }
                }
              ]
            },
            {
              "segmentId": "10",
              "cabin": "ECONOMY",
              "fareBasis": "E07PCZC",
              "brandedFare": "ECP",
              "brandedFareLabel": "ECONOMY",
              "class": "E",
              "amenities": [
                {
                  "description": "UPTO100LB 45KG BAGGAGE",
                  "isChargeable": true,
                  "amenityType": "BAGGAGE",
                  "amenityProvider": {
                    "name": "BrandedFare"
                  }
                },
                {
                  "description": "FIRST CHECKED BAG",
                  "isChargeable": true,
                  "amenityType": "BAGGAGE",
                  "amenityProvider": {
                    "name": "BrandedFare"
                  }
                },
                {
                  "description": "SECOND CHECKED BAG",
                  "isChargeable": true,
                  "amenityType": "BAGGAGE",
                  "amenityProvider": {
                    "name": "BrandedFare"
                  }
                },
                {
                  "description": "PRE RESERVED SEAT ASSIGNMENT",
                  "isChargeable": false,
                  "amenityType": "PRE_RESERVED_SEAT",
                  "amenityProvider": {
                    "name": "BrandedFare"
                  }
                },
                {
                  "description": "PRIORITY BOARDING",
                  "isChargeable": true,
                  "amenityType": "TRAVEL_SERVICES",
                  "amenityProvider": {
                    "name": "BrandedFare"
                  }
                },
                {
                  "description": "BASIC SEAT",
                  "isChargeable": false,
                  "amenityType": "BRANDED_FARES",
                  "amenityProvider": {
                    "name": "BrandedFare"
                  }
                },
                {
                  "description": "MILEAGE ACCRUAL",
                  "isChargeable": false,
                  "amenityType": "BRANDED_FARES",
                  "amenityProvider": {
                    "name": "BrandedFare"
                  }
                }
              ]
            },
            {
              "segmentId": "11",
              "cabin": "ECONOMY",
              "fareBasis": "E07PCZC",
              "brandedFare": "ECP",
              "brandedFareLabel": "ECONOMY",
              "class": "E",
              "amenities": [
                {
                  "description": "UPTO100LB 45KG BAGGAGE",
                  "isChargeable": true,
                  "amenityType": "BAGGAGE",
                  "amenityProvider": {
                    "name": "BrandedFare"
                  }
                },
                {
                  "description": "FIRST CHECKED BAG",
                  "isChargeable": true,
                  "amenityType": "BAGGAGE",
                  "amenityProvider": {
                    "name": "BrandedFare"
                  }
                },
                {
                  "description": "SECOND CHECKED BAG",
                  "isChargeable": true,
                  "amenityType": "BAGGAGE",
                  "amenityProvider": {
                    "name": "BrandedFare"
                  }
                },
                {
                  "description": "PRE RESERVED SEAT ASSIGNMENT",
                  "isChargeable": false,
                  "amenityType": "PRE_RESERVED_SEAT",
                  "amenityProvider": {
                    "name": "BrandedFare"
                  }
                },
                {
                  "description": "PRIORITY BOARDING",
                  "isChargeable": true,
                  "amenityType": "TRAVEL_SERVICES",
                  "amenityProvider": {
                    "name": "BrandedFare"
                  }
                },
                {
                  "description": "BASIC SEAT",
                  "isChargeable": false,
                  "amenityType": "BRANDED_FARES",
                  "amenityProvider": {
                    "name": "BrandedFare"
                  }
                },
                {
                  "description": "MILEAGE ACCRUAL",
                  "isChargeable": false,
                  "amenityType": "BRANDED_FARES",
                  "amenityProvider": {
                    "name": "BrandedFare"
                  }
                }
              ]
            }
          ]
        }
      ],
      "validating_airline_codes": [
        "F9"
      ],
      "duration": "PT6H11M",
      "stops": 1,
      "airline_names": [
        "Frontier Airlines"
      ],
      "departure_time": "11:00 AM",
      "arrival_time": "10:00 AM",
      "formatted_duration": "6h 11m",
      "currency": "USD"
    },
    {
      "id": "6",
      "price": {
        "currency": "USD",
        "total": "238.99",
        "base": "184.79",
        "fees": [
          {
            "amount": "0.00",
            "type": "SUPPLIER"
          },
          {
            "amount": "0.00",
            "type": "TICKETING"
          }
        ],
        "grandTotal": "238.99"
      },
      "itineraries": [
        {
          "duration": "PT8H35M",
          "segments": [
            {
              "departure": {
                "iataCode": "JFK",
                "at": "2025-07-05T06:30:00"
              },
              "arrival": {
                "iataCode": "LAS",
                "terminal": "3",
                "at": "2025-07-05T09:12:00"
              },
              "carrierCode": "F9",
              "number": "3237",
              "aircraft": {
                "code": "32Q"
              },
              "operating": {
                "carrierCode": "F9"
              },
              "duration": "PT5H42M",
              "id": "4",
              "numberOfStops": 0,
              "blacklistedInEU": false
            },
            {
              "departure": {
                "iataCode": "LAS",
                "terminal": "3",
                "at": "2025-07-05T10:41:00"
              },
              "arrival": {
                "iataCode": "LAX",
                "terminal": "1",
                "at": "2025-07-05T12:05:00"
              },
              "carrierCode": "F9",
              "number": "3291",
              "aircraft": {
                "code": "32Q"
              },
              "operating": {
                "carrierCode": "F9"
              },
              "duration": "PT1H24M",
              "id": "5",
              "numberOfStops": 0,
              "blacklistedInEU": false
            }
          ]
        },
        {
          "duration": "PT5H40M",
          "segments": [
            {
              "departure": {
                "iataCode": "LAX",
                "terminal": "1",
                "at": "2025-07-12T21:20:00"
              },
              "arrival": {
                "iataCode": "JFK",
                "at": "2025-07-13T06:00:00"
              },
              "carrierCode": "F9",
              "number": "2504",
              "aircraft": {
                "code": "32Q"
              },
              "operating": {
                "carrierCode": "F9"
              },
              "duration": "PT5H40M",
              "id": "18",
              "numberOfStops": 0,
              "blacklistedInEU": false
            }
          ]
        }
      ],
      "traveler_pricings": [
        {
          "travelerId": "1",
          "fareOption": "STANDARD",
          "travelerType": "ADULT",
          "price": {
            "currency": "USD",
            "total": "238.99",
            "base": "184.79"
          },
          "fareDetailsBySegment": [
            {
              "segmentId": "4",
              "cabin": "ECONOMY",
              "fareBasis": "E07PCZC",
              "brandedFare": "ECP",
              "brandedFareLabel": "ECONOMY",
              "class": "E",
              "amenities": [
                {
                  "description": "UPTO100LB 45KG BAGGAGE",
                  "isChargeable": true,
                  "amenityType": "BAGGAGE",
                  "amenityProvider": {
                    "name": "BrandedFare"
                  }
                },
                {
                  "description": "FIRST CHECKED BAG",
                  "isChargeable": true,
                  "amenityType": "BAGGAGE",
                  "amenityProvider": {
                    "name": "BrandedFare"
                  }
                },
                {
                  "description": "SECOND CHECKED BAG",
                  "isChargeable": true,
                  "amenityType": "BAGGAGE",
                  "amenityProvider": {
                    "name": "BrandedFare"
                  }
                },
                {
                  "description": "PRE RESERVED SEAT ASSIGNMENT",
                  "isChargeable": false,
                  "amenityType": "PRE_RESERVED_SEAT",
                  "amenityProvider": {
                    "name": "BrandedFare"
                  }
                },
                {
                  "description": "PRIORITY BOARDING",
                  "isChargeable": true,
                  "amenityType": "TRAVEL_SERVICES",
                  "amenityProvider": {
                    "name": "BrandedFare"
                  }
                },
                {
                  "description": "BASIC SEAT",
                  "isChargeable": false,
                  "amenityType": "BRANDED_FARES",
                  "amenityProvider": {
                    "name": "BrandedFare"
                  }
                },
                {
                  "description": "MILEAGE ACCRUAL",
                  "isChargeable": false,
                  "amenityType": "BRANDED_FARES",
                  "amenityProvider": {
                    "name": "BrandedFare"
                  }
                }
              ]
            },
            {
              "segmentId": "5",
              "cabin": "ECONOMY",
              "fareBasis": "E07PCZC",
              "brandedFare": "ECP",
              "brandedFareLabel": "ECONOMY",
              "class": "E",
              "amenities": [
                {
                  "description": "UPTO100LB 45KG BAGGAGE",
                  "isChargeable": true,
                  "amenityType": "BAGGAGE",
                  "amenityProvider": {
                    "name": "BrandedFare"
                  }
                },
                {
                  "description": "FIRST CHECKED BAG",
                  "isChargeable": true,
                  "amenityType": "BAGGAGE",
                  "amenityProvider": {
                    "name": "BrandedFare"
                  }
                },
                {
                  "description": "SECOND CHECKED BAG",
                  "isChargeable": true,
                  "amenityType": "BAGGAGE",
                  "amenityProvider": {
                    "name": "BrandedFare"
                  }
                },
                {
                  "description": "PRE RESERVED SEAT ASSIGNMENT",
                  "isChargeable": false,
                  "amenityType": "PRE_RESERVED_SEAT",
                  "amenityProvider": {
                    "name": "BrandedFare"
                  }
                },
                {
                  "description": "PRIORITY BOARDING",
                  "isChargeable": true,
                  "amenityType": "TRAVEL_SERVICES",
                  "amenityProvider": {
                    "name": "BrandedFare"
                  }
                },
                {
                  "description": "BASIC SEAT",
                  "isChargeable": false,
                  "amenityType": "BRANDED_FARES",
                  "amenityProvider": {
                    "name": "BrandedFare"
                  }
                },
                {
                  "description": "MILEAGE ACCRUAL",
                  "isChargeable": false,
                  "amenityType": "BRANDED_FARES",
                  "amenityProvider": {
                    "name": "BrandedFare"
                  }
                }
              ]
            },
            {
              "segmentId": "18",
              "cabin": "ECONOMY",
              "fareBasis": "Q21PBZN",
              "brandedFare": "ECP",
              "brandedFareLabel": "ECONOMY",
              "class": "Q",
              "amenities": [
                {
                  "description": "UPTO100LB 45KG BAGGAGE",
                  "isChargeable": true,
                  "amenityType": "BAGGAGE",
                  "amenityProvider": {
                    "name": "BrandedFare"
                  }
                },
                {
                  "description": "FIRST CHECKED BAG",
                  "isChargeable": true,
                  "amenityType": "BAGGAGE",
                  "amenityProvider": {
                    "name": "BrandedFare"
                  }
                },
                {
                  "description": "SECOND CHECKED BAG",
                  "isChargeable": true,
                  "amenityType": "BAGGAGE",
                  "amenityProvider": {
                    "name": "BrandedFare"
                  }
                },
                {
                  "description": "PRE RESERVED SEAT ASSIGNMENT",
                  "isChargeable": false,
                  "amenityType": "PRE_RESERVED_SEAT",
                  "amenityProvider": {
                    "name": "BrandedFare"
                  }
                },
                {
                  "description": "PRIORITY BOARDING",
                  "isChargeable": true,
                  "amenityType": "TRAVEL_SERVICES",
                  "amenityProvider": {
                    "name": "BrandedFare"
                  }
                },
                {
                  "description": "BASIC SEAT",
                  "isChargeable": false,
                  "amenityType": "BRANDED_FARES",
                  "amenityProvider": {
                    "name": "BrandedFare"
                  }
                },
                {
                  "description": "MILEAGE ACCRUAL",
                  "isChargeable": false,
                  "amenityType": "BRANDED_FARES",
                  "amenityProvider": {
                    "name": "BrandedFare"
                  }
                }
              ]
            }
          ]
        }
      ],
      "validating_airline_codes": [
        "F9"
      ],
      "duration": "PT8H35M",
      "stops": 1,
      "airline_names": [
        "Frontier Airlines"
      ],
      "departure_time": "06:30 AM",
      "arrival_time": "06:00 AM",
      "formatted_duration": "8h 35m",
      "currency": "USD"
    },
    {
      "id": "7",
      "price": {
        "currency": "USD",
        "total": "238.99",
        "base": "184.79",
        "fees": [
          {
            "amount": "0.00",
            "type": "SUPPLIER"
          },
          {
            "amount": "0.00",
            "type": "TICKETING"
          }
        ],
        "grandTotal": "238.99"
      },
      "itineraries": [
        {
          "duration": "PT13H35M",
          "segments": [
            {
              "departure": {
                "iataCode": "JFK",
                "at": "2025-07-05T11:00:00"
              },
              "arrival": {
                "iataCode": "ATL",
                "terminal": "N",
                "at": "2025-07-05T13:28:00"
              },
              "carrierCode": "F9",
              "number": "1871",
              "aircraft": {
                "code": "32Q"
              },
              "operating": {
                "carrierCode": "F9"
              },
              "duration": "PT2H28M",
              "id": "6",
              "numberOfStops": 0,
              "blacklistedInEU": false
            },
            {
              "departure": {
                "iataCode": "ATL",
                "terminal": "N",
                "at": "2025-07-05T20:00:00"
              },
              "arrival": {
                "iataCode": "LAX",
                "terminal": "1",
                "at": "2025-07-05T21:35:00"
              },
              "carrierCode": "F9",
              "number": "3215",
              "aircraft": {
                "code": "32Q"
              },
              "operating": {
                "carrierCode": "F9"
              },
              "duration": "PT4H35M",
              "id": "7",
              "numberOfStops": 0,
              "blacklistedInEU": false
            }
          ]
        },
        {
          "duration": "PT5H40M",
          "segments": [
            {
              "departure": {
                "iataCode": "LAX",
                "terminal": "1",
                "at": "2025-07-12T21:20:00"
              },
              "arrival": {
                "iataCode": "JFK",
                "at": "2025-07-13T06:00:00"
              },
              "carrierCode": "F9",
              "number": "2504",
              "aircraft": {
                "code": "32Q"
              },
              "operating": {
                "carrierCode": "F9"
              },
              "duration": "PT5H40M",
              "id": "18",
              "numberOfStops": 0,
              "blacklistedInEU": false
            }
          ]
        }
      ],
      "traveler_pricings": [
        {
          "travelerId": "1",
          "fareOption": "STANDARD",
          "travelerType": "ADULT",
          "price": {
            "currency": "USD",
            "total": "238.99",
            "base": "184.79"
          },
          "fareDetailsBySegment": [
            {
              "segmentId": "6",
              "cabin": "ECONOMY",
              "fareBasis": "E07PCZC",
              "brandedFare": "ECP",
              "brandedFareLabel": "ECONOMY",
              "class": "E",
              "amenities": [
                {
                  "description": "UPTO100LB 45KG BAGGAGE",
                  "isChargeable": true,
                  "amenityType": "BAGGAGE",
                  "amenityProvider": {
                    "name": "BrandedFare"
                  }
                },
                {
                  "description": "FIRST CHECKED BAG",
                  "isChargeable": true,
                  "amenityType": "BAGGAGE",
                  "amenityProvider": {
                    "name": "BrandedFare"
                  }
                },
                {
                  "description": "SECOND CHECKED BAG",
                  "isChargeable": true,
                  "amenityType": "BAGGAGE",
                  "amenityProvider": {
                    "name": "BrandedFare"
                  }
                },
                {
                  "description": "PRE RESERVED SEAT ASSIGNMENT",
                  "isChargeable": false,
                  "amenityType": "PRE_RESERVED_SEAT",
                  "amenityProvider": {
                    "name": "BrandedFare"
                  }
                },
                {
                  "description": "PRIORITY BOARDING",
                  "isChargeable": true,
                  "amenityType": "TRAVEL_SERVICES",
                  "amenityProvider": {
                    "name": "BrandedFare"
                  }
                },
                {
                  "description": "BASIC SEAT",
                  "isChargeable": false,
                  "amenityType": "BRANDED_FARES",
                  "amenityProvider": {
                    "name": "BrandedFare"
                  }
                },
                {
                  "description": "MILEAGE ACCRUAL",
                  "isChargeable": false,
                  "amenityType": "BRANDED_FARES",
                  "amenityProvider": {
                    "name": "BrandedFare"
                  }
                }
              ]
            },
            {
              "segmentId": "7",
              "cabin": "ECONOMY",
              "fareBasis": "E07PCZC",
              "brandedFare": "ECP",
              "brandedFareLabel": "ECONOMY",
              "class": "E",
              "amenities": [
                {
                  "description": "UPTO100LB 45KG BAGGAGE",
                  "isChargeable": true,
                  "amenityType": "BAGGAGE",
                  "amenityProvider": {
                    "name": "BrandedFare"
                  }
                },
                {
                  "description": "FIRST CHECKED BAG",
                  "isChargeable": true,
                  "amenityType": "BAGGAGE",
                  "amenityProvider": {
                    "name": "BrandedFare"
                  }
                },
                {
                  "description": "SECOND CHECKED BAG",
                  "isChargeable": true,
                  "amenityType": "BAGGAGE",
                  "amenityProvider": {
                    "name": "BrandedFare"
                  }
                },
                {
                  "description": "PRE RESERVED SEAT ASSIGNMENT",
                  "isChargeable": false,
                  "amenityType": "PRE_RESERVED_SEAT",
                  "amenityProvider": {
                    "name": "BrandedFare"
                  }
                },
                {
                  "description": "PRIORITY BOARDING",
                  "isChargeable": true,
                  "amenityType": "TRAVEL_SERVICES",
                  "amenityProvider": {
                    "name": "BrandedFare"
                  }
                },
                {
                  "description": "BASIC SEAT",
                  "isChargeable": false,
                  "amenityType": "BRANDED_FARES",
                  "amenityProvider": {
                    "name": "BrandedFare"
                  }
                },
                {
                  "description": "MILEAGE ACCRUAL",
                  "isChargeable": false,
                  "amenityType": "BRANDED_FARES",
                  "amenityProvider": {
                    "name": "BrandedFare"
                  }
                }
              ]
            },
            {
              "segmentId": "18",
              "cabin": "ECONOMY",
              "fareBasis": "Q21PBZN",
              "brandedFare": "ECP",
              "brandedFareLabel": "ECONOMY",
              "class": "Q",
              "amenities": [
                {
                  "description": "UPTO100LB 45KG BAGGAGE",
                  "isChargeable": true,
                  "amenityType": "BAGGAGE",
                  "amenityProvider": {
                    "name": "BrandedFare"
                  }
                },
                {
                  "description": "FIRST CHECKED BAG",
                  "isChargeable": true,
                  "amenityType": "BAGGAGE",
                  "amenityProvider": {
                    "name": "BrandedFare"
                  }
                },
                {
                  "description": "SECOND CHECKED BAG",
                  "isChargeable": true,
                  "amenityType": "BAGGAGE",
                  "amenityProvider": {
                    "name": "BrandedFare"
                  }
                },
                {
                  "description": "PRE RESERVED SEAT ASSIGNMENT",
                  "isChargeable": false,
                  "amenityType": "PRE_RESERVED_SEAT",
                  "amenityProvider": {
                    "name": "BrandedFare"
                  }
                },
                {
                  "description": "PRIORITY BOARDING",
                  "isChargeable": true,
                  "amenityType": "TRAVEL_SERVICES",
                  "amenityProvider": {
                    "name": "BrandedFare"
                  }
                },
                {
                  "description": "BASIC SEAT",
                  "isChargeable": false,
                  "amenityType": "BRANDED_FARES",
                  "amenityProvider": {
                    "name": "BrandedFare"
                  }
                },
                {
                  "description": "MILEAGE ACCRUAL",
                  "isChargeable": false,
                  "amenityType": "BRANDED_FARES",
                  "amenityProvider": {
                    "name": "BrandedFare"
                  }
                }
              ]
            }
          ]
        }
      ],
      "validating_airline_codes": [
        "F9"
      ],
      "duration": "PT13H35M",
      "stops": 1,
      "airline_names": [
        "Frontier Airlines"
      ],
      "departure_time": "11:00 AM",
      "arrival_time": "06:00 AM",
      "formatted_duration": "13h 35m",
      "currency": "USD"
    },
    {
      "id": "8",
      "price": {
        "currency": "USD",
        "total": "238.99",
        "base": "184.79",
        "fees": [
          {
            "amount": "0.00",
            "type": "SUPPLIER"
          },
          {
            "amount": "0.00",
            "type": "TICKETING"
          }
        ],
        "grandTotal": "238.99"
      },
      "itineraries": [
        {
          "duration": "PT13H49M",
          "segments": [
            {
              "departure": {
                "iataCode": "JFK",
                "at": "2025-07-05T06:59:00"
              },
              "arrival": {
                "iataCode": "MCO",
                "at": "2025-07-05T09:54:00"
              },
              "carrierCode": "F9",
              "number": "4871",
              "aircraft": {
                "code": "32Q"
              },
              "operating": {
                "carrierCode": "F9"
              },
              "duration": "PT2H55M",
              "id": "8",
              "numberOfStops": 0,
              "blacklistedInEU": false
            },
            {
              "departure": {
                "iataCode": "MCO",
                "at": "2025-07-05T15:41:00"
              },
              "arrival": {
                "iataCode": "LAX",
                "terminal": "1",
                "at": "2025-07-05T17:48:00"
              },
              "carrierCode": "F9",
              "number": "4145",
              "aircraft": {
                "code": "32Q"
              },
              "operating": {
                "carrierCode": "F9"
              },
              "duration": "PT5H7M",
              "id": "9",
              "numberOfStops": 0,
              "blacklistedInEU": false
            }
          ]
        },
        {
          "duration": "PT5H40M",
          "segments": [
            {
              "departure": {
                "iataCode": "LAX",
                "terminal": "1",
                "at": "2025-07-12T21:20:00"
              },
              "arrival": {
                "iataCode": "JFK",
                "at": "2025-07-13T06:00:00"
              },
              "carrierCode": "F9",
              "number": "2504",
              "aircraft": {
                "code": "32Q"
              },
              "operating": {
                "carrierCode": "F9"
              },
              "duration": "PT5H40M",
              "id": "18",
              "numberOfStops": 0,
              "blacklistedInEU": false
            }
          ]
        }
      ],
      "traveler_pricings": [
        {
          "travelerId": "1",
          "fareOption": "STANDARD",
          "travelerType": "ADULT",
          "price": {
            "currency": "USD",
            "total": "238.99",
            "base": "184.79"
          },
          "fareDetailsBySegment": [
            {
              "segmentId": "8",
              "cabin": "ECONOMY",
              "fareBasis": "E07PCZC",
              "brandedFare": "ECP",
              "brandedFareLabel": "ECONOMY",
              "class": "E",
              "amenities": [
                {
                  "description": "UPTO100LB 45KG BAGGAGE",
                  "isChargeable": true,
                  "amenityType": "BAGGAGE",
                  "amenityProvider": {
                    "name": "BrandedFare"
                  }
                },
                {
                  "description": "FIRST CHECKED BAG",
                  "isChargeable": true,
                  "amenityType": "BAGGAGE",
                  "amenityProvider": {
                    "name": "BrandedFare"
                  }
                },
                {
                  "description": "SECOND CHECKED BAG",
                  "isChargeable": true,
                  "amenityType": "BAGGAGE",
                  "amenityProvider": {
                    "name": "BrandedFare"
                  }
                },
                {
                  "description": "PRE RESERVED SEAT ASSIGNMENT",
                  "isChargeable": false,
                  "amenityType": "PRE_RESERVED_SEAT",
                  "amenityProvider": {
                    "name": "BrandedFare"
                  }
                },
                {
                  "description": "PRIORITY BOARDING",
                  "isChargeable": true,
                  "amenityType": "TRAVEL_SERVICES",
                  "amenityProvider": {
                    "name": "BrandedFare"
                  }
                },
                {
                  "description": "BASIC SEAT",
                  "isChargeable": false,
                  "amenityType": "BRANDED_FARES",
                  "amenityProvider": {
                    "name": "BrandedFare"
                  }
                },
                {
                  "description": "MILEAGE ACCRUAL",
                  "isChargeable": false,
                  "amenityType": "BRANDED_FARES",
                  "amenityProvider": {
                    "name": "BrandedFare"
                  }
                }
              ]
            },
            {
              "segmentId": "9",
              "cabin": "ECONOMY",
              "fareBasis": "E07PCZC",
              "brandedFare": "ECP",
              "brandedFareLabel": "ECONOMY",
              "class": "E",
              "amenities": [
                {
                  "description": "UPTO100LB 45KG BAGGAGE",
                  "isChargeable": true,
                  "amenityType": "BAGGAGE",
                  "amenityProvider": {
                    "name": "BrandedFare"
                  }
                },
                {
                  "description": "FIRST CHECKED BAG",
                  "isChargeable": true,
                  "amenityType": "BAGGAGE",
                  "amenityProvider": {
                    "name": "BrandedFare"
                  }
                },
                {
                  "description": "SECOND CHECKED BAG",
                  "isChargeable": true,
                  "amenityType": "BAGGAGE",
                  "amenityProvider": {
                    "name": "BrandedFare"
                  }
                },
                {
                  "description": "PRE RESERVED SEAT ASSIGNMENT",
                  "isChargeable": false,
                  "amenityType": "PRE_RESERVED_SEAT",
                  "amenityProvider": {
                    "name": "BrandedFare"
                  }
                },
                {
                  "description": "PRIORITY BOARDING",
                  "isChargeable": true,
                  "amenityType": "TRAVEL_SERVICES",
                  "amenityProvider": {
                    "name": "BrandedFare"
                  }
                },
                {
                  "description": "BASIC SEAT",
                  "isChargeable": false,
                  "amenityType": "BRANDED_FARES",
                  "amenityProvider": {
                    "name": "BrandedFare"
                  }
                },
                {
                  "description": "MILEAGE ACCRUAL",
                  "isChargeable": false,
                  "amenityType": "BRANDED_FARES",
                  "amenityProvider": {
                    "name": "BrandedFare"
                  }
                }
              ]
            },
            {
              "segmentId": "18",
              "cabin": "ECONOMY",
              "fareBasis": "Q21PBZN",
              "brandedFare": "ECP",
              "brandedFareLabel": "ECONOMY",
              "class": "Q",
              "amenities": [
                {
                  "description": "UPTO100LB 45KG BAGGAGE",
                  "isChargeable": true,
                  "amenityType": "BAGGAGE",
                  "amenityProvider": {
                    "name": "BrandedFare"
                  }
                },
                {
                  "description": "FIRST CHECKED BAG",
                  "isChargeable": true,
                  "amenityType": "BAGGAGE",
                  "amenityProvider": {
                    "name": "BrandedFare"
                  }
                },
                {
                  "description": "SECOND CHECKED BAG",
                  "isChargeable": true,
                  "amenityType": "BAGGAGE",
                  "amenityProvider": {
                    "name": "BrandedFare"
                  }
                },
                {
                  "description": "PRE RESERVED SEAT ASSIGNMENT",
                  "isChargeable": false,
                  "amenityType": "PRE_RESERVED_SEAT",
                  "amenityProvider": {
                    "name": "BrandedFare"
                  }
                },
                {
                  "description": "PRIORITY BOARDING",
                  "isChargeable": true,
                  "amenityType": "TRAVEL_SERVICES",
                  "amenityProvider": {
                    "name": "BrandedFare"
                  }
                },
                {
                  "description": "BASIC SEAT",
                  "isChargeable": false,
                  "amenityType": "BRANDED_FARES",
                  "amenityProvider": {
                    "name": "BrandedFare"
                  }
                },
                {
                  "description": "MILEAGE ACCRUAL",
                  "isChargeable": false,
                  "amenityType": "BRANDED_FARES",
                  "amenityProvider": {
                    "name": "BrandedFare"
                  }
                }
              ]
            }
          ]
        }
      ],
      "validating_airline_codes": [
        "F9"
      ],
      "duration": "PT13H49M",
      "stops": 1,
      "airline_names": [
        "Frontier Airlines"
      ],
      "departure_time": "06:59 AM",
      "arrival_time": "06:00 AM",
      "formatted_duration": "13h 49m",
      "currency": "USD"
    }
  ],
  "count": 8
}
✅ Test passed

================================================================================
Running test: Smart Flight Search with Near-future Dates (June 2025)
URL: https://cfde3e21-8cc7-4f92-8e99-3e2b8a582569.preview.emergentagent.com/api/flights/search-smart
Method: POST
Request data: {
  "origin": "NYC",
  "destination": "LAX",
  "departureDate": "2025-06-20",
  "returnDate": "2025-06-25",
  "adults": 1,
  "travelClass": "ECONOMY",
  "smart_features": {
    "sustainabilityMode": true,
    "budgetIntelligence": true,
    "moodBasedSuggestions": true
  },
  "budget_context": {
    "total": 2000,
    "flight_percentage": 40
  }
}
Response time: 4.47 seconds
Response data: {
  "success": true,
  "flights": [
    {
      "id": "1",
      "price": {
        "currency": "USD",
        "total": "179.96",
        "base": "138.96",
        "fees": [
          {
            "amount": "0.00",
            "type": "SUPPLIER"
          },
          {
            "amount": "0.00",
            "type": "TICKETING"
          }
        ],
        "grandTotal": "179.96"
      },
      "itineraries": [
        {
          "duration": "PT5H54M",
          "segments": [
            {
              "departure": {
                "iataCode": "EWR",
                "terminal": "B",
                "at": "2025-06-20T14:59:00"
              },
              "arrival": {
                "iataCode": "LAX",
                "terminal": "5",
                "at": "2025-06-20T17:53:00"
              },
              "carrierCode": "NK",
              "number": "418",
              "aircraft": {
                "code": "32Q"
              },
              "operating": {
                "carrierCode": "NK"
              },
              "duration": "PT5H54M",
              "id": "1",
              "numberOfStops": 0,
              "blacklistedInEU": false
            }
          ]
        },
        {
          "duration": "PT5H29M",
          "segments": [
            {
              "departure": {
                "iataCode": "LAX",
                "terminal": "5",
                "at": "2025-06-25T05:25:00"
              },
              "arrival": {
                "iataCode": "EWR",
                "terminal": "B",
                "at": "2025-06-25T13:54:00"
              },
              "carrierCode": "NK",
              "number": "417",
              "aircraft": {
                "code": "32Q"
              },
              "operating": {
                "carrierCode": "NK"
              },
              "duration": "PT5H29M",
              "id": "12",
              "numberOfStops": 0,
              "blacklistedInEU": false
            }
          ]
        }
      ],
      "traveler_pricings": [
        {
          "travelerId": "1",
          "fareOption": "STANDARD",
          "travelerType": "ADULT",
          "price": {
            "currency": "USD",
            "total": "179.96",
            "base": "138.96"
          },
          "fareDetailsBySegment": [
            {
              "segmentId": "1",
              "cabin": "ECONOMY",
              "fareBasis": "UA14NR",
              "class": "U",
              "includedCheckedBags": {
                "quantity": 0
              }
            },
            {
              "segmentId": "12",
              "cabin": "ECONOMY",
              "fareBasis": "UA14NR",
              "class": "U",
              "includedCheckedBags": {
                "quantity": 0
              }
            }
          ]
        }
      ],
      "validating_airline_codes": [
        "NK"
      ],
      "duration": "PT5H54M",
      "stops": 0,
      "airline_names": [
        "Spirit Airlines"
      ],
      "departure_time": "02:59 PM",
      "arrival_time": "01:54 PM",
      "formatted_duration": "5h 54m",
      "currency": "USD",
      "sustainability_score": 98,
      "carbon_footprint": 250.0,
      "budget_fit": "excellent",
      "mood_score": 75
    },
    {
      "id": "2",
      "price": {
        "currency": "USD",
        "total": "214.88",
        "base": "166.58",
        "fees": [
          {
            "amount": "0.00",
            "type": "SUPPLIER"
          },
          {
            "amount": "0.00",
            "type": "TICKETING"
          }
        ],
        "grandTotal": "214.88"
      },
      "itineraries": [
        {
          "duration": "PT5H54M",
          "segments": [
            {
              "departure": {
                "iataCode": "EWR",
                "terminal": "B",
                "at": "2025-06-20T14:59:00"
              },
              "arrival": {
                "iataCode": "LAX",
                "terminal": "5",
                "at": "2025-06-20T17:53:00"
              },
              "carrierCode": "NK",
              "number": "418",
              "aircraft": {
                "code": "32Q"
              },
              "operating": {
                "carrierCode": "NK"
              },
              "duration": "PT5H54M",
              "id": "1",
              "numberOfStops": 0,
              "blacklistedInEU": false
            }
          ]
        },
        {
          "duration": "PT8H1M",
          "segments": [
            {
              "departure": {
                "iataCode": "LAX",
                "terminal": "5",
                "at": "2025-06-25T23:00:00"
              },
              "arrival": {
                "iataCode": "IAH",
                "terminal": "A",
                "at": "2025-06-26T04:20:00"
              },
              "carrierCode": "NK",
              "number": "326",
              "aircraft": {
                "code": "32N"
              },
              "operating": {
                "carrierCode": "NK"
              },
              "duration": "PT3H20M",
              "id": "4",
              "numberOfStops": 0,
              "blacklistedInEU": false
            },
            {
              "departure": {
                "iataCode": "IAH",
                "terminal": "A",
                "at": "2025-06-26T05:30:00"
              },
              "arrival": {
                "iataCode": "LGA",
                "terminal": "A",
                "at": "2025-06-26T10:01:00"
              },
              "carrierCode": "NK",
              "number": "476",
              "aircraft": {
                "code": "32N"
              },
              "operating": {
                "carrierCode": "NK"
              },
              "duration": "PT3H31M",
              "id": "5",
              "numberOfStops": 0,
              "blacklistedInEU": false
            }
          ]
        }
      ],
      "traveler_pricings": [
        {
          "travelerId": "1",
          "fareOption": "STANDARD",
          "travelerType": "ADULT",
          "price": {
            "currency": "USD",
            "total": "214.88",
            "base": "166.58"
          },
          "fareDetailsBySegment": [
            {
              "segmentId": "1",
              "cabin": "ECONOMY",
              "fareBasis": "UA14NR",
              "class": "U",
              "includedCheckedBags": {
                "quantity": 0
              }
            },
            {
              "segmentId": "4",
              "cabin": "ECONOMY",
              "fareBasis": "UA14NR",
              "class": "U",
              "includedCheckedBags": {
                "quantity": 0
              }
            },
            {
              "segmentId": "5",
              "cabin": "ECONOMY",
              "fareBasis": "GA21NR",
              "class": "G",
              "includedCheckedBags": {
                "quantity": 0
              }
            }
          ]
        }
      ],
      "validating_airline_codes": [
        "NK"
      ],
      "duration": "PT5H54M",
      "stops": 1,
      "airline_names": [
        "Spirit Airlines"
      ],
      "departure_time": "02:59 PM",
      "arrival_time": "10:01 AM",
      "formatted_duration": "5h 54m",
      "currency": "USD",
      "sustainability_score": 75,
      "carbon_footprint": 300.0,
      "budget_fit": "excellent",
      "mood_score": 72
    },
    {
      "id": "3",
      "price": {
        "currency": "USD",
        "total": "220.48",
        "base": "166.58",
        "fees": [
          {
            "amount": "0.00",
            "type": "SUPPLIER"
          },
          {
            "amount": "0.00",
            "type": "TICKETING"
          }
        ],
        "grandTotal": "220.48"
      },
      "itineraries": [
        {
          "duration": "PT5H54M",
          "segments": [
            {
              "departure": {
                "iataCode": "EWR",
                "terminal": "B",
                "at": "2025-06-20T14:59:00"
              },
              "arrival": {
                "iataCode": "LAX",
                "terminal": "5",
                "at": "2025-06-20T17:53:00"
              },
              "carrierCode": "NK",
              "number": "418",
              "aircraft": {
                "code": "32Q"
              },
              "operating": {
                "carrierCode": "NK"
              },
              "duration": "PT5H54M",
              "id": "1",
              "numberOfStops": 0,
              "blacklistedInEU": false
            }
          ]
        },
        {
          "duration": "PT12H4M",
          "segments": [
            {
              "departure": {
                "iataCode": "LAX",
                "terminal": "5",
                "at": "2025-06-25T18:57:00"
              },
              "arrival": {
                "iataCode": "IAH",
                "terminal": "A",
                "at": "2025-06-26T00:19:00"
              },
              "carrierCode": "NK",
              "number": "804",
              "aircraft": {
                "code": "32A"
              },
              "operating": {
                "carrierCode": "NK"
              },
              "duration": "PT3H22M",
              "id": "6",
              "numberOfStops": 0,
              "blacklistedInEU": false
            },
            {
              "departure": {
                "iataCode": "IAH",
                "terminal": "A",
                "at": "2025-06-26T05:30:00"
              },
              "arrival": {
                "iataCode": "LGA",
                "terminal": "A",
                "at": "2025-06-26T10:01:00"
              },
              "carrierCode": "NK",
              "number": "476",
              "aircraft": {
                "code": "32N"
              },
              "operating": {
                "carrierCode": "NK"
              },
              "duration": "PT3H31M",
              "id": "7",
              "numberOfStops": 0,
              "blacklistedInEU": false
            }
          ]
        }
      ],
      "traveler_pricings": [
        {
          "travelerId": "1",
          "fareOption": "STANDARD",
          "travelerType": "ADULT",
          "price": {
            "currency": "USD",
            "total": "220.48",
            "base": "166.58"
          },
          "fareDetailsBySegment": [
            {
              "segmentId": "1",
              "cabin": "ECONOMY",
              "fareBasis": "UA14NR",
              "class": "U",
              "includedCheckedBags": {
                "quantity": 0
              }
            },
            {
              "segmentId": "6",
              "cabin": "ECONOMY",
              "fareBasis": "UA14NR",
              "class": "U",
              "includedCheckedBags": {
                "quantity": 0
              }
            },
            {
              "segmentId": "7",
              "cabin": "ECONOMY",
              "fareBasis": "GA21NR",
              "class": "G",
              "includedCheckedBags": {
                "quantity": 0
              }
            }
          ]
        }
      ],
      "validating_airline_codes": [
        "NK"
      ],
      "duration": "PT5H54M",
      "stops": 1,
      "airline_names": [
        "Spirit Airlines"
      ],
      "departure_time": "02:59 PM",
      "arrival_time": "10:01 AM",
      "formatted_duration": "5h 54m",
      "currency": "USD",
      "sustainability_score": 87,
      "carbon_footprint": 300.0,
      "budget_fit": "excellent",
      "mood_score": 66
    },
    {
      "id": "4",
      "price": {
        "currency": "USD",
        "total": "222.65",
        "base": "169.65",
        "fees": [
          {
            "amount": "0.00",
            "type": "SUPPLIER"
          },
          {
            "amount": "0.00",
            "type": "TICKETING"
          }
        ],
        "grandTotal": "222.65"
      },
      "itineraries": [
        {
          "duration": "PT5H54M",
          "segments": [
            {
              "departure": {
                "iataCode": "EWR",
                "terminal": "B",
                "at": "2025-06-20T14:59:00"
              },
              "arrival": {
                "iataCode": "LAX",
                "terminal": "5",
                "at": "2025-06-20T17:53:00"
              },
              "carrierCode": "NK",
              "number": "418",
              "aircraft": {
                "code": "32Q"
              },
              "operating": {
                "carrierCode": "NK"
              },
              "duration": "PT5H54M",
              "id": "1",
              "numberOfStops": 0,
              "blacklistedInEU": false
            }
          ]
        },
        {
          "duration": "PT7H26M",
          "segments": [
            {
              "departure": {
                "iataCode": "LAX",
                "terminal": "5",
                "at": "2025-06-25T20:30:00"
              },
              "arrival": {
                "iataCode": "LAS",
                "terminal": "1",
                "at": "2025-06-25T21:53:00"
              },
              "carrierCode": "NK",
              "number": "473",
              "aircraft": {
                "code": "32N"
              },
              "operating": {
                "carrierCode": "NK"
              },
              "duration": "PT1H23M",
              "id": "10",
              "numberOfStops": 0,
              "blacklistedInEU": false
            },
            {
              "departure": {
                "iataCode": "LAS",
                "terminal": "1",
                "at": "2025-06-25T23:00:00"
              },
              "arrival": {
                "iataCode": "EWR",
                "terminal": "B",
                "at": "2025-06-26T06:56:00"
              },
              "carrierCode": "NK",
              "number": "1806",
              "aircraft": {
                "code": "32N"
              },
              "operating": {
                "carrierCode": "NK"
              },
              "duration": "PT4H56M",
              "id": "11",
              "numberOfStops": 0,
              "blacklistedInEU": false
            }
          ]
        }
      ],
      "traveler_pricings": [
        {
          "travelerId": "1",
          "fareOption": "STANDARD",
          "travelerType": "ADULT",
          "price": {
            "currency": "USD",
            "total": "222.65",
            "base": "169.65"
          },
          "fareDetailsBySegment": [
            {
              "segmentId": "1",
              "cabin": "ECONOMY",
              "fareBasis": "UA14NR",
              "class": "U",
              "includedCheckedBags": {
                "quantity": 0
              }
            },
            {
              "segmentId": "10",
              "cabin": "ECONOMY",
              "fareBasis": "UA14NR",
              "class": "U",
              "includedCheckedBags": {
                "quantity": 0
              }
            },
            {
              "segmentId": "11",
              "cabin": "ECONOMY",
              "fareBasis": "UA14NR",
              "class": "U",
              "includedCheckedBags": {
                "quantity": 0
              }
            }
          ]
        }
      ],
      "validating_airline_codes": [
        "NK"
      ],
      "duration": "PT5H54M",
      "stops": 1,
      "airline_names": [
        "Spirit Airlines"
      ],
      "departure_time": "02:59 PM",
      "arrival_time": "06:56 AM",
      "formatted_duration": "5h 54m",
      "currency": "USD",
      "sustainability_score": 68,
      "carbon_footprint": 300.0,
      "budget_fit": "excellent",
      "mood_score": 83
    },
    {
      "id": "5",
      "price": {
        "currency": "USD",
        "total": "222.65",
        "base": "169.65",
        "fees": [
          {
            "amount": "0.00",
            "type": "SUPPLIER"
          },
          {
            "amount": "0.00",
            "type": "TICKETING"
          }
        ],
        "grandTotal": "222.65"
      },
      "itineraries": [
        {
          "duration": "PT5H54M",
          "segments": [
            {
              "departure": {
                "iataCode": "EWR",
                "terminal": "B",
                "at": "2025-06-20T14:59:00"
              },
              "arrival": {
                "iataCode": "LAX",
                "terminal": "5",
                "at": "2025-06-20T17:53:00"
              },
              "carrierCode": "NK",
              "number": "418",
              "aircraft": {
                "code": "32Q"
              },
              "operating": {
                "carrierCode": "NK"
              },
              "duration": "PT5H54M",
              "id": "1",
              "numberOfStops": 0,
              "blacklistedInEU": false
            }
          ]
        },
        {
          "duration": "PT10H48M",
          "segments": [
            {
              "departure": {
                "iataCode": "LAX",
                "terminal": "5",
                "at": "2025-06-25T22:59:00"
              },
              "arrival": {
                "iataCode": "DFW",
                "terminal": "E",
                "at": "2025-06-26T04:14:00"
              },
              "carrierCode": "NK",
              "number": "3710",
              "aircraft": {
                "code": "32N"
              },
              "operating": {
                "carrierCode": "NK"
              },
              "duration": "PT3H15M",
              "id": "13",
              "numberOfStops": 0,
              "blacklistedInEU": false
            },
            {
              "departure": {
                "iataCode": "DFW",
                "terminal": "E",
                "at": "2025-06-26T08:10:00"
              },
              "arrival": {
                "iataCode": "EWR",
                "terminal": "B",
                "at": "2025-06-26T12:47:00"
              },
              "carrierCode": "NK",
              "number": "3717",
              "aircraft": {
                "code": "32B"
              },
              "operating": {
                "carrierCode": "NK"
              },
              "duration": "PT3H37M",
              "id": "14",
              "numberOfStops": 0,
              "blacklistedInEU": false
            }
          ]
        }
      ],
      "traveler_pricings": [
        {
          "travelerId": "1",
          "fareOption": "STANDARD",
          "travelerType": "ADULT",
          "price": {
            "currency": "USD",
            "total": "222.65",
            "base": "169.65"
          },
          "fareDetailsBySegment": [
            {
              "segmentId": "1",
              "cabin": "ECONOMY",
              "fareBasis": "UA14NR",
              "class": "U",
              "includedCheckedBags": {
                "quantity": 0
              }
            },
            {
              "segmentId": "13",
              "cabin": "ECONOMY",
              "fareBasis": "UA14NR",
              "class": "U",
              "includedCheckedBags": {
                "quantity": 0
              }
            },
            {
              "segmentId": "14",
              "cabin": "ECONOMY",
              "fareBasis": "UA14NR",
              "class": "U",
              "includedCheckedBags": {
                "quantity": 0
              }
            }
          ]
        }
      ],
      "validating_airline_codes": [
        "NK"
      ],
      "duration": "PT5H54M",
      "stops": 1,
      "airline_names": [
        "Spirit Airlines"
      ],
      "departure_time": "02:59 PM",
      "arrival_time": "12:47 PM",
      "formatted_duration": "5h 54m",
      "currency": "USD",
      "sustainability_score": 72,
      "carbon_footprint": 300.0,
      "budget_fit": "excellent",
      "mood_score": 76
    },
    {
      "id": "6",
      "price": {
        "currency": "USD",
        "total": "222.65",
        "base": "169.65",
        "fees": [
          {
            "amount": "0.00",
            "type": "SUPPLIER"
          },
          {
            "amount": "0.00",
            "type": "TICKETING"
          }
        ],
        "grandTotal": "222.65"
      },
      "itineraries": [
        {
          "duration": "PT9H54M",
          "segments": [
            {
              "departure": {
                "iataCode": "EWR",
                "terminal": "B",
                "at": "2025-06-20T13:52:00"
              },
              "arrival": {
                "iataCode": "DFW",
                "terminal": "E",
                "at": "2025-06-20T16:35:00"
              },
              "carrierCode": "NK",
              "number": "3718",
              "aircraft": {
                "code": "32B"
              },
              "operating": {
                "carrierCode": "NK"
              },
              "duration": "PT3H43M",
              "id": "2",
              "numberOfStops": 0,
              "blacklistedInEU": false
            },
            {
              "departure": {
                "iataCode": "DFW",
                "terminal": "E",
                "at": "2025-06-20T19:30:00"
              },
              "arrival": {
                "iataCode": "LAX",
                "terminal": "5",
                "at": "2025-06-20T20:46:00"
              },
              "carrierCode": "NK",
              "number": "3709",
              "aircraft": {
                "code": "32N"
              },
              "operating": {
                "carrierCode": "NK"
              },
              "duration": "PT3H16M",
              "id": "3",
              "numberOfStops": 0,
              "blacklistedInEU": false
            }
          ]
        },
        {
          "duration": "PT5H29M",
          "segments": [
            {
              "departure": {
                "iataCode": "LAX",
                "terminal": "5",
                "at": "2025-06-25T05:25:00"
              },
              "arrival": {
                "iataCode": "EWR",
                "terminal": "B",
                "at": "2025-06-25T13:54:00"
              },
              "carrierCode": "NK",
              "number": "417",
              "aircraft": {
                "code": "32Q"
              },
              "operating": {
                "carrierCode": "NK"
              },
              "duration": "PT5H29M",
              "id": "12",
              "numberOfStops": 0,
              "blacklistedInEU": false
            }
          ]
        }
      ],
      "traveler_pricings": [
        {
          "travelerId": "1",
          "fareOption": "STANDARD",
          "travelerType": "ADULT",
          "price": {
            "currency": "USD",
            "total": "222.65",
            "base": "169.65"
          },
          "fareDetailsBySegment": [
            {
              "segmentId": "2",
              "cabin": "ECONOMY",
              "fareBasis": "UA14NR",
              "class": "U",
              "includedCheckedBags": {
                "quantity": 0
              }
            },
            {
              "segmentId": "3",
              "cabin": "ECONOMY",
              "fareBasis": "UA14NR",
              "class": "U",
              "includedCheckedBags": {
                "quantity": 0
              }
            },
            {
              "segmentId": "12",
              "cabin": "ECONOMY",
              "fareBasis": "UA14NR",
              "class": "U",
              "includedCheckedBags": {
                "quantity": 0
              }
            }
          ]
        }
      ],
      "validating_airline_codes": [
        "NK"
      ],
      "duration": "PT9H54M",
      "stops": 1,
      "airline_names": [
        "Spirit Airlines"
      ],
      "departure_time": "01:52 PM",
      "arrival_time": "01:54 PM",
      "formatted_duration": "9h 54m",
      "currency": "USD",
      "sustainability_score": 75,
      "carbon_footprint": 300.0,
      "budget_fit": "excellent",
      "mood_score": 70
    },
    {
      "id": "7",
      "price": {
        "currency": "USD",
        "total": "222.65",
        "base": "169.65",
        "fees": [
          {
            "amount": "0.00",
            "type": "SUPPLIER"
          },
          {
            "amount": "0.00",
            "type": "TICKETING"
          }
        ],
        "grandTotal": "222.65"
      },
      "itineraries": [
        {
          "duration": "PT5H54M",
          "segments": [
            {
              "departure": {
                "iataCode": "EWR",
                "terminal": "B",
                "at": "2025-06-20T14:59:00"
              },
              "arrival": {
                "iataCode": "LAX",
                "terminal": "5",
                "at": "2025-06-20T17:53:00"
              },
              "carrierCode": "NK",
              "number": "418",
              "aircraft": {
                "code": "32Q"
              },
              "operating": {
                "carrierCode": "NK"
              },
              "duration": "PT5H54M",
              "id": "1",
              "numberOfStops": 0,
              "blacklistedInEU": false
            }
          ]
        },
        {
          "duration": "PT11H25M",
          "segments": [
            {
              "departure": {
                "iataCode": "LAX",
                "terminal": "5",
                "at": "2025-06-25T16:31:00"
              },
              "arrival": {
                "iataCode": "LAS",
                "terminal": "1",
                "at": "2025-06-25T17:52:00"
              },
              "carrierCode": "NK",
              "number": "1494",
              "aircraft": {
                "code": "32A"
              },
              "operating": {
                "carrierCode": "NK"
              },
              "duration": "PT1H21M",
              "id": "8",
              "numberOfStops": 0,
              "blacklistedInEU": false
            },
            {
              "departure": {
                "iataCode": "LAS",
                "terminal": "1",
                "at": "2025-06-25T23:00:00"
              },
              "arrival": {
                "iataCode": "EWR",
                "terminal": "B",
                "at": "2025-06-26T06:56:00"
              },
              "carrierCode": "NK",
              "number": "1806",
              "aircraft": {
                "code": "32N"
              },
              "operating": {
                "carrierCode": "NK"
              },
              "duration": "PT4H56M",
              "id": "9",
              "numberOfStops": 0,
              "blacklistedInEU": false
            }
          ]
        }
      ],
      "traveler_pricings": [
        {
          "travelerId": "1",
          "fareOption": "STANDARD",
          "travelerType": "ADULT",
          "price": {
            "currency": "USD",
            "total": "222.65",
            "base": "169.65"
          },
          "fareDetailsBySegment": [
            {
              "segmentId": "1",
              "cabin": "ECONOMY",
              "fareBasis": "UA14NR",
              "class": "U",
              "includedCheckedBags": {
                "quantity": 0
              }
            },
            {
              "segmentId": "8",
              "cabin": "ECONOMY",
              "fareBasis": "UA14NR",
              "class": "U",
              "includedCheckedBags": {
                "quantity": 0
              }
            },
            {
              "segmentId": "9",
              "cabin": "ECONOMY",
              "fareBasis": "UA14NR",
              "class": "U",
              "includedCheckedBags": {
                "quantity": 0
              }
            }
          ]
        }
      ],
      "validating_airline_codes": [
        "NK"
      ],
      "duration": "PT5H54M",
      "stops": 1,
      "airline_names": [
        "Spirit Airlines"
      ],
      "departure_time": "02:59 PM",
      "arrival_time": "06:56 AM",
      "formatted_duration": "5h 54m",
      "currency": "USD",
      "sustainability_score": 89,
      "carbon_footprint": 300.0,
      "budget_fit": "excellent",
      "mood_score": 87
    },
    {
      "id": "8",
      "price": {
        "currency": "USD",
        "total": "222.65",
        "base": "169.65",
        "fees": [
          {
            "amount": "0.00",
            "type": "SUPPLIER"
          },
          {
            "amount": "0.00",
            "type": "TICKETING"
          }
        ],
        "grandTotal": "222.65"
      },
      "itineraries": [
        {
          "duration": "PT5H54M",
          "segments": [
            {
              "departure": {
                "iataCode": "EWR",
                "terminal": "B",
                "at": "2025-06-20T14:59:00"
              },
              "arrival": {
                "iataCode": "LAX",
                "terminal": "5",
                "at": "2025-06-20T17:53:00"
              },
              "carrierCode": "NK",
              "number": "418",
              "aircraft": {
                "code": "32Q"
              },
              "operating": {
                "carrierCode": "NK"
              },
              "duration": "PT5H54M",
              "id": "1",
              "numberOfStops": 0,
              "blacklistedInEU": false
            }
          ]
        },
        {
          "duration": "PT14H49M",
          "segments": [
            {
              "departure": {
                "iataCode": "LAX",
                "terminal": "5",
                "at": "2025-06-25T18:58:00"
              },
              "arrival": {
                "iataCode": "DFW",
                "terminal": "E",
                "at": "2025-06-26T00:11:00"
              },
              "carrierCode": "NK",
              "number": "419",
              "aircraft": {
                "code": "32Q"
              },
              "operating": {
                "carrierCode": "NK"
              },
              "duration": "PT3H13M",
              "id": "15",
              "numberOfStops": 0,
              "blacklistedInEU": false
            },
            {
              "departure": {
                "iataCode": "DFW",
                "terminal": "E",
                "at": "2025-06-26T08:10:00"
              },
              "arrival": {
                "iataCode": "EWR",
                "terminal": "B",
                "at": "2025-06-26T12:47:00"
              },
              "carrierCode": "NK",
              "number": "3717",
              "aircraft": {
                "code": "32B"
              },
              "operating": {
                "carrierCode": "NK"
              },
              "duration": "PT3H37M",
              "id": "16",
              "numberOfStops": 0,
              "blacklistedInEU": false
            }
          ]
        }
      ],
      "traveler_pricings": [
        {
          "travelerId": "1",
          "fareOption": "STANDARD",
          "travelerType": "ADULT",
          "price": {
            "currency": "USD",
            "total": "222.65",
            "base": "169.65"
          },
          "fareDetailsBySegment": [
            {
              "segmentId": "1",
              "cabin": "ECONOMY",
              "fareBasis": "UA14NR",
              "class": "U",
              "includedCheckedBags": {
                "quantity": 0
              }
            },
            {
              "segmentId": "15",
              "cabin": "ECONOMY",
              "fareBasis": "UA14NR",
              "class": "U",
              "includedCheckedBags": {
                "quantity": 0
              }
            },
            {
              "segmentId": "16",
              "cabin": "ECONOMY",
              "fareBasis": "UA14NR",
              "class": "U",
              "includedCheckedBags": {
                "quantity": 0
              }
            }
          ]
        }
      ],
      "validating_airline_codes": [
        "NK"
      ],
      "duration": "PT5H54M",
      "stops": 1,
      "airline_names": [
        "Spirit Airlines"
      ],
      "departure_time": "02:59 PM",
      "arrival_time": "12:47 PM",
      "formatted_duration": "5h 54m",
      "currency": "USD",
      "sustainability_score": 72,
      "carbon_footprint": 300.0,
      "budget_fit": "excellent",
      "mood_score": 82
    }
  ],
  "carbon_data": {
    "total_kg_co2": 2350.0,
    "average_per_flight": 293.75,
    "comparison": "30% lower than average for this route",
    "offset_cost": 47.0
  },
  "recommendations": [
    {
      "type": "budget_tip",
      "title": "\ud83d\udcb0 Best Deal Found",
      "description": "Save money with Spirit Airlines - great value for your trip!"
    },
    {
      "type": "timing",
      "title": "\u23f0 Best Time to Book",
      "description": "Book now! Prices typically increase 2-3 weeks before departure."
    },
    {
      "type": "sustainability",
      "title": "\ud83c\udf31 Eco-Friendly Tip",
      "description": "Choose direct flights to reduce your carbon footprint by up to 30%."
    }
  ],
  "smart_features_applied": {
    "sustainabilityMode": true,
    "budgetIntelligence": true,
    "moodBasedSuggestions": true
  }
}
✅ Test passed

================================================================================
Running test: Smart Flight Search with Valid Future Dates (July 2025)
URL: https://cfde3e21-8cc7-4f92-8e99-3e2b8a582569.preview.emergentagent.com/api/flights/search-smart
Method: POST
Request data: {
  "origin": "NYC",
  "destination": "LAX",
  "departureDate": "2025-07-15",
  "returnDate": "2025-07-20",
  "adults": 1,
  "travelClass": "ECONOMY",
  "smart_features": {
    "sustainabilityMode": true,
    "budgetIntelligence": true,
    "moodBasedSuggestions": true
  },
  "budget_context": {
    "total": 2000,
    "flight_percentage": 40
  }
}
Response time: 4.96 seconds
Response data: {
  "success": true,
  "flights": [
    {
      "id": "1",
      "price": {
        "currency": "USD",
        "total": "149.96",
        "base": "111.06",
        "fees": [
          {
            "amount": "0.00",
            "type": "SUPPLIER"
          },
          {
            "amount": "0.00",
            "type": "TICKETING"
          }
        ],
        "grandTotal": "149.96"
      },
      "itineraries": [
        {
          "duration": "PT5H54M",
          "segments": [
            {
              "departure": {
                "iataCode": "EWR",
                "terminal": "B",
                "at": "2025-07-15T14:59:00"
              },
              "arrival": {
                "iataCode": "LAX",
                "terminal": "5",
                "at": "2025-07-15T17:53:00"
              },
              "carrierCode": "NK",
              "number": "418",
              "aircraft": {
                "code": "32Q"
              },
              "operating": {
                "carrierCode": "NK"
              },
              "duration": "PT5H54M",
              "id": "1",
              "numberOfStops": 0,
              "blacklistedInEU": false
            }
          ]
        },
        {
          "duration": "PT5H29M",
          "segments": [
            {
              "departure": {
                "iataCode": "LAX",
                "terminal": "5",
                "at": "2025-07-20T05:25:00"
              },
              "arrival": {
                "iataCode": "EWR",
                "terminal": "B",
                "at": "2025-07-20T13:54:00"
              },
              "carrierCode": "NK",
              "number": "417",
              "aircraft": {
                "code": "32Q"
              },
              "operating": {
                "carrierCode": "NK"
              },
              "duration": "PT5H29M",
              "id": "5",
              "numberOfStops": 0,
              "blacklistedInEU": false
            }
          ]
        }
      ],
      "traveler_pricings": [
        {
          "travelerId": "1",
          "fareOption": "STANDARD",
          "travelerType": "ADULT",
          "price": {
            "currency": "USD",
            "total": "149.96",
            "base": "111.06"
          },
          "fareDetailsBySegment": [
            {
              "segmentId": "1",
              "cabin": "ECONOMY",
              "fareBasis": "GA21NR",
              "class": "G",
              "includedCheckedBags": {
                "quantity": 0
              }
            },
            {
              "segmentId": "5",
              "cabin": "ECONOMY",
              "fareBasis": "GA21NR",
              "class": "G",
              "includedCheckedBags": {
                "quantity": 0
              }
            }
          ]
        }
      ],
      "validating_airline_codes": [
        "NK"
      ],
      "duration": "PT5H54M",
      "stops": 0,
      "airline_names": [
        "Spirit Airlines"
      ],
      "departure_time": "02:59 PM",
      "arrival_time": "01:54 PM",
      "formatted_duration": "5h 54m",
      "currency": "USD",
      "sustainability_score": 90,
      "carbon_footprint": 250.0,
      "budget_fit": "excellent",
      "mood_score": 81
    },
    {
      "id": "2",
      "price": {
        "currency": "USD",
        "total": "149.96",
        "base": "111.06",
        "fees": [
          {
            "amount": "0.00",
            "type": "SUPPLIER"
          },
          {
            "amount": "0.00",
            "type": "TICKETING"
          }
        ],
        "grandTotal": "149.96"
      },
      "itineraries": [
        {
          "duration": "PT5H56M",
          "segments": [
            {
              "departure": {
                "iataCode": "EWR",
                "terminal": "B",
                "at": "2025-07-15T09:08:00"
              },
              "arrival": {
                "iataCode": "LAX",
                "terminal": "5",
                "at": "2025-07-15T12:04:00"
              },
              "carrierCode": "NK",
              "number": "1803",
              "aircraft": {
                "code": "32N"
              },
              "operating": {
                "carrierCode": "NK"
              },
              "duration": "PT5H56M",
              "id": "2",
              "numberOfStops": 0,
              "blacklistedInEU": false
            }
          ]
        },
        {
          "duration": "PT5H29M",
          "segments": [
            {
              "departure": {
                "iataCode": "LAX",
                "terminal": "5",
                "at": "2025-07-20T05:25:00"
              },
              "arrival": {
                "iataCode": "EWR",
                "terminal": "B",
                "at": "2025-07-20T13:54:00"
              },
              "carrierCode": "NK",
              "number": "417",
              "aircraft": {
                "code": "32Q"
              },
              "operating": {
                "carrierCode": "NK"
              },
              "duration": "PT5H29M",
              "id": "5",
              "numberOfStops": 0,
              "blacklistedInEU": false
            }
          ]
        }
      ],
      "traveler_pricings": [
        {
          "travelerId": "1",
          "fareOption": "STANDARD",
          "travelerType": "ADULT",
          "price": {
            "currency": "USD",
            "total": "149.96",
            "base": "111.06"
          },
          "fareDetailsBySegment": [
            {
              "segmentId": "2",
              "cabin": "ECONOMY",
              "fareBasis": "GA21NR",
              "class": "G",
              "includedCheckedBags": {
                "quantity": 0
              }
            },
            {
              "segmentId": "5",
              "cabin": "ECONOMY",
              "fareBasis": "GA21NR",
              "class": "G",
              "includedCheckedBags": {
                "quantity": 0
              }
            }
          ]
        }
      ],
      "validating_airline_codes": [
        "NK"
      ],
      "duration": "PT5H56M",
      "stops": 0,
      "airline_names": [
        "Spirit Airlines"
      ],
      "departure_time": "09:08 AM",
      "arrival_time": "01:54 PM",
      "formatted_duration": "5h 56m",
      "currency": "USD",
      "sustainability_score": 76,
      "carbon_footprint": 250.0,
      "budget_fit": "excellent",
      "mood_score": 80
    },
    {
      "id": "3",
      "price": {
        "currency": "USD",
        "total": "149.96",
        "base": "111.06",
        "fees": [
          {
            "amount": "0.00",
            "type": "SUPPLIER"
          },
          {
            "amount": "0.00",
            "type": "TICKETING"
          }
        ],
        "grandTotal": "149.96"
      },
      "itineraries": [
        {
          "duration": "PT5H54M",
          "segments": [
            {
              "departure": {
                "iataCode": "EWR",
                "terminal": "B",
                "at": "2025-07-15T14:59:00"
              },
              "arrival": {
                "iataCode": "LAX",
                "terminal": "5",
                "at": "2025-07-15T17:53:00"
              },
              "carrierCode": "NK",
              "number": "418",
              "aircraft": {
                "code": "32Q"
              },
              "operating": {
                "carrierCode": "NK"
              },
              "duration": "PT5H54M",
              "id": "1",
              "numberOfStops": 0,
              "blacklistedInEU": false
            }
          ]
        },
        {
          "duration": "PT5H33M",
          "segments": [
            {
              "departure": {
                "iataCode": "LAX",
                "terminal": "5",
                "at": "2025-07-20T22:00:00"
              },
              "arrival": {
                "iataCode": "EWR",
                "terminal": "B",
                "at": "2025-07-21T06:33:00"
              },
              "carrierCode": "NK",
              "number": "1804",
              "aircraft": {
                "code": "32N"
              },
              "operating": {
                "carrierCode": "NK"
              },
              "duration": "PT5H33M",
              "id": "6",
              "numberOfStops": 0,
              "blacklistedInEU": false
            }
          ]
        }
      ],
      "traveler_pricings": [
        {
          "travelerId": "1",
          "fareOption": "STANDARD",
          "travelerType": "ADULT",
          "price": {
            "currency": "USD",
            "total": "149.96",
            "base": "111.06"
          },
          "fareDetailsBySegment": [
            {
              "segmentId": "1",
              "cabin": "ECONOMY",
              "fareBasis": "GA21NR",
              "class": "G",
              "includedCheckedBags": {
                "quantity": 0
              }
            },
            {
              "segmentId": "6",
              "cabin": "ECONOMY",
              "fareBasis": "GA21NR",
              "class": "G",
              "includedCheckedBags": {
                "quantity": 0
              }
            }
          ]
        }
      ],
      "validating_airline_codes": [
        "NK"
      ],
      "duration": "PT5H54M",
      "stops": 0,
      "airline_names": [
        "Spirit Airlines"
      ],
      "departure_time": "02:59 PM",
      "arrival_time": "06:33 AM",
      "formatted_duration": "5h 54m",
      "currency": "USD",
      "sustainability_score": 77,
      "carbon_footprint": 250.0,
      "budget_fit": "excellent",
      "mood_score": 76
    },
    {
      "id": "4",
      "price": {
        "currency": "USD",
        "total": "149.96",
        "base": "111.06",
        "fees": [
          {
            "amount": "0.00",
            "type": "SUPPLIER"
          },
          {
            "amount": "0.00",
            "type": "TICKETING"
          }
        ],
        "grandTotal": "149.96"
      },
      "itineraries": [
        {
          "duration": "PT5H56M",
          "segments": [
            {
              "departure": {
                "iataCode": "EWR",
                "terminal": "B",
                "at": "2025-07-15T09:08:00"
              },
              "arrival": {
                "iataCode": "LAX",
                "terminal": "5",
                "at": "2025-07-15T12:04:00"
              },
              "carrierCode": "NK",
              "number": "1803",
              "aircraft": {
                "code": "32N"
              },
              "operating": {
                "carrierCode": "NK"
              },
              "duration": "PT5H56M",
              "id": "2",
              "numberOfStops": 0,
              "blacklistedInEU": false
            }
          ]
        },
        {
          "duration": "PT5H33M",
          "segments": [
            {
              "departure": {
                "iataCode": "LAX",
                "terminal": "5",
                "at": "2025-07-20T22:00:00"
              },
              "arrival": {
                "iataCode": "EWR",
                "terminal": "B",
                "at": "2025-07-21T06:33:00"
              },
              "carrierCode": "NK",
              "number": "1804",
              "aircraft": {
                "code": "32N"
              },
              "operating": {
                "carrierCode": "NK"
              },
              "duration": "PT5H33M",
              "id": "6",
              "numberOfStops": 0,
              "blacklistedInEU": false
            }
          ]
        }
      ],
      "traveler_pricings": [
        {
          "travelerId": "1",
          "fareOption": "STANDARD",
          "travelerType": "ADULT",
          "price": {
            "currency": "USD",
            "total": "149.96",
            "base": "111.06"
          },
          "fareDetailsBySegment": [
            {
              "segmentId": "2",
              "cabin": "ECONOMY",
              "fareBasis": "GA21NR",
              "class": "G",
              "includedCheckedBags": {
                "quantity": 0
              }
            },
            {
              "segmentId": "6",
              "cabin": "ECONOMY",
              "fareBasis": "GA21NR",
              "class": "G",
              "includedCheckedBags": {
                "quantity": 0
              }
            }
          ]
        }
      ],
      "validating_airline_codes": [
        "NK"
      ],
      "duration": "PT5H56M",
      "stops": 0,
      "airline_names": [
        "Spirit Airlines"
      ],
      "departure_time": "09:08 AM",
      "arrival_time": "06:33 AM",
      "formatted_duration": "5h 56m",
      "currency": "USD",
      "sustainability_score": 100,
      "carbon_footprint": 250.0,
      "budget_fit": "excellent",
      "mood_score": 85
    },
    {
      "id": "5",
      "price": {
        "currency": "USD",
        "total": "184.88",
        "base": "138.68",
        "fees": [
          {
            "amount": "0.00",
            "type": "SUPPLIER"
          },
          {
            "amount": "0.00",
            "type": "TICKETING"
          }
        ],
        "grandTotal": "184.88"
      },
      "itineraries": [
        {
          "duration": "PT5H54M",
          "segments": [
            {
              "departure": {
                "iataCode": "EWR",
                "terminal": "B",
                "at": "2025-07-15T14:59:00"
              },
              "arrival": {
                "iataCode": "LAX",
                "terminal": "5",
                "at": "2025-07-15T17:53:00"
              },
              "carrierCode": "NK",
              "number": "418",
              "aircraft": {
                "code": "32Q"
              },
              "operating": {
                "carrierCode": "NK"
              },
              "duration": "PT5H54M",
              "id": "1",
              "numberOfStops": 0,
              "blacklistedInEU": false
            }
          ]
        },
        {
          "duration": "PT8H1M",
          "segments": [
            {
              "departure": {
                "iataCode": "LAX",
                "terminal": "5",
                "at": "2025-07-20T23:00:00"
              },
              "arrival": {
                "iataCode": "IAH",
                "terminal": "A",
                "at": "2025-07-21T04:20:00"
              },
              "carrierCode": "NK",
              "number": "326",
              "aircraft": {
                "code": "32N"
              },
              "operating": {
                "carrierCode": "NK"
              },
              "duration": "PT3H20M",
              "id": "3",
              "numberOfStops": 0,
              "blacklistedInEU": false
            },
            {
              "departure": {
                "iataCode": "IAH",
                "terminal": "A",
                "at": "2025-07-21T05:30:00"
              },
              "arrival": {
                "iataCode": "LGA",
                "terminal": "A",
                "at": "2025-07-21T10:01:00"
              },
              "carrierCode": "NK",
              "number": "476",
              "aircraft": {
                "code": "32N"
              },
              "operating": {
                "carrierCode": "NK"
              },
              "duration": "PT3H31M",
              "id": "4",
              "numberOfStops": 0,
              "blacklistedInEU": false
            }
          ]
        }
      ],
      "traveler_pricings": [
        {
          "travelerId": "1",
          "fareOption": "STANDARD",
          "travelerType": "ADULT",
          "price": {
            "currency": "USD",
            "total": "184.88",
            "base": "138.68"
          },
          "fareDetailsBySegment": [
            {
              "segmentId": "1",
              "cabin": "ECONOMY",
              "fareBasis": "GA21NR",
              "class": "G",
              "includedCheckedBags": {
                "quantity": 0
              }
            },
            {
              "segmentId": "3",
              "cabin": "ECONOMY",
              "fareBasis": "GA21NR",
              "class": "G",
              "includedCheckedBags": {
                "quantity": 0
              }
            },
            {
              "segmentId": "4",
              "cabin": "ECONOMY",
              "fareBasis": "GA21NR",
              "class": "G",
              "includedCheckedBags": {
                "quantity": 0
              }
            }
          ]
        }
      ],
      "validating_airline_codes": [
        "NK"
      ],
      "duration": "PT5H54M",
      "stops": 1,
      "airline_names": [
        "Spirit Airlines"
      ],
      "departure_time": "02:59 PM",
      "arrival_time": "10:01 AM",
      "formatted_duration": "5h 54m",
      "currency": "USD",
      "sustainability_score": 75,
      "carbon_footprint": 300.0,
      "budget_fit": "excellent",
      "mood_score": 88
    },
    {
      "id": "6",
      "price": {
        "currency": "USD",
        "total": "184.88",
        "base": "138.68",
        "fees": [
          {
            "amount": "0.00",
            "type": "SUPPLIER"
          },
          {
            "amount": "0.00",
            "type": "TICKETING"
          }
        ],
        "grandTotal": "184.88"
      },
      "itineraries": [
        {
          "duration": "PT5H56M",
          "segments": [
            {
              "departure": {
                "iataCode": "EWR",
                "terminal": "B",
                "at": "2025-07-15T09:08:00"
              },
              "arrival": {
                "iataCode": "LAX",
                "terminal": "5",
                "at": "2025-07-15T12:04:00"
              },
              "carrierCode": "NK",
              "number": "1803",
              "aircraft": {
                "code": "32N"
              },
              "operating": {
                "carrierCode": "NK"
              },
              "duration": "PT5H56M",
              "id": "2",
              "numberOfStops": 0,
              "blacklistedInEU": false
            }
          ]
        },
        {
          "duration": "PT8H1M",
          "segments": [
            {
              "departure": {
                "iataCode": "LAX",
                "terminal": "5",
                "at": "2025-07-20T23:00:00"
              },
              "arrival": {
                "iataCode": "IAH",
                "terminal": "A",
                "at": "2025-07-21T04:20:00"
              },
              "carrierCode": "NK",
              "number": "326",
              "aircraft": {
                "code": "32N"
              },
              "operating": {
                "carrierCode": "NK"
              },
              "duration": "PT3H20M",
              "id": "3",
              "numberOfStops": 0,
              "blacklistedInEU": false
            },
            {
              "departure": {
                "iataCode": "IAH",
                "terminal": "A",
                "at": "2025-07-21T05:30:00"
              },
              "arrival": {
                "iataCode": "LGA",
                "terminal": "A",
                "at": "2025-07-21T10:01:00"
              },
              "carrierCode": "NK",
              "number": "476",
              "aircraft": {
                "code": "32N"
              },
              "operating": {
                "carrierCode": "NK"
              },
              "duration": "PT3H31M",
              "id": "4",
              "numberOfStops": 0,
              "blacklistedInEU": false
            }
          ]
        }
      ],
      "traveler_pricings": [
        {
          "travelerId": "1",
          "fareOption": "STANDARD",
          "travelerType": "ADULT",
          "price": {
            "currency": "USD",
            "total": "184.88",
            "base": "138.68"
          },
          "fareDetailsBySegment": [
            {
              "segmentId": "2",
              "cabin": "ECONOMY",
              "fareBasis": "GA21NR",
              "class": "G",
              "includedCheckedBags": {
                "quantity": 0
              }
            },
            {
              "segmentId": "3",
              "cabin": "ECONOMY",
              "fareBasis": "GA21NR",
              "class": "G",
              "includedCheckedBags": {
                "quantity": 0
              }
            },
            {
              "segmentId": "4",
              "cabin": "ECONOMY",
              "fareBasis": "GA21NR",
              "class": "G",
              "includedCheckedBags": {
                "quantity": 0
              }
            }
          ]
        }
      ],
      "validating_airline_codes": [
        "NK"
      ],
      "duration": "PT5H56M",
      "stops": 1,
      "airline_names": [
        "Spirit Airlines"
      ],
      "departure_time": "09:08 AM",
      "arrival_time": "10:01 AM",
      "formatted_duration": "5h 56m",
      "currency": "USD",
      "sustainability_score": 83,
      "carbon_footprint": 300.0,
      "budget_fit": "excellent",
      "mood_score": 66
    },
    {
      "id": "7",
      "price": {
        "currency": "USD",
        "total": "190.41",
        "base": "139.61",
        "fees": [
          {
            "amount": "0.00",
            "type": "SUPPLIER"
          },
          {
            "amount": "0.00",
            "type": "TICKETING"
          }
        ],
        "grandTotal": "190.41"
      },
      "itineraries": [
        {
          "duration": "PT5H54M",
          "segments": [
            {
              "departure": {
                "iataCode": "EWR",
                "terminal": "B",
                "at": "2025-07-15T14:59:00"
              },
              "arrival": {
                "iataCode": "LAX",
                "terminal": "5",
                "at": "2025-07-15T17:53:00"
              },
              "carrierCode": "NK",
              "number": "418",
              "aircraft": {
                "code": "32Q"
              },
              "operating": {
                "carrierCode": "NK"
              },
              "duration": "PT5H54M",
              "id": "1",
              "numberOfStops": 0,
              "blacklistedInEU": false
            }
          ]
        },
        {
          "duration": "PT14H49M",
          "segments": [
            {
              "departure": {
                "iataCode": "LAX",
                "terminal": "5",
                "at": "2025-07-20T18:58:00"
              },
              "arrival": {
                "iataCode": "DFW",
                "terminal": "E",
                "at": "2025-07-21T00:11:00"
              },
              "carrierCode": "NK",
              "number": "419",
              "aircraft": {
                "code": "32Q"
              },
              "operating": {
                "carrierCode": "NK"
              },
              "duration": "PT3H13M",
              "id": "7",
              "numberOfStops": 0,
              "blacklistedInEU": false
            },
            {
              "departure": {
                "iataCode": "DFW",
                "terminal": "E",
                "at": "2025-07-21T08:10:00"
              },
              "arrival": {
                "iataCode": "EWR",
                "terminal": "B",
                "at": "2025-07-21T12:47:00"
              },
              "carrierCode": "NK",
              "number": "3717",
              "aircraft": {
                "code": "32B"
              },
              "operating": {
                "carrierCode": "NK"
              },
              "duration": "PT3H37M",
              "id": "8",
              "numberOfStops": 0,
              "blacklistedInEU": false
            }
          ]
        }
      ],
      "traveler_pricings": [
        {
          "travelerId": "1",
          "fareOption": "STANDARD",
          "travelerType": "ADULT",
          "price": {
            "currency": "USD",
            "total": "190.41",
            "base": "139.61"
          },
          "fareDetailsBySegment": [
            {
              "segmentId": "1",
              "cabin": "ECONOMY",
              "fareBasis": "GA21NR",
              "class": "G",
              "includedCheckedBags": {
                "quantity": 0
              }
            },
            {
              "segmentId": "7",
              "cabin": "ECONOMY",
              "fareBasis": "GA21NR",
              "class": "G",
              "includedCheckedBags": {
                "quantity": 0
              }
            },
            {
              "segmentId": "8",
              "cabin": "ECONOMY",
              "fareBasis": "GA21NR",
              "class": "G",
              "includedCheckedBags": {
                "quantity": 0
              }
            }
          ]
        }
      ],
      "validating_airline_codes": [
        "NK"
      ],
      "duration": "PT5H54M",
      "stops": 1,
      "airline_names": [
        "Spirit Airlines"
      ],
      "departure_time": "02:59 PM",
      "arrival_time": "12:47 PM",
      "formatted_duration": "5h 54m",
      "currency": "USD",
      "sustainability_score": 75,
      "carbon_footprint": 300.0,
      "budget_fit": "excellent",
      "mood_score": 64
    },
    {
      "id": "8",
      "price": {
        "currency": "USD",
        "total": "190.41",
        "base": "139.61",
        "fees": [
          {
            "amount": "0.00",
            "type": "SUPPLIER"
          },
          {
            "amount": "0.00",
            "type": "TICKETING"
          }
        ],
        "grandTotal": "190.41"
      },
      "itineraries": [
        {
          "duration": "PT5H56M",
          "segments": [
            {
              "departure": {
                "iataCode": "EWR",
                "terminal": "B",
                "at": "2025-07-15T09:08:00"
              },
              "arrival": {
                "iataCode": "LAX",
                "terminal": "5",
                "at": "2025-07-15T12:04:00"
              },
              "carrierCode": "NK",
              "number": "1803",
              "aircraft": {
                "code": "32N"
              },
              "operating": {
                "carrierCode": "NK"
              },
              "duration": "PT5H56M",
              "id": "2",
              "numberOfStops": 0,
              "blacklistedInEU": false
            }
          ]
        },
        {
          "duration": "PT14H49M",
          "segments": [
            {
              "departure": {
                "iataCode": "LAX",
                "terminal": "5",
                "at": "2025-07-20T18:58:00"
              },
              "arrival": {
                "iataCode": "DFW",
                "terminal": "E",
                "at": "2025-07-21T00:11:00"
              },
              "carrierCode": "NK",
              "number": "419",
              "aircraft": {
                "code": "32Q"
              },
              "operating": {
                "carrierCode": "NK"
              },
              "duration": "PT3H13M",
              "id": "7",
              "numberOfStops": 0,
              "blacklistedInEU": false
            },
            {
              "departure": {
                "iataCode": "DFW",
                "terminal": "E",
                "at": "2025-07-21T08:10:00"
              },
              "arrival": {
                "iataCode": "EWR",
                "terminal": "B",
                "at": "2025-07-21T12:47:00"
              },
              "carrierCode": "NK",
              "number": "3717",
              "aircraft": {
                "code": "32B"
              },
              "operating": {
                "carrierCode": "NK"
              },
              "duration": "PT3H37M",
              "id": "8",
              "numberOfStops": 0,
              "blacklistedInEU": false
            }
          ]
        }
      ],
      "traveler_pricings": [
        {
          "travelerId": "1",
          "fareOption": "STANDARD",
          "travelerType": "ADULT",
          "price": {
            "currency": "USD",
            "total": "190.41",
            "base": "139.61"
          },
          "fareDetailsBySegment": [
            {
              "segmentId": "2",
              "cabin": "ECONOMY",
              "fareBasis": "GA21NR",
              "class": "G",
              "includedCheckedBags": {
                "quantity": 0
              }
            },
            {
              "segmentId": "7",
              "cabin": "ECONOMY",
              "fareBasis": "GA21NR",
              "class": "G",
              "includedCheckedBags": {
                "quantity": 0
              }
            },
            {
              "segmentId": "8",
              "cabin": "ECONOMY",
              "fareBasis": "GA21NR",
              "class": "G",
              "includedCheckedBags": {
                "quantity": 0
              }
            }
          ]
        }
      ],
      "validating_airline_codes": [
        "NK"
      ],
      "duration": "PT5H56M",
      "stops": 1,
      "airline_names": [
        "Spirit Airlines"
      ],
      "departure_time": "09:08 AM",
      "arrival_time": "12:47 PM",
      "formatted_duration": "5h 56m",
      "currency": "USD",
      "sustainability_score": 69,
      "carbon_footprint": 300.0,
      "budget_fit": "excellent",
      "mood_score": 68
    }
  ],
  "carbon_data": {
    "total_kg_co2": 2200.0,
    "average_per_flight": 275.0,
    "comparison": "30% lower than average for this route",
    "offset_cost": 44.0
  },
  "recommendations": [
    {
      "type": "budget_tip",
      "title": "\ud83d\udcb0 Best Deal Found",
      "description": "Save money with Spirit Airlines - great value for your trip!"
    },
    {
      "type": "timing",
      "title": "\u23f0 Best Time to Book",
      "description": "Book now! Prices typically increase 2-3 weeks before departure."
    },
    {
      "type": "sustainability",
      "title": "\ud83c\udf31 Eco-Friendly Tip",
      "description": "Choose direct flights to reduce your carbon footprint by up to 30%."
    }
  ],
  "smart_features_applied": {
    "sustainabilityMode": true,
    "budgetIntelligence": true,
    "moodBasedSuggestions": true
  }
}
✅ Test passed

================================================================================
Running test: Smart Flight Search with City Names
URL: https://cfde3e21-8cc7-4f92-8e99-3e2b8a582569.preview.emergentagent.com/api/flights/search-smart
Method: POST
Request data: {
  "origin": "New York",
  "destination": "Los Angeles",
  "departureDate": "2025-07-15",
  "returnDate": "2025-07-20",
  "adults": 1,
  "travelClass": "ECONOMY",
  "smart_features": {
    "sustainabilityMode": true,
    "budgetIntelligence": true,
    "moodBasedSuggestions": true
  }
}
Response time: 7.12 seconds
Response data: {
  "success": true,
  "flights": [
    {
      "id": "1",
      "price": {
        "currency": "USD",
        "total": "223.96",
        "base": "170.86",
        "fees": [
          {
            "amount": "0.00",
            "type": "SUPPLIER"
          },
          {
            "amount": "0.00",
            "type": "TICKETING"
          }
        ],
        "grandTotal": "223.96"
      },
      "itineraries": [
        {
          "duration": "PT6H11M",
          "segments": [
            {
              "departure": {
                "iataCode": "JFK",
                "at": "2025-07-15T11:00:00"
              },
              "arrival": {
                "iataCode": "LAX",
                "terminal": "1",
                "at": "2025-07-15T14:11:00"
              },
              "carrierCode": "F9",
              "number": "2503",
              "aircraft": {
                "code": "32Q"
              },
              "operating": {
                "carrierCode": "F9"
              },
              "duration": "PT6H11M",
              "id": "1",
              "numberOfStops": 0,
              "blacklistedInEU": false
            }
          ]
        },
        {
          "duration": "PT8H26M",
          "segments": [
            {
              "departure": {
                "iataCode": "LAX",
                "terminal": "1",
                "at": "2025-07-20T22:35:00"
              },
              "arrival": {
                "iataCode": "ATL",
                "terminal": "N",
                "at": "2025-07-21T06:01:00"
              },
              "carrierCode": "F9",
              "number": "3216",
              "aircraft": {
                "code": "32Q"
              },
              "operating": {
                "carrierCode": "F9"
              },
              "duration": "PT4H26M",
              "id": "10",
              "numberOfStops": 0,
              "blacklistedInEU": false
            },
            {
              "departure": {
                "iataCode": "ATL",
                "terminal": "N",
                "at": "2025-07-21T07:39:00"
              },
              "arrival": {
                "iataCode": "JFK",
                "at": "2025-07-21T10:01:00"
              },
              "carrierCode": "F9",
              "number": "1872",
              "aircraft": {
                "code": "32Q"
              },
              "operating": {
                "carrierCode": "F9"
              },
              "duration": "PT2H22M",
              "id": "11",
              "numberOfStops": 0,
              "blacklistedInEU": false
            }
          ]
        }
      ],
      "traveler_pricings": [
        {
          "travelerId": "1",
          "fareOption": "STANDARD",
          "travelerType": "ADULT",
          "price": {
            "currency": "USD",
            "total": "223.96",
            "base": "170.86"
          },
          "fareDetailsBySegment": [
            {
              "segmentId": "1",
              "cabin": "ECONOMY",
              "fareBasis": "G21EBZ2",
              "brandedFare": "ECP",
              "brandedFareLabel": "ECONOMY",
              "class": "G",
              "amenities": [
                {
                  "description": "UPTO100LB 45KG BAGGAGE",
                  "isChargeable": true,
                  "amenityType": "BAGGAGE",
                  "amenityProvider": {
                    "name": "BrandedFare"
                  }
                },
                {
                  "description": "FIRST CHECKED BAG",
                  "isChargeable": true,
                  "amenityType": "BAGGAGE",
                  "amenityProvider": {
                    "name": "BrandedFare"
                  }
                },
                {
                  "description": "SECOND CHECKED BAG",
                  "isChargeable": true,
                  "amenityType": "BAGGAGE",
                  "amenityProvider": {
                    "name": "BrandedFare"
                  }
                },
                {
                  "description": "PRE RESERVED SEAT ASSIGNMENT",
                  "isChargeable": false,
                  "amenityType": "PRE_RESERVED_SEAT",
                  "amenityProvider": {
                    "name": "BrandedFare"
                  }
                },
                {
                  "description": "PRIORITY BOARDING",
                  "isChargeable": true,
                  "amenityType": "TRAVEL_SERVICES",
                  "amenityProvider": {
                    "name": "BrandedFare"
                  }
                },
                {
                  "description": "BASIC SEAT",
                  "isChargeable": false,
                  "amenityType": "BRANDED_FARES",
                  "amenityProvider": {
                    "name": "BrandedFare"
                  }
                },
                {
                  "description": "MILEAGE ACCRUAL",
                  "isChargeable": false,
                  "amenityType": "BRANDED_FARES",
                  "amenityProvider": {
                    "name": "BrandedFare"
                  }
                }
              ]
            },
            {
              "segmentId": "10",
              "cabin": "ECONOMY",
              "fareBasis": "E07PCZC",
              "brandedFare": "ECP",
              "brandedFareLabel": "ECONOMY",
              "class": "E",
              "amenities": [
                {
                  "description": "UPTO100LB 45KG BAGGAGE",
                  "isChargeable": true,
                  "amenityType": "BAGGAGE",
                  "amenityProvider": {
                    "name": "BrandedFare"
                  }
                },
                {
                  "description": "FIRST CHECKED BAG",
                  "isChargeable": true,
                  "amenityType": "BAGGAGE",
                  "amenityProvider": {
                    "name": "BrandedFare"
                  }
                },
                {
                  "description": "SECOND CHECKED BAG",
                  "isChargeable": true,
                  "amenityType": "BAGGAGE",
                  "amenityProvider": {
                    "name": "BrandedFare"
                  }
                },
                {
                  "description": "PRE RESERVED SEAT ASSIGNMENT",
                  "isChargeable": false,
                  "amenityType": "PRE_RESERVED_SEAT",
                  "amenityProvider": {
                    "name": "BrandedFare"
                  }
                },
                {
                  "description": "PRIORITY BOARDING",
                  "isChargeable": true,
                  "amenityType": "TRAVEL_SERVICES",
                  "amenityProvider": {
                    "name": "BrandedFare"
                  }
                },
                {
                  "description": "BASIC SEAT",
                  "isChargeable": false,
                  "amenityType": "BRANDED_FARES",
                  "amenityProvider": {
                    "name": "BrandedFare"
                  }
                },
                {
                  "description": "MILEAGE ACCRUAL",
                  "isChargeable": false,
                  "amenityType": "BRANDED_FARES",
                  "amenityProvider": {
                    "name": "BrandedFare"
                  }
                }
              ]
            },
            {
              "segmentId": "11",
              "cabin": "ECONOMY",
              "fareBasis": "E07PCZC",
              "brandedFare": "ECP",
              "brandedFareLabel": "ECONOMY",
              "class": "E",
              "amenities": [
                {
                  "description": "UPTO100LB 45KG BAGGAGE",
                  "isChargeable": true,
                  "amenityType": "BAGGAGE",
                  "amenityProvider": {
                    "name": "BrandedFare"
                  }
                },
                {
                  "description": "FIRST CHECKED BAG",
                  "isChargeable": true,
                  "amenityType": "BAGGAGE",
                  "amenityProvider": {
                    "name": "BrandedFare"
                  }
                },
                {
                  "description": "SECOND CHECKED BAG",
                  "isChargeable": true,
                  "amenityType": "BAGGAGE",
                  "amenityProvider": {
                    "name": "BrandedFare"
                  }
                },
                {
                  "description": "PRE RESERVED SEAT ASSIGNMENT",
                  "isChargeable": false,
                  "amenityType": "PRE_RESERVED_SEAT",
                  "amenityProvider": {
                    "name": "BrandedFare"
                  }
                },
                {
                  "description": "PRIORITY BOARDING",
                  "isChargeable": true,
                  "amenityType": "TRAVEL_SERVICES",
                  "amenityProvider": {
                    "name": "BrandedFare"
                  }
                },
                {
                  "description": "BASIC SEAT",
                  "isChargeable": false,
                  "amenityType": "BRANDED_FARES",
                  "amenityProvider": {
                    "name": "BrandedFare"
                  }
                },
                {
                  "description": "MILEAGE ACCRUAL",
                  "isChargeable": false,
                  "amenityType": "BRANDED_FARES",
                  "amenityProvider": {
                    "name": "BrandedFare"
                  }
                }
              ]
            }
          ]
        }
      ],
      "validating_airline_codes": [
        "F9"
      ],
      "duration": "PT6H11M",
      "stops": 1,
      "airline_names": [
        "Frontier Airlines"
      ],
      "departure_time": "11:00 AM",
      "arrival_time": "10:01 AM",
      "formatted_duration": "6h 11m",
      "currency": "USD",
      "sustainability_score": 67,
      "carbon_footprint": 300.0,
      "mood_score": 63
    },
    {
      "id": "2",
      "price": {
        "currency": "USD",
        "total": "223.96",
        "base": "170.86",
        "fees": [
          {
            "amount": "0.00",
            "type": "SUPPLIER"
          },
          {
            "amount": "0.00",
            "type": "TICKETING"
          }
        ],
        "grandTotal": "223.96"
      },
      "itineraries": [
        {
          "duration": "PT6H11M",
          "segments": [
            {
              "departure": {
                "iataCode": "JFK",
                "at": "2025-07-15T11:00:00"
              },
              "arrival": {
                "iataCode": "LAX",
                "terminal": "1",
                "at": "2025-07-15T14:11:00"
              },
              "carrierCode": "F9",
              "number": "2503",
              "aircraft": {
                "code": "32Q"
              },
              "operating": {
                "carrierCode": "F9"
              },
              "duration": "PT6H11M",
              "id": "1",
              "numberOfStops": 0,
              "blacklistedInEU": false
            }
          ]
        },
        {
          "duration": "PT11H25M",
          "segments": [
            {
              "departure": {
                "iataCode": "LAX",
                "terminal": "1",
                "at": "2025-07-20T15:05:00"
              },
              "arrival": {
                "iataCode": "LAS",
                "terminal": "3",
                "at": "2025-07-20T16:30:00"
              },
              "carrierCode": "F9",
              "number": "3292",
              "aircraft": {
                "code": "32Q"
              },
              "operating": {
                "carrierCode": "F9"
              },
              "duration": "PT1H25M",
              "id": "6",
              "numberOfStops": 0,
              "blacklistedInEU": false
            },
            {
              "departure": {
                "iataCode": "LAS",
                "terminal": "3",
                "at": "2025-07-20T21:32:00"
              },
              "arrival": {
                "iataCode": "JFK",
                "at": "2025-07-21T05:30:00"
              },
              "carrierCode": "F9",
              "number": "3238",
              "aircraft": {
                "code": "32Q"
              },
              "operating": {
                "carrierCode": "F9"
              },
              "duration": "PT4H58M",
              "id": "7",
              "numberOfStops": 0,
              "blacklistedInEU": false
            }
          ]
        }
      ],
      "traveler_pricings": [
        {
          "travelerId": "1",
          "fareOption": "STANDARD",
          "travelerType": "ADULT",
          "price": {
            "currency": "USD",
            "total": "223.96",
            "base": "170.86"
          },
          "fareDetailsBySegment": [
            {
              "segmentId": "1",
              "cabin": "ECONOMY",
              "fareBasis": "G21EBZ2",
              "brandedFare": "ECP",
              "brandedFareLabel": "ECONOMY",
              "class": "G",
              "amenities": [
                {
                  "description": "UPTO100LB 45KG BAGGAGE",
                  "isChargeable": true,
                  "amenityType": "BAGGAGE",
                  "amenityProvider": {
                    "name": "BrandedFare"
                  }
                },
                {
                  "description": "FIRST CHECKED BAG",
                  "isChargeable": true,
                  "amenityType": "BAGGAGE",
                  "amenityProvider": {
                    "name": "BrandedFare"
                  }
                },
                {
                  "description": "SECOND CHECKED BAG",
                  "isChargeable": true,
                  "amenityType": "BAGGAGE",
                  "amenityProvider": {
                    "name": "BrandedFare"
                  }
                },
                {
                  "description": "PRE RESERVED SEAT ASSIGNMENT",
                  "isChargeable": false,
                  "amenityType": "PRE_RESERVED_SEAT",
                  "amenityProvider": {
                    "name": "BrandedFare"
                  }
                },
                {
                  "description": "PRIORITY BOARDING",
                  "isChargeable": true,
                  "amenityType": "TRAVEL_SERVICES",
                  "amenityProvider": {
                    "name": "BrandedFare"
                  }
                },
                {
                  "description": "BASIC SEAT",
                  "isChargeable": false,
                  "amenityType": "BRANDED_FARES",
                  "amenityProvider": {
                    "name": "BrandedFare"
                  }
                },
                {
                  "description": "MILEAGE ACCRUAL",
                  "isChargeable": false,
                  "amenityType": "BRANDED_FARES",
                  "amenityProvider": {
                    "name": "BrandedFare"
                  }
                }
              ]
            },
            {
              "segmentId": "6",
              "cabin": "ECONOMY",
              "fareBasis": "E07PCZC",
              "brandedFare": "ECP",
              "brandedFareLabel": "ECONOMY",
              "class": "E",
              "amenities": [
                {
                  "description": "UPTO100LB 45KG BAGGAGE",
                  "isChargeable": true,
                  "amenityType": "BAGGAGE",
                  "amenityProvider": {
                    "name": "BrandedFare"
                  }
                },
                {
                  "description": "FIRST CHECKED BAG",
                  "isChargeable": true,
                  "amenityType": "BAGGAGE",
                  "amenityProvider": {
                    "name": "BrandedFare"
                  }
                },
                {
                  "description": "SECOND CHECKED BAG",
                  "isChargeable": true,
                  "amenityType": "BAGGAGE",
                  "amenityProvider": {
                    "name": "BrandedFare"
                  }
                },
                {
                  "description": "PRE RESERVED SEAT ASSIGNMENT",
                  "isChargeable": false,
                  "amenityType": "PRE_RESERVED_SEAT",
                  "amenityProvider": {
                    "name": "BrandedFare"
                  }
                },
                {
                  "description": "PRIORITY BOARDING",
                  "isChargeable": true,
                  "amenityType": "TRAVEL_SERVICES",
                  "amenityProvider": {
                    "name": "BrandedFare"
                  }
                },
                {
                  "description": "BASIC SEAT",
                  "isChargeable": false,
                  "amenityType": "BRANDED_FARES",
                  "amenityProvider": {
                    "name": "BrandedFare"
                  }
                },
                {
                  "description": "MILEAGE ACCRUAL",
                  "isChargeable": false,
                  "amenityType": "BRANDED_FARES",
                  "amenityProvider": {
                    "name": "BrandedFare"
                  }
                }
              ]
            },
            {
              "segmentId": "7",
              "cabin": "ECONOMY",
              "fareBasis": "E07PCZC",
              "brandedFare": "ECP",
              "brandedFareLabel": "ECONOMY",
              "class": "E",
              "amenities": [
                {
                  "description": "UPTO100LB 45KG BAGGAGE",
                  "isChargeable": true,
                  "amenityType": "BAGGAGE",
                  "amenityProvider": {
                    "name": "BrandedFare"
                  }
                },
                {
                  "description": "FIRST CHECKED BAG",
                  "isChargeable": true,
                  "amenityType": "BAGGAGE",
                  "amenityProvider": {
                    "name": "BrandedFare"
                  }
                },
                {
                  "description": "SECOND CHECKED BAG",
                  "isChargeable": true,
                  "amenityType": "BAGGAGE",
                  "amenityProvider": {
                    "name": "BrandedFare"
                  }
                },
                {
                  "description": "PRE RESERVED SEAT ASSIGNMENT",
                  "isChargeable": false,
                  "amenityType": "PRE_RESERVED_SEAT",
                  "amenityProvider": {
                    "name": "BrandedFare"
                  }
                },
                {
                  "description": "PRIORITY BOARDING",
                  "isChargeable": true,
                  "amenityType": "TRAVEL_SERVICES",
                  "amenityProvider": {
                    "name": "BrandedFare"
                  }
                },
                {
                  "description": "BASIC SEAT",
                  "isChargeable": false,
                  "amenityType": "BRANDED_FARES",
                  "amenityProvider": {
                    "name": "BrandedFare"
                  }
                },
                {
                  "description": "MILEAGE ACCRUAL",
                  "isChargeable": false,
                  "amenityType": "BRANDED_FARES",
                  "amenityProvider": {
                    "name": "BrandedFare"
                  }
                }
              ]
            }
          ]
        }
      ],
      "validating_airline_codes": [
        "F9"
      ],
      "duration": "PT6H11M",
      "stops": 1,
      "airline_names": [
        "Frontier Airlines"
      ],
      "departure_time": "11:00 AM",
      "arrival_time": "05:30 AM",
      "formatted_duration": "6h 11m",
      "currency": "USD",
      "sustainability_score": 72,
      "carbon_footprint": 300.0,
      "mood_score": 90
    },
    {
      "id": "3",
      "price": {
        "currency": "USD",
        "total": "223.96",
        "base": "170.86",
        "fees": [
          {
            "amount": "0.00",
            "type": "SUPPLIER"
          },
          {
            "amount": "0.00",
            "type": "TICKETING"
          }
        ],
        "grandTotal": "223.96"
      },
      "itineraries": [
        {
          "duration": "PT6H11M",
          "segments": [
            {
              "departure": {
                "iataCode": "JFK",
                "at": "2025-07-15T11:00:00"
              },
              "arrival": {
                "iataCode": "LAX",
                "terminal": "1",
                "at": "2025-07-15T14:11:00"
              },
              "carrierCode": "F9",
              "number": "2503",
              "aircraft": {
                "code": "32Q"
              },
              "operating": {
                "carrierCode": "F9"
              },
              "duration": "PT6H11M",
              "id": "1",
              "numberOfStops": 0,
              "blacklistedInEU": false
            }
          ]
        },
        {
          "duration": "PT13H25M",
          "segments": [
            {
              "departure": {
                "iataCode": "LAX",
                "terminal": "1",
                "at": "2025-07-20T13:05:00"
              },
              "arrival": {
                "iataCode": "LAS",
                "terminal": "3",
                "at": "2025-07-20T14:28:00"
              },
              "carrierCode": "F9",
              "number": "2264",
              "aircraft": {
                "code": "32Q"
              },
              "operating": {
                "carrierCode": "F9"
              },
              "duration": "PT1H23M",
              "id": "8",
              "numberOfStops": 0,
              "blacklistedInEU": false
            },
            {
              "departure": {
                "iataCode": "LAS",
                "terminal": "3",
                "at": "2025-07-20T21:32:00"
              },
              "arrival": {
                "iataCode": "JFK",
                "at": "2025-07-21T05:30:00"
              },
              "carrierCode": "F9",
              "number": "3238",
              "aircraft": {
                "code": "32Q"
              },
              "operating": {
                "carrierCode": "F9"
              },
              "duration": "PT4H58M",
              "id": "9",
              "numberOfStops": 0,
              "blacklistedInEU": false
            }
          ]
        }
      ],
      "traveler_pricings": [
        {
          "travelerId": "1",
          "fareOption": "STANDARD",
          "travelerType": "ADULT",
          "price": {
            "currency": "USD",
            "total": "223.96",
            "base": "170.86"
          },
          "fareDetailsBySegment": [
            {
              "segmentId": "1",
              "cabin": "ECONOMY",
              "fareBasis": "G21EBZ2",
              "brandedFare": "ECP",
              "brandedFareLabel": "ECONOMY",
              "class": "G",
              "amenities": [
                {
                  "description": "UPTO100LB 45KG BAGGAGE",
                  "isChargeable": true,
                  "amenityType": "BAGGAGE",
                  "amenityProvider": {
                    "name": "BrandedFare"
                  }
                },
                {
                  "description": "FIRST CHECKED BAG",
                  "isChargeable": true,
                  "amenityType": "BAGGAGE",
                  "amenityProvider": {
                    "name": "BrandedFare"
                  }
                },
                {
                  "description": "SECOND CHECKED BAG",
                  "isChargeable": true,
                  "amenityType": "BAGGAGE",
                  "amenityProvider": {
                    "name": "BrandedFare"
                  }
                },
                {
                  "description": "PRE RESERVED SEAT ASSIGNMENT",
                  "isChargeable": false,
                  "amenityType": "PRE_RESERVED_SEAT",
                  "amenityProvider": {
                    "name": "BrandedFare"
                  }
                },
                {
                  "description": "PRIORITY BOARDING",
                  "isChargeable": true,
                  "amenityType": "TRAVEL_SERVICES",
                  "amenityProvider": {
                    "name": "BrandedFare"
                  }
                },
                {
                  "description": "BASIC SEAT",
                  "isChargeable": false,
                  "amenityType": "BRANDED_FARES",
                  "amenityProvider": {
                    "name": "BrandedFare"
                  }
                },
                {
                  "description": "MILEAGE ACCRUAL",
                  "isChargeable": false,
                  "amenityType": "BRANDED_FARES",
                  "amenityProvider": {
                    "name": "BrandedFare"
                  }
                }
              ]
            },
            {
              "segmentId": "8",
              "cabin": "ECONOMY",
              "fareBasis": "E07PCZC",
              "brandedFare": "ECP",
              "brandedFareLabel": "ECONOMY",
              "class": "E",
              "amenities": [
                {
                  "description": "UPTO100LB 45KG BAGGAGE",
                  "isChargeable": true,
                  "amenityType": "BAGGAGE",
                  "amenityProvider": {
                    "name": "BrandedFare"
                  }
                },
                {
                  "description": "FIRST CHECKED BAG",
                  "isChargeable": true,
                  "amenityType": "BAGGAGE",
                  "amenityProvider": {
                    "name": "BrandedFare"
                  }
                },
                {
                  "description": "SECOND CHECKED BAG",
                  "isChargeable": true,
                  "amenityType": "BAGGAGE",
                  "amenityProvider": {
                    "name": "BrandedFare"
                  }
                },
                {
                  "description": "PRE RESERVED SEAT ASSIGNMENT",
                  "isChargeable": false,
                  "amenityType": "PRE_RESERVED_SEAT",
                  "amenityProvider": {
                    "name": "BrandedFare"
                  }
                },
                {
                  "description": "PRIORITY BOARDING",
                  "isChargeable": true,
                  "amenityType": "TRAVEL_SERVICES",
                  "amenityProvider": {
                    "name": "BrandedFare"
                  }
                },
                {
                  "description": "BASIC SEAT",
                  "isChargeable": false,
                  "amenityType": "BRANDED_FARES",
                  "amenityProvider": {
                    "name": "BrandedFare"
                  }
                },
                {
                  "description": "MILEAGE ACCRUAL",
                  "isChargeable": false,
                  "amenityType": "BRANDED_FARES",
                  "amenityProvider": {
                    "name": "BrandedFare"
                  }
                }
              ]
            },
            {
              "segmentId": "9",
              "cabin": "ECONOMY",
              "fareBasis": "E07PCZC",
              "brandedFare": "ECP",
              "brandedFareLabel": "ECONOMY",
              "class": "E",
              "amenities": [
                {
                  "description": "UPTO100LB 45KG BAGGAGE",
                  "isChargeable": true,
                  "amenityType": "BAGGAGE",
                  "amenityProvider": {
                    "name": "BrandedFare"
                  }
                },
                {
                  "description": "FIRST CHECKED BAG",
                  "isChargeable": true,
                  "amenityType": "BAGGAGE",
                  "amenityProvider": {
                    "name": "BrandedFare"
                  }
                },
                {
                  "description": "SECOND CHECKED BAG",
                  "isChargeable": true,
                  "amenityType": "BAGGAGE",
                  "amenityProvider": {
                    "name": "BrandedFare"
                  }
                },
                {
                  "description": "PRE RESERVED SEAT ASSIGNMENT",
                  "isChargeable": false,
                  "amenityType": "PRE_RESERVED_SEAT",
                  "amenityProvider": {
                    "name": "BrandedFare"
                  }
                },
                {
                  "description": "PRIORITY BOARDING",
                  "isChargeable": true,
                  "amenityType": "TRAVEL_SERVICES",
                  "amenityProvider": {
                    "name": "BrandedFare"
                  }
                },
                {
                  "description": "BASIC SEAT",
                  "isChargeable": false,
                  "amenityType": "BRANDED_FARES",
                  "amenityProvider": {
                    "name": "BrandedFare"
                  }
                },
                {
                  "description": "MILEAGE ACCRUAL",
                  "isChargeable": false,
                  "amenityType": "BRANDED_FARES",
                  "amenityProvider": {
                    "name": "BrandedFare"
                  }
                }
              ]
            }
          ]
        }
      ],
      "validating_airline_codes": [
        "F9"
      ],
      "duration": "PT6H11M",
      "stops": 1,
      "airline_names": [
        "Frontier Airlines"
      ],
      "departure_time": "11:00 AM",
      "arrival_time": "05:30 AM",
      "formatted_duration": "6h 11m",
      "currency": "USD",
      "sustainability_score": 80,
      "carbon_footprint": 300.0,
      "mood_score": 86
    },
    {
      "id": "4",
      "price": {
        "currency": "USD",
        "total": "223.96",
        "base": "170.86",
        "fees": [
          {
            "amount": "0.00",
            "type": "SUPPLIER"
          },
          {
            "amount": "0.00",
            "type": "TICKETING"
          }
        ],
        "grandTotal": "223.96"
      },
      "itineraries": [
        {
          "duration": "PT6H11M",
          "segments": [
            {
              "departure": {
                "iataCode": "JFK",
                "at": "2025-07-15T11:00:00"
              },
              "arrival": {
                "iataCode": "LAX",
                "terminal": "1",
                "at": "2025-07-15T14:11:00"
              },
              "carrierCode": "F9",
              "number": "2503",
              "aircraft": {
                "code": "32Q"
              },
              "operating": {
                "carrierCode": "F9"
              },
              "duration": "PT6H11M",
              "id": "1",
              "numberOfStops": 0,
              "blacklistedInEU": false
            }
          ]
        },
        {
          "duration": "PT14H1M",
          "segments": [
            {
              "departure": {
                "iataCode": "LAX",
                "terminal": "1",
                "at": "2025-07-20T16:59:00"
              },
              "arrival": {
                "iataCode": "MCO",
                "at": "2025-07-21T01:04:00"
              },
              "carrierCode": "F9",
              "number": "4146",
              "aircraft": {
                "code": "32Q"
              },
              "operating": {
                "carrierCode": "F9"
              },
              "duration": "PT5H5M",
              "id": "4",
              "numberOfStops": 0,
              "blacklistedInEU": false
            },
            {
              "departure": {
                "iataCode": "MCO",
                "at": "2025-07-21T07:13:00"
              },
              "arrival": {
                "iataCode": "JFK",
                "at": "2025-07-21T10:00:00"
              },
              "carrierCode": "F9",
              "number": "4872",
              "aircraft": {
                "code": "32Q"
              },
              "operating": {
                "carrierCode": "F9"
              },
              "duration": "PT2H47M",
              "id": "5",
              "numberOfStops": 0,
              "blacklistedInEU": false
            }
          ]
        }
      ],
      "traveler_pricings": [
        {
          "travelerId": "1",
          "fareOption": "STANDARD",
          "travelerType": "ADULT",
          "price": {
            "currency": "USD",
            "total": "223.96",
            "base": "170.86"
          },
          "fareDetailsBySegment": [
            {
              "segmentId": "1",
              "cabin": "ECONOMY",
              "fareBasis": "G21EBZ2",
              "brandedFare": "ECP",
              "brandedFareLabel": "ECONOMY",
              "class": "G",
              "amenities": [
                {
                  "description": "UPTO100LB 45KG BAGGAGE",
                  "isChargeable": true,
                  "amenityType": "BAGGAGE",
                  "amenityProvider": {
                    "name": "BrandedFare"
                  }
                },
                {
                  "description": "FIRST CHECKED BAG",
                  "isChargeable": true,
                  "amenityType": "BAGGAGE",
                  "amenityProvider": {
                    "name": "BrandedFare"
                  }
                },
                {
                  "description": "SECOND CHECKED BAG",
                  "isChargeable": true,
                  "amenityType": "BAGGAGE",
                  "amenityProvider": {
                    "name": "BrandedFare"
                  }
                },
                {
                  "description": "PRE RESERVED SEAT ASSIGNMENT",
                  "isChargeable": false,
                  "amenityType": "PRE_RESERVED_SEAT",
                  "amenityProvider": {
                    "name": "BrandedFare"
                  }
                },
                {
                  "description": "PRIORITY BOARDING",
                  "isChargeable": true,
                  "amenityType": "TRAVEL_SERVICES",
                  "amenityProvider": {
                    "name": "BrandedFare"
                  }
                },
                {
                  "description": "BASIC SEAT",
                  "isChargeable": false,
                  "amenityType": "BRANDED_FARES",
                  "amenityProvider": {
                    "name": "BrandedFare"
                  }
                },
                {
                  "description": "MILEAGE ACCRUAL",
                  "isChargeable": false,
                  "amenityType": "BRANDED_FARES",
                  "amenityProvider": {
                    "name": "BrandedFare"
                  }
                }
              ]
            },
            {
              "segmentId": "4",
              "cabin": "ECONOMY",
              "fareBasis": "E07PCZC",
              "brandedFare": "ECP",
              "brandedFareLabel": "ECONOMY",
              "class": "E",
              "amenities": [
                {
                  "description": "UPTO100LB 45KG BAGGAGE",
                  "isChargeable": true,
                  "amenityType": "BAGGAGE",
                  "amenityProvider": {
                    "name": "BrandedFare"
                  }
                },
                {
                  "description": "FIRST CHECKED BAG",
                  "isChargeable": true,
                  "amenityType": "BAGGAGE",
                  "amenityProvider": {
                    "name": "BrandedFare"
                  }
                },
                {
                  "description": "SECOND CHECKED BAG",
                  "isChargeable": true,
                  "amenityType": "BAGGAGE",
                  "amenityProvider": {
                    "name": "BrandedFare"
                  }
                },
                {
                  "description": "PRE RESERVED SEAT ASSIGNMENT",
                  "isChargeable": false,
                  "amenityType": "PRE_RESERVED_SEAT",
                  "amenityProvider": {
                    "name": "BrandedFare"
                  }
                },
                {
                  "description": "PRIORITY BOARDING",
                  "isChargeable": true,
                  "amenityType": "TRAVEL_SERVICES",
                  "amenityProvider": {
                    "name": "BrandedFare"
                  }
                },
                {
                  "description": "BASIC SEAT",
                  "isChargeable": false,
                  "amenityType": "BRANDED_FARES",
                  "amenityProvider": {
                    "name": "BrandedFare"
                  }
                },
                {
                  "description": "MILEAGE ACCRUAL",
                  "isChargeable": false,
                  "amenityType": "BRANDED_FARES",
                  "amenityProvider": {
                    "name": "BrandedFare"
                  }
                }
              ]
            },
            {
              "segmentId": "5",
              "cabin": "ECONOMY",
              "fareBasis": "E07PCZC",
              "brandedFare": "ECP",
              "brandedFareLabel": "ECONOMY",
              "class": "E",
              "amenities": [
                {
                  "description": "UPTO100LB 45KG BAGGAGE",
                  "isChargeable": true,
                  "amenityType": "BAGGAGE",
                  "amenityProvider": {
                    "name": "BrandedFare"
                  }
                },
                {
                  "description": "FIRST CHECKED BAG",
                  "isChargeable": true,
                  "amenityType": "BAGGAGE",
                  "amenityProvider": {
                    "name": "BrandedFare"
                  }
                },
                {
                  "description": "SECOND CHECKED BAG",
                  "isChargeable": true,
                  "amenityType": "BAGGAGE",
                  "amenityProvider": {
                    "name": "BrandedFare"
                  }
                },
                {
                  "description": "PRE RESERVED SEAT ASSIGNMENT",
                  "isChargeable": false,
                  "amenityType": "PRE_RESERVED_SEAT",
                  "amenityProvider": {
                    "name": "BrandedFare"
                  }
                },
                {
                  "description": "PRIORITY BOARDING",
                  "isChargeable": true,
                  "amenityType": "TRAVEL_SERVICES",
                  "amenityProvider": {
                    "name": "BrandedFare"
                  }
                },
                {
                  "description": "BASIC SEAT",
                  "isChargeable": false,
                  "amenityType": "BRANDED_FARES",
                  "amenityProvider": {
                    "name": "BrandedFare"
                  }
                },
                {
                  "description": "MILEAGE ACCRUAL",
                  "isChargeable": false,
                  "amenityType": "BRANDED_FARES",
                  "amenityProvider": {
                    "name": "BrandedFare"
                  }
                }
              ]
            }
          ]
        }
      ],
      "validating_airline_codes": [
        "F9"
      ],
      "duration": "PT6H11M",
      "stops": 1,
      "airline_names": [
        "Frontier Airlines"
      ],
      "departure_time": "11:00 AM",
      "arrival_time": "10:00 AM",
      "formatted_duration": "6h 11m",
      "currency": "USD",
      "sustainability_score": 75,
      "carbon_footprint": 300.0,
      "mood_score": 60
    },
    {
      "id": "5",
      "price": {
        "currency": "USD",
        "total": "233.23",
        "base": "188.53",
        "fees": [
          {
            "amount": "0.00",
            "type": "SUPPLIER"
          },
          {
            "amount": "0.00",
            "type": "TICKETING"
          }
        ],
        "grandTotal": "233.23"
      },
      "itineraries": [
        {
          "duration": "PT6H11M",
          "segments": [
            {
              "departure": {
                "iataCode": "JFK",
                "at": "2025-07-15T11:00:00"
              },
              "arrival": {
                "iataCode": "LAX",
                "terminal": "1",
                "at": "2025-07-15T14:11:00"
              },
              "carrierCode": "F9",
              "number": "2503",
              "aircraft": {
                "code": "32Q"
              },
              "operating": {
                "carrierCode": "F9"
              },
              "duration": "PT6H11M",
              "id": "1",
              "numberOfStops": 0,
              "blacklistedInEU": false
            }
          ]
        },
        {
          "duration": "PT5H40M",
          "segments": [
            {
              "departure": {
                "iataCode": "LAX",
                "terminal": "1",
                "at": "2025-07-20T21:20:00"
              },
              "arrival": {
                "iataCode": "JFK",
                "at": "2025-07-21T06:00:00"
              },
              "carrierCode": "F9",
              "number": "2504",
              "aircraft": {
                "code": "32Q"
              },
              "operating": {
                "carrierCode": "F9"
              },
              "duration": "PT5H40M",
              "id": "12",
              "numberOfStops": 0,
              "blacklistedInEU": false
            }
          ]
        }
      ],
      "traveler_pricings": [
        {
          "travelerId": "1",
          "fareOption": "STANDARD",
          "travelerType": "ADULT",
          "price": {
            "currency": "USD",
            "total": "233.23",
            "base": "188.53"
          },
          "fareDetailsBySegment": [
            {
              "segmentId": "1",
              "cabin": "ECONOMY",
              "fareBasis": "G21EBZ2",
              "brandedFare": "ECP",
              "brandedFareLabel": "ECONOMY",
              "class": "G",
              "amenities": [
                {
                  "description": "UPTO100LB 45KG BAGGAGE",
                  "isChargeable": true,
                  "amenityType": "BAGGAGE",
                  "amenityProvider": {
                    "name": "BrandedFare"
                  }
                },
                {
                  "description": "FIRST CHECKED BAG",
                  "isChargeable": true,
                  "amenityType": "BAGGAGE",
                  "amenityProvider": {
                    "name": "BrandedFare"
                  }
                },
                {
                  "description": "SECOND CHECKED BAG",
                  "isChargeable": true,
                  "amenityType": "BAGGAGE",
                  "amenityProvider": {
                    "name": "BrandedFare"
                  }
                },
                {
                  "description": "PRE RESERVED SEAT ASSIGNMENT",
                  "isChargeable": false,
                  "amenityType": "PRE_RESERVED_SEAT",
                  "amenityProvider": {
                    "name": "BrandedFare"
                  }
                },
                {
                  "description": "PRIORITY BOARDING",
                  "isChargeable": true,
                  "amenityType": "TRAVEL_SERVICES",
                  "amenityProvider": {
                    "name": "BrandedFare"
                  }
                },
                {
                  "description": "BASIC SEAT",
                  "isChargeable": false,
                  "amenityType": "BRANDED_FARES",
                  "amenityProvider": {
                    "name": "BrandedFare"
                  }
                },
                {
                  "description": "MILEAGE ACCRUAL",
                  "isChargeable": false,
                  "amenityType": "BRANDED_FARES",
                  "amenityProvider": {
                    "name": "BrandedFare"
                  }
                }
              ]
            },
            {
              "segmentId": "12",
              "cabin": "ECONOMY",
              "fareBasis": "D14PBZN",
              "brandedFare": "ECP",
              "brandedFareLabel": "ECONOMY",
              "class": "D",
              "amenities": [
                {
                  "description": "UPTO100LB 45KG BAGGAGE",
                  "isChargeable": true,
                  "amenityType": "BAGGAGE",
                  "amenityProvider": {
                    "name": "BrandedFare"
                  }
                },
                {
                  "description": "FIRST CHECKED BAG",
                  "isChargeable": true,
                  "amenityType": "BAGGAGE",
                  "amenityProvider": {
                    "name": "BrandedFare"
                  }
                },
                {
                  "description": "SECOND CHECKED BAG",
                  "isChargeable": true,
                  "amenityType": "BAGGAGE",
                  "amenityProvider": {
                    "name": "BrandedFare"
                  }
                },
                {
                  "description": "PRE RESERVED SEAT ASSIGNMENT",
                  "isChargeable": false,
                  "amenityType": "PRE_RESERVED_SEAT",
                  "amenityProvider": {
                    "name": "BrandedFare"
                  }
                },
                {
                  "description": "PRIORITY BOARDING",
                  "isChargeable": true,
                  "amenityType": "TRAVEL_SERVICES",
                  "amenityProvider": {
                    "name": "BrandedFare"
                  }
                },
                {
                  "description": "BASIC SEAT",
                  "isChargeable": false,
                  "amenityType": "BRANDED_FARES",
                  "amenityProvider": {
                    "name": "BrandedFare"
                  }
                },
                {
                  "description": "MILEAGE ACCRUAL",
                  "isChargeable": false,
                  "amenityType": "BRANDED_FARES",
                  "amenityProvider": {
                    "name": "BrandedFare"
                  }
                }
              ]
            }
          ]
        }
      ],
      "validating_airline_codes": [
        "F9"
      ],
      "duration": "PT6H11M",
      "stops": 0,
      "airline_names": [
        "Frontier Airlines"
      ],
      "departure_time": "11:00 AM",
      "arrival_time": "06:00 AM",
      "formatted_duration": "6h 11m",
      "currency": "USD",
      "sustainability_score": 90,
      "carbon_footprint": 250.0,
      "mood_score": 79
    },
    {
      "id": "6",
      "price": {
        "currency": "USD",
        "total": "250.02",
        "base": "186.02",
        "fees": [
          {
            "amount": "0.00",
            "type": "SUPPLIER"
          },
          {
            "amount": "0.00",
            "type": "TICKETING"
          }
        ],
        "grandTotal": "250.02"
      },
      "itineraries": [
        {
          "duration": "PT8H35M",
          "segments": [
            {
              "departure": {
                "iataCode": "JFK",
                "at": "2025-07-15T06:30:00"
              },
              "arrival": {
                "iataCode": "LAS",
                "terminal": "3",
                "at": "2025-07-15T09:12:00"
              },
              "carrierCode": "F9",
              "number": "3237",
              "aircraft": {
                "code": "32Q"
              },
              "operating": {
                "carrierCode": "F9"
              },
              "duration": "PT5H42M",
              "id": "2",
              "numberOfStops": 0,
              "blacklistedInEU": false
            },
            {
              "departure": {
                "iataCode": "LAS",
                "terminal": "3",
                "at": "2025-07-15T10:41:00"
              },
              "arrival": {
                "iataCode": "LAX",
                "terminal": "1",
                "at": "2025-07-15T12:05:00"
              },
              "carrierCode": "F9",
              "number": "3291",
              "aircraft": {
                "code": "32Q"
              },
              "operating": {
                "carrierCode": "F9"
              },
              "duration": "PT1H24M",
              "id": "3",
              "numberOfStops": 0,
              "blacklistedInEU": false
            }
          ]
        },
        {
          "duration": "PT8H26M",
          "segments": [
            {
              "departure": {
                "iataCode": "LAX",
                "terminal": "1",
                "at": "2025-07-20T22:35:00"
              },
              "arrival": {
                "iataCode": "ATL",
                "terminal": "N",
                "at": "2025-07-21T06:01:00"
              },
              "carrierCode": "F9",
              "number": "3216",
              "aircraft": {
                "code": "32Q"
              },
              "operating": {
                "carrierCode": "F9"
              },
              "duration": "PT4H26M",
              "id": "10",
              "numberOfStops": 0,
              "blacklistedInEU": false
            },
            {
              "departure": {
                "iataCode": "ATL",
                "terminal": "N",
                "at": "2025-07-21T07:39:00"
              },
              "arrival": {
                "iataCode": "JFK",
                "at": "2025-07-21T10:01:00"
              },
              "carrierCode": "F9",
              "number": "1872",
              "aircraft": {
                "code": "32Q"
              },
              "operating": {
                "carrierCode": "F9"
              },
              "duration": "PT2H22M",
              "id": "11",
              "numberOfStops": 0,
              "blacklistedInEU": false
            }
          ]
        }
      ],
      "traveler_pricings": [
        {
          "travelerId": "1",
          "fareOption": "STANDARD",
          "travelerType": "ADULT",
          "price": {
            "currency": "USD",
            "total": "250.02",
            "base": "186.02"
          },
          "fareDetailsBySegment": [
            {
              "segmentId": "2",
              "cabin": "ECONOMY",
              "fareBasis": "E07PCZC",
              "brandedFare": "ECP",
              "brandedFareLabel": "ECONOMY",
              "class": "E",
              "amenities": [
                {
                  "description": "UPTO100LB 45KG BAGGAGE",
                  "isChargeable": true,
                  "amenityType": "BAGGAGE",
                  "amenityProvider": {
                    "name": "BrandedFare"
                  }
                },
                {
                  "description": "FIRST CHECKED BAG",
                  "isChargeable": true,
                  "amenityType": "BAGGAGE",
                  "amenityProvider": {
                    "name": "BrandedFare"
                  }
                },
                {
                  "description": "SECOND CHECKED BAG",
                  "isChargeable": true,
                  "amenityType": "BAGGAGE",
                  "amenityProvider": {
                    "name": "BrandedFare"
                  }
                },
                {
                  "description": "PRE RESERVED SEAT ASSIGNMENT",
                  "isChargeable": false,
                  "amenityType": "PRE_RESERVED_SEAT",
                  "amenityProvider": {
                    "name": "BrandedFare"
                  }
                },
                {
                  "description": "PRIORITY BOARDING",
                  "isChargeable": true,
                  "amenityType": "TRAVEL_SERVICES",
                  "amenityProvider": {
                    "name": "BrandedFare"
                  }
                },
                {
                  "description": "BASIC SEAT",
                  "isChargeable": false,
                  "amenityType": "BRANDED_FARES",
                  "amenityProvider": {
                    "name": "BrandedFare"
                  }
                },
                {
                  "description": "MILEAGE ACCRUAL",
                  "isChargeable": false,
                  "amenityType": "BRANDED_FARES",
                  "amenityProvider": {
                    "name": "BrandedFare"
                  }
                }
              ]
            },
            {
              "segmentId": "3",
              "cabin": "ECONOMY",
              "fareBasis": "E07PCZC",
              "brandedFare": "ECP",
              "brandedFareLabel": "ECONOMY",
              "class": "E",
              "amenities": [
                {
                  "description": "UPTO100LB 45KG BAGGAGE",
                  "isChargeable": true,
                  "amenityType": "BAGGAGE",
                  "amenityProvider": {
                    "name": "BrandedFare"
                  }
                },
                {
                  "description": "FIRST CHECKED BAG",
                  "isChargeable": true,
                  "amenityType": "BAGGAGE",
                  "amenityProvider": {
                    "name": "BrandedFare"
                  }
                },
                {
                  "description": "SECOND CHECKED BAG",
                  "isChargeable": true,
                  "amenityType": "BAGGAGE",
                  "amenityProvider": {
                    "name": "BrandedFare"
                  }
                },
                {
                  "description": "PRE RESERVED SEAT ASSIGNMENT",
                  "isChargeable": false,
                  "amenityType": "PRE_RESERVED_SEAT",
                  "amenityProvider": {
                    "name": "BrandedFare"
                  }
                },
                {
                  "description": "PRIORITY BOARDING",
                  "isChargeable": true,
                  "amenityType": "TRAVEL_SERVICES",
                  "amenityProvider": {
                    "name": "BrandedFare"
                  }
                },
                {
                  "description": "BASIC SEAT",
                  "isChargeable": false,
                  "amenityType": "BRANDED_FARES",
                  "amenityProvider": {
                    "name": "BrandedFare"
                  }
                },
                {
                  "description": "MILEAGE ACCRUAL",
                  "isChargeable": false,
                  "amenityType": "BRANDED_FARES",
                  "amenityProvider": {
                    "name": "BrandedFare"
                  }
                }
              ]
            },
            {
              "segmentId": "10",
              "cabin": "ECONOMY",
              "fareBasis": "E07PCZC",
              "brandedFare": "ECP",
              "brandedFareLabel": "ECONOMY",
              "class": "E",
              "amenities": [
                {
                  "description": "UPTO100LB 45KG BAGGAGE",
                  "isChargeable": true,
                  "amenityType": "BAGGAGE",
                  "amenityProvider": {
                    "name": "BrandedFare"
                  }
                },
                {
                  "description": "FIRST CHECKED BAG",
                  "isChargeable": true,
                  "amenityType": "BAGGAGE",
                  "amenityProvider": {
                    "name": "BrandedFare"
                  }
                },
                {
                  "description": "SECOND CHECKED BAG",
                  "isChargeable": true,
                  "amenityType": "BAGGAGE",
                  "amenityProvider": {
                    "name": "BrandedFare"
                  }
                },
                {
                  "description": "PRE RESERVED SEAT ASSIGNMENT",
                  "isChargeable": false,
                  "amenityType": "PRE_RESERVED_SEAT",
                  "amenityProvider": {
                    "name": "BrandedFare"
                  }
                },
                {
                  "description": "PRIORITY BOARDING",
                  "isChargeable": true,
                  "amenityType": "TRAVEL_SERVICES",
                  "amenityProvider": {
                    "name": "BrandedFare"
                  }
                },
                {
                  "description": "BASIC SEAT",
                  "isChargeable": false,
                  "amenityType": "BRANDED_FARES",
                  "amenityProvider": {
                    "name": "BrandedFare"
                  }
                },
                {
                  "description": "MILEAGE ACCRUAL",
                  "isChargeable": false,
                  "amenityType": "BRANDED_FARES",
                  "amenityProvider": {
                    "name": "BrandedFare"
                  }
                }
              ]
            },
            {
              "segmentId": "11",
              "cabin": "ECONOMY",
              "fareBasis": "E07PCZC",
              "brandedFare": "ECP",
              "brandedFareLabel": "ECONOMY",
              "class": "E",
              "amenities": [
                {
                  "description": "UPTO100LB 45KG BAGGAGE",
                  "isChargeable": true,
                  "amenityType": "BAGGAGE",
                  "amenityProvider": {
                    "name": "BrandedFare"
                  }
                },
                {
                  "description": "FIRST CHECKED BAG",
                  "isChargeable": true,
                  "amenityType": "BAGGAGE",
                  "amenityProvider": {
                    "name": "BrandedFare"
                  }
                },
                {
                  "description": "SECOND CHECKED BAG",
                  "isChargeable": true,
                  "amenityType": "BAGGAGE",
                  "amenityProvider": {
                    "name": "BrandedFare"
                  }
                },
                {
                  "description": "PRE RESERVED SEAT ASSIGNMENT",
                  "isChargeable": false,
                  "amenityType": "PRE_RESERVED_SEAT",
                  "amenityProvider": {
                    "name": "BrandedFare"
                  }
                },
                {
                  "description": "PRIORITY BOARDING",
                  "isChargeable": true,
                  "amenityType": "TRAVEL_SERVICES",
                  "amenityProvider": {
                    "name": "BrandedFare"
                  }
                },
                {
                  "description": "BASIC SEAT",
                  "isChargeable": false,
                  "amenityType": "BRANDED_FARES",
                  "amenityProvider": {
                    "name": "BrandedFare"
                  }
                },
                {
                  "description": "MILEAGE ACCRUAL",
                  "isChargeable": false,
                  "amenityType": "BRANDED_FARES",
                  "amenityProvider": {
                    "name": "BrandedFare"
                  }
                }
              ]
            }
          ]
        }
      ],
      "validating_airline_codes": [
        "F9"
      ],
      "duration": "PT8H35M",
      "stops": 2,
      "airline_names": [
        "Frontier Airlines"
      ],
      "departure_time": "06:30 AM",
      "arrival_time": "10:01 AM",
      "formatted_duration": "8h 35m",
      "currency": "USD",
      "sustainability_score": 73,
      "carbon_footprint": 350.0,
      "mood_score": 94
    },
    {
      "id": "7",
      "price": {
        "currency": "USD",
        "total": "250.02",
        "base": "186.02",
        "fees": [
          {
            "amount": "0.00",
            "type": "SUPPLIER"
          },
          {
            "amount": "0.00",
            "type": "TICKETING"
          }
        ],
        "grandTotal": "250.02"
      },
      "itineraries": [
        {
          "duration": "PT8H35M",
          "segments": [
            {
              "departure": {
                "iataCode": "JFK",
                "at": "2025-07-15T06:30:00"
              },
              "arrival": {
                "iataCode": "LAS",
                "terminal": "3",
                "at": "2025-07-15T09:12:00"
              },
              "carrierCode": "F9",
              "number": "3237",
              "aircraft": {
                "code": "32Q"
              },
              "operating": {
                "carrierCode": "F9"
              },
              "duration": "PT5H42M",
              "id": "2",
              "numberOfStops": 0,
              "blacklistedInEU": false
            },
            {
              "departure": {
                "iataCode": "LAS",
                "terminal": "3",
                "at": "2025-07-15T10:41:00"
              },
              "arrival": {
                "iataCode": "LAX",
                "terminal": "1",
                "at": "2025-07-15T12:05:00"
              },
              "carrierCode": "F9",
              "number": "3291",
              "aircraft": {
                "code": "32Q"
              },
              "operating": {
                "carrierCode": "F9"
              },
              "duration": "PT1H24M",
              "id": "3",
              "numberOfStops": 0,
              "blacklistedInEU": false
            }
          ]
        },
        {
          "duration": "PT11H25M",
          "segments": [
            {
              "departure": {
                "iataCode": "LAX",
                "terminal": "1",
                "at": "2025-07-20T15:05:00"
              },
              "arrival": {
                "iataCode": "LAS",
                "terminal": "3",
                "at": "2025-07-20T16:30:00"
              },
              "carrierCode": "F9",
              "number": "3292",
              "aircraft": {
                "code": "32Q"
              },
              "operating": {
                "carrierCode": "F9"
              },
              "duration": "PT1H25M",
              "id": "6",
              "numberOfStops": 0,
              "blacklistedInEU": false
            },
            {
              "departure": {
                "iataCode": "LAS",
                "terminal": "3",
                "at": "2025-07-20T21:32:00"
              },
              "arrival": {
                "iataCode": "JFK",
                "at": "2025-07-21T05:30:00"
              },
              "carrierCode": "F9",
              "number": "3238",
              "aircraft": {
                "code": "32Q"
              },
              "operating": {
                "carrierCode": "F9"
              },
              "duration": "PT4H58M",
              "id": "7",
              "numberOfStops": 0,
              "blacklistedInEU": false
            }
          ]
        }
      ],
      "traveler_pricings": [
        {
          "travelerId": "1",
          "fareOption": "STANDARD",
          "travelerType": "ADULT",
          "price": {
            "currency": "USD",
            "total": "250.02",
            "base": "186.02"
          },
          "fareDetailsBySegment": [
            {
              "segmentId": "2",
              "cabin": "ECONOMY",
              "fareBasis": "E07PCZC",
              "brandedFare": "ECP",
              "brandedFareLabel": "ECONOMY",
              "class": "E",
              "amenities": [
                {
                  "description": "UPTO100LB 45KG BAGGAGE",
                  "isChargeable": true,
                  "amenityType": "BAGGAGE",
                  "amenityProvider": {
                    "name": "BrandedFare"
                  }
                },
                {
                  "description": "FIRST CHECKED BAG",
                  "isChargeable": true,
                  "amenityType": "BAGGAGE",
                  "amenityProvider": {
                    "name": "BrandedFare"
                  }
                },
                {
                  "description": "SECOND CHECKED BAG",
                  "isChargeable": true,
                  "amenityType": "BAGGAGE",
                  "amenityProvider": {
                    "name": "BrandedFare"
                  }
                },
                {
                  "description": "PRE RESERVED SEAT ASSIGNMENT",
                  "isChargeable": false,
                  "amenityType": "PRE_RESERVED_SEAT",
                  "amenityProvider": {
                    "name": "BrandedFare"
                  }
                },
                {
                  "description": "PRIORITY BOARDING",
                  "isChargeable": true,
                  "amenityType": "TRAVEL_SERVICES",
                  "amenityProvider": {
                    "name": "BrandedFare"
                  }
                },
                {
                  "description": "BASIC SEAT",
                  "isChargeable": false,
                  "amenityType": "BRANDED_FARES",
                  "amenityProvider": {
                    "name": "BrandedFare"
                  }
                },
                {
                  "description": "MILEAGE ACCRUAL",
                  "isChargeable": false,
                  "amenityType": "BRANDED_FARES",
                  "amenityProvider": {
                    "name": "BrandedFare"
                  }
                }
              ]
            },
            {
              "segmentId": "3",
              "cabin": "ECONOMY",
              "fareBasis": "E07PCZC",
              "brandedFare": "ECP",
              "brandedFareLabel": "ECONOMY",
              "class": "E",
              "amenities": [
                {
                  "description": "UPTO100LB 45KG BAGGAGE",
                  "isChargeable": true,
                  "amenityType": "BAGGAGE",
                  "amenityProvider": {
                    "name": "BrandedFare"
                  }
                },
                {
                  "description": "FIRST CHECKED BAG",
                  "isChargeable": true,
                  "amenityType": "BAGGAGE",
                  "amenityProvider": {
                    "name": "BrandedFare"
                  }
                },
                {
                  "description": "SECOND CHECKED BAG",
                  "isChargeable": true,
                  "amenityType": "BAGGAGE",
                  "amenityProvider": {
                    "name": "BrandedFare"
                  }
                },
                {
                  "description": "PRE RESERVED SEAT ASSIGNMENT",
                  "isChargeable": false,
                  "amenityType": "PRE_RESERVED_SEAT",
                  "amenityProvider": {
                    "name": "BrandedFare"
                  }
                },
                {
                  "description": "PRIORITY BOARDING",
                  "isChargeable": true,
                  "amenityType": "TRAVEL_SERVICES",
                  "amenityProvider": {
                    "name": "BrandedFare"
                  }
                },
                {
                  "description": "BASIC SEAT",
                  "isChargeable": false,
                  "amenityType": "BRANDED_FARES",
                  "amenityProvider": {
                    "name": "BrandedFare"
                  }
                },
                {
                  "description": "MILEAGE ACCRUAL",
                  "isChargeable": false,
                  "amenityType": "BRANDED_FARES",
                  "amenityProvider": {
                    "name": "BrandedFare"
                  }
                }
              ]
            },
            {
              "segmentId": "6",
              "cabin": "ECONOMY",
              "fareBasis": "E07PCZC",
              "brandedFare": "ECP",
              "brandedFareLabel": "ECONOMY",
              "class": "E",
              "amenities": [
                {
                  "description": "UPTO100LB 45KG BAGGAGE",
                  "isChargeable": true,
                  "amenityType": "BAGGAGE",
                  "amenityProvider": {
                    "name": "BrandedFare"
                  }
                },
                {
                  "description": "FIRST CHECKED BAG",
                  "isChargeable": true,
                  "amenityType": "BAGGAGE",
                  "amenityProvider": {
                    "name": "BrandedFare"
                  }
                },
                {
                  "description": "SECOND CHECKED BAG",
                  "isChargeable": true,
                  "amenityType": "BAGGAGE",
                  "amenityProvider": {
                    "name": "BrandedFare"
                  }
                },
                {
                  "description": "PRE RESERVED SEAT ASSIGNMENT",
                  "isChargeable": false,
                  "amenityType": "PRE_RESERVED_SEAT",
                  "amenityProvider": {
                    "name": "BrandedFare"
                  }
                },
                {
                  "description": "PRIORITY BOARDING",
                  "isChargeable": true,
                  "amenityType": "TRAVEL_SERVICES",
                  "amenityProvider": {
                    "name": "BrandedFare"
                  }
                },
                {
                  "description": "BASIC SEAT",
                  "isChargeable": false,
                  "amenityType": "BRANDED_FARES",
                  "amenityProvider": {
                    "name": "BrandedFare"
                  }
                },
                {
                  "description": "MILEAGE ACCRUAL",
                  "isChargeable": false,
                  "amenityType": "BRANDED_FARES",
                  "amenityProvider": {
                    "name": "BrandedFare"
                  }
                }
              ]
            },
            {
              "segmentId": "7",
              "cabin": "ECONOMY",
              "fareBasis": "E07PCZC",
              "brandedFare": "ECP",
              "brandedFareLabel": "ECONOMY",
              "class": "E",
              "amenities": [
                {
                  "description": "UPTO100LB 45KG BAGGAGE",
                  "isChargeable": true,
                  "amenityType": "BAGGAGE",
                  "amenityProvider": {
                    "name": "BrandedFare"
                  }
                },
                {
                  "description": "FIRST CHECKED BAG",
                  "isChargeable": true,
                  "amenityType": "BAGGAGE",
                  "amenityProvider": {
                    "name": "BrandedFare"
                  }
                },
                {
                  "description": "SECOND CHECKED BAG",
                  "isChargeable": true,
                  "amenityType": "BAGGAGE",
                  "amenityProvider": {
                    "name": "BrandedFare"
                  }
                },
                {
                  "description": "PRE RESERVED SEAT ASSIGNMENT",
                  "isChargeable": false,
                  "amenityType": "PRE_RESERVED_SEAT",
                  "amenityProvider": {
                    "name": "BrandedFare"
                  }
                },
                {
                  "description": "PRIORITY BOARDING",
                  "isChargeable": true,
                  "amenityType": "TRAVEL_SERVICES",
                  "amenityProvider": {
                    "name": "BrandedFare"
                  }
                },
                {
                  "description": "BASIC SEAT",
                  "isChargeable": false,
                  "amenityType": "BRANDED_FARES",
                  "amenityProvider": {
                    "name": "BrandedFare"
                  }
                },
                {
                  "description": "MILEAGE ACCRUAL",
                  "isChargeable": false,
                  "amenityType": "BRANDED_FARES",
                  "amenityProvider": {
                    "name": "BrandedFare"
                  }
                }
              ]
            }
          ]
        }
      ],
      "validating_airline_codes": [
        "F9"
      ],
      "duration": "PT8H35M",
      "stops": 2,
      "airline_names": [
        "Frontier Airlines"
      ],
      "departure_time": "06:30 AM",
      "arrival_time": "05:30 AM",
      "formatted_duration": "8h 35m",
      "currency": "USD",
      "sustainability_score": 77,
      "carbon_footprint": 350.0,
      "mood_score": 81
    },
    {
      "id": "8",
      "price": {
        "currency": "USD",
        "total": "250.02",
        "base": "186.02",
        "fees": [
          {
            "amount": "0.00",
            "type": "SUPPLIER"
          },
          {
            "amount": "0.00",
            "type": "TICKETING"
          }
        ],
        "grandTotal": "250.02"
      },
      "itineraries": [
        {
          "duration": "PT8H35M",
          "segments": [
            {
              "departure": {
                "iataCode": "JFK",
                "at": "2025-07-15T06:30:00"
              },
              "arrival": {
                "iataCode": "LAS",
                "terminal": "3",
                "at": "2025-07-15T09:12:00"
              },
              "carrierCode": "F9",
              "number": "3237",
              "aircraft": {
                "code": "32Q"
              },
              "operating": {
                "carrierCode": "F9"
              },
              "duration": "PT5H42M",
              "id": "2",
              "numberOfStops": 0,
              "blacklistedInEU": false
            },
            {
              "departure": {
                "iataCode": "LAS",
                "terminal": "3",
                "at": "2025-07-15T10:41:00"
              },
              "arrival": {
                "iataCode": "LAX",
                "terminal": "1",
                "at": "2025-07-15T12:05:00"
              },
              "carrierCode": "F9",
              "number": "3291",
              "aircraft": {
                "code": "32Q"
              },
              "operating": {
                "carrierCode": "F9"
              },
              "duration": "PT1H24M",
              "id": "3",
              "numberOfStops": 0,
              "blacklistedInEU": false
            }
          ]
        },
        {
          "duration": "PT13H25M",
          "segments": [
            {
              "departure": {
                "iataCode": "LAX",
                "terminal": "1",
                "at": "2025-07-20T13:05:00"
              },
              "arrival": {
                "iataCode": "LAS",
                "terminal": "3",
                "at": "2025-07-20T14:28:00"
              },
              "carrierCode": "F9",
              "number": "2264",
              "aircraft": {
                "code": "32Q"
              },
              "operating": {
                "carrierCode": "F9"
              },
              "duration": "PT1H23M",
              "id": "8",
              "numberOfStops": 0,
              "blacklistedInEU": false
            },
            {
              "departure": {
                "iataCode": "LAS",
                "terminal": "3",
                "at": "2025-07-20T21:32:00"
              },
              "arrival": {
                "iataCode": "JFK",
                "at": "2025-07-21T05:30:00"
              },
              "carrierCode": "F9",
              "number": "3238",
              "aircraft": {
                "code": "32Q"
              },
              "operating": {
                "carrierCode": "F9"
              },
              "duration": "PT4H58M",
              "id": "9",
              "numberOfStops": 0,
              "blacklistedInEU": false
            }
          ]
        }
      ],
      "traveler_pricings": [
        {
          "travelerId": "1",
          "fareOption": "STANDARD",
          "travelerType": "ADULT",
          "price": {
            "currency": "USD",
            "total": "250.02",
            "base": "186.02"
          },
          "fareDetailsBySegment": [
            {
              "segmentId": "2",
              "cabin": "ECONOMY",
              "fareBasis": "E07PCZC",
              "brandedFare": "ECP",
              "brandedFareLabel": "ECONOMY",
              "class": "E",
              "amenities": [
                {
                  "description": "UPTO100LB 45KG BAGGAGE",
                  "isChargeable": true,
                  "amenityType": "BAGGAGE",
                  "amenityProvider": {
                    "name": "BrandedFare"
                  }
                },
                {
                  "description": "FIRST CHECKED BAG",
                  "isChargeable": true,
                  "amenityType": "BAGGAGE",
                  "amenityProvider": {
                    "name": "BrandedFare"
                  }
                },
                {
                  "description": "SECOND CHECKED BAG",
                  "isChargeable": true,
                  "amenityType": "BAGGAGE",
                  "amenityProvider": {
                    "name": "BrandedFare"
                  }
                },
                {
                  "description": "PRE RESERVED SEAT ASSIGNMENT",
                  "isChargeable": false,
                  "amenityType": "PRE_RESERVED_SEAT",
                  "amenityProvider": {
                    "name": "BrandedFare"
                  }
                },
                {
                  "description": "PRIORITY BOARDING",
                  "isChargeable": true,
                  "amenityType": "TRAVEL_SERVICES",
                  "amenityProvider": {
                    "name": "BrandedFare"
                  }
                },
                {
                  "description": "BASIC SEAT",
                  "isChargeable": false,
                  "amenityType": "BRANDED_FARES",
                  "amenityProvider": {
                    "name": "BrandedFare"
                  }
                },
                {
                  "description": "MILEAGE ACCRUAL",
                  "isChargeable": false,
                  "amenityType": "BRANDED_FARES",
                  "amenityProvider": {
                    "name": "BrandedFare"
                  }
                }
              ]
            },
            {
              "segmentId": "3",
              "cabin": "ECONOMY",
              "fareBasis": "E07PCZC",
              "brandedFare": "ECP",
              "brandedFareLabel": "ECONOMY",
              "class": "E",
              "amenities": [
                {
                  "description": "UPTO100LB 45KG BAGGAGE",
                  "isChargeable": true,
                  "amenityType": "BAGGAGE",
                  "amenityProvider": {
                    "name": "BrandedFare"
                  }
                },
                {
                  "description": "FIRST CHECKED BAG",
                  "isChargeable": true,
                  "amenityType": "BAGGAGE",
                  "amenityProvider": {
                    "name": "BrandedFare"
                  }
                },
                {
                  "description": "SECOND CHECKED BAG",
                  "isChargeable": true,
                  "amenityType": "BAGGAGE",
                  "amenityProvider": {
                    "name": "BrandedFare"
                  }
                },
                {
                  "description": "PRE RESERVED SEAT ASSIGNMENT",
                  "isChargeable": false,
                  "amenityType": "PRE_RESERVED_SEAT",
                  "amenityProvider": {
                    "name": "BrandedFare"
                  }
                },
                {
                  "description": "PRIORITY BOARDING",
                  "isChargeable": true,
                  "amenityType": "TRAVEL_SERVICES",
                  "amenityProvider": {
                    "name": "BrandedFare"
                  }
                },
                {
                  "description": "BASIC SEAT",
                  "isChargeable": false,
                  "amenityType": "BRANDED_FARES",
                  "amenityProvider": {
                    "name": "BrandedFare"
                  }
                },
                {
                  "description": "MILEAGE ACCRUAL",
                  "isChargeable": false,
                  "amenityType": "BRANDED_FARES",
                  "amenityProvider": {
                    "name": "BrandedFare"
                  }
                }
              ]
            },
            {
              "segmentId": "8",
              "cabin": "ECONOMY",
              "fareBasis": "E07PCZC",
              "brandedFare": "ECP",
              "brandedFareLabel": "ECONOMY",
              "class": "E",
              "amenities": [
                {
                  "description": "UPTO100LB 45KG BAGGAGE",
                  "isChargeable": true,
                  "amenityType": "BAGGAGE",
                  "amenityProvider": {
                    "name": "BrandedFare"
                  }
                },
                {
                  "description": "FIRST CHECKED BAG",
                  "isChargeable": true,
                  "amenityType": "BAGGAGE",
                  "amenityProvider": {
                    "name": "BrandedFare"
                  }
                },
                {
                  "description": "SECOND CHECKED BAG",
                  "isChargeable": true,
                  "amenityType": "BAGGAGE",
                  "amenityProvider": {
                    "name": "BrandedFare"
                  }
                },
                {
                  "description": "PRE RESERVED SEAT ASSIGNMENT",
                  "isChargeable": false,
                  "amenityType": "PRE_RESERVED_SEAT",
                  "amenityProvider": {
                    "name": "BrandedFare"
                  }
                },
                {
                  "description": "PRIORITY BOARDING",
                  "isChargeable": true,
                  "amenityType": "TRAVEL_SERVICES",
                  "amenityProvider": {
                    "name": "BrandedFare"
                  }
                },
                {
                  "description": "BASIC SEAT",
                  "isChargeable": false,
                  "amenityType": "BRANDED_FARES",
                  "amenityProvider": {
                    "name": "BrandedFare"
                  }
                },
                {
                  "description": "MILEAGE ACCRUAL",
                  "isChargeable": false,
                  "amenityType": "BRANDED_FARES",
                  "amenityProvider": {
                    "name": "BrandedFare"
                  }
                }
              ]
            },
            {
              "segmentId": "9",
              "cabin": "ECONOMY",
              "fareBasis": "E07PCZC",
              "brandedFare": "ECP",
              "brandedFareLabel": "ECONOMY",
              "class": "E",
              "amenities": [
                {
                  "description": "UPTO100LB 45KG BAGGAGE",
                  "isChargeable": true,
                  "amenityType": "BAGGAGE",
                  "amenityProvider": {
                    "name": "BrandedFare"
                  }
                },
                {
                  "description": "FIRST CHECKED BAG",
                  "isChargeable": true,
                  "amenityType": "BAGGAGE",
                  "amenityProvider": {
                    "name": "BrandedFare"
                  }
                },
                {
                  "description": "SECOND CHECKED BAG",
                  "isChargeable": true,
                  "amenityType": "BAGGAGE",
                  "amenityProvider": {
                    "name": "BrandedFare"
                  }
                },
                {
                  "description": "PRE RESERVED SEAT ASSIGNMENT",
                  "isChargeable": false,
                  "amenityType": "PRE_RESERVED_SEAT",
                  "amenityProvider": {
                    "name": "BrandedFare"
                  }
                },
                {
                  "description": "PRIORITY BOARDING",
                  "isChargeable": true,
                  "amenityType": "TRAVEL_SERVICES",
                  "amenityProvider": {
                    "name": "BrandedFare"
                  }
                },
                {
                  "description": "BASIC SEAT",
                  "isChargeable": false,
                  "amenityType": "BRANDED_FARES",
                  "amenityProvider": {
                    "name": "BrandedFare"
                  }
                },
                {
                  "description": "MILEAGE ACCRUAL",
                  "isChargeable": false,
                  "amenityType": "BRANDED_FARES",
                  "amenityProvider": {
                    "name": "BrandedFare"
                  }
                }
              ]
            }
          ]
        }
      ],
      "validating_airline_codes": [
        "F9"
      ],
      "duration": "PT8H35M",
      "stops": 2,
      "airline_names": [
        "Frontier Airlines"
      ],
      "departure_time": "06:30 AM",
      "arrival_time": "05:30 AM",
      "formatted_duration": "8h 35m",
      "currency": "USD",
      "sustainability_score": 71,
      "carbon_footprint": 350.0,
      "mood_score": 59
    }
  ],
  "carbon_data": {
    "total_kg_co2": 2500.0,
    "average_per_flight": 312.5,
    "comparison": "30% lower than average for this route",
    "offset_cost": 50.0
  },
  "recommendations": [
    {
      "type": "budget_tip",
      "title": "\ud83d\udcb0 Best Deal Found",
      "description": "Save money with Frontier Airlines - great value for your trip!"
    },
    {
      "type": "timing",
      "title": "\u23f0 Best Time to Book",
      "description": "Book now! Prices typically increase 2-3 weeks before departure."
    },
    {
      "type": "sustainability",
      "title": "\ud83c\udf31 Eco-Friendly Tip",
      "description": "Choose direct flights to reduce your carbon footprint by up to 30%."
    }
  ],
  "smart_features_applied": {
    "sustainabilityMode": true,
    "budgetIntelligence": true,
    "moodBasedSuggestions": true
  }
}
✅ Test passed

================================================================================
Running test: Smart Flight Search with Abbreviations
URL: https://cfde3e21-8cc7-4f92-8e99-3e2b8a582569.preview.emergentagent.com/api/flights/search-smart
Method: POST
Request data: {
  "origin": "NYC",
  "destination": "LA",
  "departureDate": "2025-07-15",
  "returnDate": "2025-07-20",
  "adults": 1,
  "travelClass": "ECONOMY",
  "smart_features": {
    "sustainabilityMode": true,
    "budgetIntelligence": true,
    "moodBasedSuggestions": true
  }
}
Response time: 4.76 seconds
Response data: {
  "success": true,
  "flights": [
    {
      "id": "1",
      "price": {
        "currency": "USD",
        "total": "149.96",
        "base": "111.06",
        "fees": [
          {
            "amount": "0.00",
            "type": "SUPPLIER"
          },
          {
            "amount": "0.00",
            "type": "TICKETING"
          }
        ],
        "grandTotal": "149.96"
      },
      "itineraries": [
        {
          "duration": "PT5H54M",
          "segments": [
            {
              "departure": {
                "iataCode": "EWR",
                "terminal": "B",
                "at": "2025-07-15T14:59:00"
              },
              "arrival": {
                "iataCode": "LAX",
                "terminal": "5",
                "at": "2025-07-15T17:53:00"
              },
              "carrierCode": "NK",
              "number": "418",
              "aircraft": {
                "code": "32Q"
              },
              "operating": {
                "carrierCode": "NK"
              },
              "duration": "PT5H54M",
              "id": "1",
              "numberOfStops": 0,
              "blacklistedInEU": false
            }
          ]
        },
        {
          "duration": "PT5H29M",
          "segments": [
            {
              "departure": {
                "iataCode": "LAX",
                "terminal": "5",
                "at": "2025-07-20T05:25:00"
              },
              "arrival": {
                "iataCode": "EWR",
                "terminal": "B",
                "at": "2025-07-20T13:54:00"
              },
              "carrierCode": "NK",
              "number": "417",
              "aircraft": {
                "code": "32Q"
              },
              "operating": {
                "carrierCode": "NK"
              },
              "duration": "PT5H29M",
              "id": "5",
              "numberOfStops": 0,
              "blacklistedInEU": false
            }
          ]
        }
      ],
      "traveler_pricings": [
        {
          "travelerId": "1",
          "fareOption": "STANDARD",
          "travelerType": "ADULT",
          "price": {
            "currency": "USD",
            "total": "149.96",
            "base": "111.06"
          },
          "fareDetailsBySegment": [
            {
              "segmentId": "1",
              "cabin": "ECONOMY",
              "fareBasis": "GA21NR",
              "class": "G",
              "includedCheckedBags": {
                "quantity": 0
              }
            },
            {
              "segmentId": "5",
              "cabin": "ECONOMY",
              "fareBasis": "GA21NR",
              "class": "G",
              "includedCheckedBags": {
                "quantity": 0
              }
            }
          ]
        }
      ],
      "validating_airline_codes": [
        "NK"
      ],
      "duration": "PT5H54M",
      "stops": 0,
      "airline_names": [
        "Spirit Airlines"
      ],
      "departure_time": "02:59 PM",
      "arrival_time": "01:54 PM",
      "formatted_duration": "5h 54m",
      "currency": "USD",
      "sustainability_score": 82,
      "carbon_footprint": 250.0,
      "mood_score": 95
    },
    {
      "id": "2",
      "price": {
        "currency": "USD",
        "total": "149.96",
        "base": "111.06",
        "fees": [
          {
            "amount": "0.00",
            "type": "SUPPLIER"
          },
          {
            "amount": "0.00",
            "type": "TICKETING"
          }
        ],
        "grandTotal": "149.96"
      },
      "itineraries": [
        {
          "duration": "PT5H56M",
          "segments": [
            {
              "departure": {
                "iataCode": "EWR",
                "terminal": "B",
                "at": "2025-07-15T09:08:00"
              },
              "arrival": {
                "iataCode": "LAX",
                "terminal": "5",
                "at": "2025-07-15T12:04:00"
              },
              "carrierCode": "NK",
              "number": "1803",
              "aircraft": {
                "code": "32N"
              },
              "operating": {
                "carrierCode": "NK"
              },
              "duration": "PT5H56M",
              "id": "2",
              "numberOfStops": 0,
              "blacklistedInEU": false
            }
          ]
        },
        {
          "duration": "PT5H29M",
          "segments": [
            {
              "departure": {
                "iataCode": "LAX",
                "terminal": "5",
                "at": "2025-07-20T05:25:00"
              },
              "arrival": {
                "iataCode": "EWR",
                "terminal": "B",
                "at": "2025-07-20T13:54:00"
              },
              "carrierCode": "NK",
              "number": "417",
              "aircraft": {
                "code": "32Q"
              },
              "operating": {
                "carrierCode": "NK"
              },
              "duration": "PT5H29M",
              "id": "5",
              "numberOfStops": 0,
              "blacklistedInEU": false
            }
          ]
        }
      ],
      "traveler_pricings": [
        {
          "travelerId": "1",
          "fareOption": "STANDARD",
          "travelerType": "ADULT",
          "price": {
            "currency": "USD",
            "total": "149.96",
            "base": "111.06"
          },
          "fareDetailsBySegment": [
            {
              "segmentId": "2",
              "cabin": "ECONOMY",
              "fareBasis": "GA21NR",
              "class": "G",
              "includedCheckedBags": {
                "quantity": 0
              }
            },
            {
              "segmentId": "5",
              "cabin": "ECONOMY",
              "fareBasis": "GA21NR",
              "class": "G",
              "includedCheckedBags": {
                "quantity": 0
              }
            }
          ]
        }
      ],
      "validating_airline_codes": [
        "NK"
      ],
      "duration": "PT5H56M",
      "stops": 0,
      "airline_names": [
        "Spirit Airlines"
      ],
      "departure_time": "09:08 AM",
      "arrival_time": "01:54 PM",
      "formatted_duration": "5h 56m",
      "currency": "USD",
      "sustainability_score": 90,
      "carbon_footprint": 250.0,
      "mood_score": 92
    },
    {
      "id": "3",
      "price": {
        "currency": "USD",
        "total": "149.96",
        "base": "111.06",
        "fees": [
          {
            "amount": "0.00",
            "type": "SUPPLIER"
          },
          {
            "amount": "0.00",
            "type": "TICKETING"
          }
        ],
        "grandTotal": "149.96"
      },
      "itineraries": [
        {
          "duration": "PT5H54M",
          "segments": [
            {
              "departure": {
                "iataCode": "EWR",
                "terminal": "B",
                "at": "2025-07-15T14:59:00"
              },
              "arrival": {
                "iataCode": "LAX",
                "terminal": "5",
                "at": "2025-07-15T17:53:00"
              },
              "carrierCode": "NK",
              "number": "418",
              "aircraft": {
                "code": "32Q"
              },
              "operating": {
                "carrierCode": "NK"
              },
              "duration": "PT5H54M",
              "id": "1",
              "numberOfStops": 0,
              "blacklistedInEU": false
            }
          ]
        },
        {
          "duration": "PT5H33M",
          "segments": [
            {
              "departure": {
                "iataCode": "LAX",
                "terminal": "5",
                "at": "2025-07-20T22:00:00"
              },
              "arrival": {
                "iataCode": "EWR",
                "terminal": "B",
                "at": "2025-07-21T06:33:00"
              },
              "carrierCode": "NK",
              "number": "1804",
              "aircraft": {
                "code": "32N"
              },
              "operating": {
                "carrierCode": "NK"
              },
              "duration": "PT5H33M",
              "id": "6",
              "numberOfStops": 0,
              "blacklistedInEU": false
            }
          ]
        }
      ],
      "traveler_pricings": [
        {
          "travelerId": "1",
          "fareOption": "STANDARD",
          "travelerType": "ADULT",
          "price": {
            "currency": "USD",
            "total": "149.96",
            "base": "111.06"
          },
          "fareDetailsBySegment": [
            {
              "segmentId": "1",
              "cabin": "ECONOMY",
              "fareBasis": "GA21NR",
              "class": "G",
              "includedCheckedBags": {
                "quantity": 0
              }
            },
            {
              "segmentId": "6",
              "cabin": "ECONOMY",
              "fareBasis": "GA21NR",
              "class": "G",
              "includedCheckedBags": {
                "quantity": 0
              }
            }
          ]
        }
      ],
      "validating_airline_codes": [
        "NK"
      ],
      "duration": "PT5H54M",
      "stops": 0,
      "airline_names": [
        "Spirit Airlines"
      ],
      "departure_time": "02:59 PM",
      "arrival_time": "06:33 AM",
      "formatted_duration": "5h 54m",
      "currency": "USD",
      "sustainability_score": 87,
      "carbon_footprint": 250.0,
      "mood_score": 80
    },
    {
      "id": "4",
      "price": {
        "currency": "USD",
        "total": "149.96",
        "base": "111.06",
        "fees": [
          {
            "amount": "0.00",
            "type": "SUPPLIER"
          },
          {
            "amount": "0.00",
            "type": "TICKETING"
          }
        ],
        "grandTotal": "149.96"
      },
      "itineraries": [
        {
          "duration": "PT5H56M",
          "segments": [
            {
              "departure": {
                "iataCode": "EWR",
                "terminal": "B",
                "at": "2025-07-15T09:08:00"
              },
              "arrival": {
                "iataCode": "LAX",
                "terminal": "5",
                "at": "2025-07-15T12:04:00"
              },
              "carrierCode": "NK",
              "number": "1803",
              "aircraft": {
                "code": "32N"
              },
              "operating": {
                "carrierCode": "NK"
              },
              "duration": "PT5H56M",
              "id": "2",
              "numberOfStops": 0,
              "blacklistedInEU": false
            }
          ]
        },
        {
          "duration": "PT5H33M",
          "segments": [
            {
              "departure": {
                "iataCode": "LAX",
                "terminal": "5",
                "at": "2025-07-20T22:00:00"
              },
              "arrival": {
                "iataCode": "EWR",
                "terminal": "B",
                "at": "2025-07-21T06:33:00"
              },
              "carrierCode": "NK",
              "number": "1804",
              "aircraft": {
                "code": "32N"
              },
              "operating": {
                "carrierCode": "NK"
              },
              "duration": "PT5H33M",
              "id": "6",
              "numberOfStops": 0,
              "blacklistedInEU": false
            }
          ]
        }
      ],
      "traveler_pricings": [
        {
          "travelerId": "1",
          "fareOption": "STANDARD",
          "travelerType": "ADULT",
          "price": {
            "currency": "USD",
            "total": "149.96",
            "base": "111.06"
          },
          "fareDetailsBySegment": [
            {
              "segmentId": "2",
              "cabin": "ECONOMY",
              "fareBasis": "GA21NR",
              "class": "G",
              "includedCheckedBags": {
                "quantity": 0
              }
            },
            {
              "segmentId": "6",
              "cabin": "ECONOMY",
              "fareBasis": "GA21NR",
              "class": "G",
              "includedCheckedBags": {
                "quantity": 0
              }
            }
          ]
        }
      ],
      "validating_airline_codes": [
        "NK"
      ],
      "duration": "PT5H56M",
      "stops": 0,
      "airline_names": [
        "Spirit Airlines"
      ],
      "departure_time": "09:08 AM",
      "arrival_time": "06:33 AM",
      "formatted_duration": "5h 56m",
      "currency": "USD",
      "sustainability_score": 100,
      "carbon_footprint": 250.0,
      "mood_score": 100
    },
    {
      "id": "5",
      "price": {
        "currency": "USD",
        "total": "184.88",
        "base": "138.68",
        "fees": [
          {
            "amount": "0.00",
            "type": "SUPPLIER"
          },
          {
            "amount": "0.00",
            "type": "TICKETING"
          }
        ],
        "grandTotal": "184.88"
      },
      "itineraries": [
        {
          "duration": "PT5H54M",
          "segments": [
            {
              "departure": {
                "iataCode": "EWR",
                "terminal": "B",
                "at": "2025-07-15T14:59:00"
              },
              "arrival": {
                "iataCode": "LAX",
                "terminal": "5",
                "at": "2025-07-15T17:53:00"
              },
              "carrierCode": "NK",
              "number": "418",
              "aircraft": {
                "code": "32Q"
              },
              "operating": {
                "carrierCode": "NK"
              },
              "duration": "PT5H54M",
              "id": "1",
              "numberOfStops": 0,
              "blacklistedInEU": false
            }
          ]
        },
        {
          "duration": "PT8H1M",
          "segments": [
            {
              "departure": {
                "iataCode": "LAX",
                "terminal": "5",
                "at": "2025-07-20T23:00:00"
              },
              "arrival": {
                "iataCode": "IAH",
                "terminal": "A",
                "at": "2025-07-21T04:20:00"
              },
              "carrierCode": "NK",
              "number": "326",
              "aircraft": {
                "code": "32N"
              },
              "operating": {
                "carrierCode": "NK"
              },
              "duration": "PT3H20M",
              "id": "3",
              "numberOfStops": 0,
              "blacklistedInEU": false
            },
            {
              "departure": {
                "iataCode": "IAH",
                "terminal": "A",
                "at": "2025-07-21T05:30:00"
              },
              "arrival": {
                "iataCode": "LGA",
                "terminal": "A",
                "at": "2025-07-21T10:01:00"
              },
              "carrierCode": "NK",
              "number": "476",
              "aircraft": {
                "code": "32N"
              },
              "operating": {
                "carrierCode": "NK"
              },
              "duration": "PT3H31M",
              "id": "4",
              "numberOfStops": 0,
              "blacklistedInEU": false
            }
          ]
        }
      ],
      "traveler_pricings": [
        {
          "travelerId": "1",
          "fareOption": "STANDARD",
          "travelerType": "ADULT",
          "price": {
            "currency": "USD",
            "total": "184.88",
            "base": "138.68"
          },
          "fareDetailsBySegment": [
            {
              "segmentId": "1",
              "cabin": "ECONOMY",
              "fareBasis": "GA21NR",
              "class": "G",
              "includedCheckedBags": {
                "quantity": 0
              }
            },
            {
              "segmentId": "3",
              "cabin": "ECONOMY",
              "fareBasis": "GA21NR",
              "class": "G",
              "includedCheckedBags": {
                "quantity": 0
              }
            },
            {
              "segmentId": "4",
              "cabin": "ECONOMY",
              "fareBasis": "GA21NR",
              "class": "G",
              "includedCheckedBags": {
                "quantity": 0
              }
            }
          ]
        }
      ],
      "validating_airline_codes": [
        "NK"
      ],
      "duration": "PT5H54M",
      "stops": 1,
      "airline_names": [
        "Spirit Airlines"
      ],
      "departure_time": "02:59 PM",
      "arrival_time": "10:01 AM",
      "formatted_duration": "5h 54m",
      "currency": "USD",
      "sustainability_score": 92,
      "carbon_footprint": 300.0,
      "mood_score": 84
    },
    {
      "id": "6",
      "price": {
        "currency": "USD",
        "total": "184.88",
        "base": "138.68",
        "fees": [
          {
            "amount": "0.00",
            "type": "SUPPLIER"
          },
          {
            "amount": "0.00",
            "type": "TICKETING"
          }
        ],
        "grandTotal": "184.88"
      },
      "itineraries": [
        {
          "duration": "PT5H56M",
          "segments": [
            {
              "departure": {
                "iataCode": "EWR",
                "terminal": "B",
                "at": "2025-07-15T09:08:00"
              },
              "arrival": {
                "iataCode": "LAX",
                "terminal": "5",
                "at": "2025-07-15T12:04:00"
              },
              "carrierCode": "NK",
              "number": "1803",
              "aircraft": {
                "code": "32N"
              },
              "operating": {
                "carrierCode": "NK"
              },
              "duration": "PT5H56M",
              "id": "2",
              "numberOfStops": 0,
              "blacklistedInEU": false
            }
          ]
        },
        {
          "duration": "PT8H1M",
          "segments": [
            {
              "departure": {
                "iataCode": "LAX",
                "terminal": "5",
                "at": "2025-07-20T23:00:00"
              },
              "arrival": {
                "iataCode": "IAH",
                "terminal": "A",
                "at": "2025-07-21T04:20:00"
              },
              "carrierCode": "NK",
              "number": "326",
              "aircraft": {
                "code": "32N"
              },
              "operating": {
                "carrierCode": "NK"
              },
              "duration": "PT3H20M",
              "id": "3",
              "numberOfStops": 0,
              "blacklistedInEU": false
            },
            {
              "departure": {
                "iataCode": "IAH",
                "terminal": "A",
                "at": "2025-07-21T05:30:00"
              },
              "arrival": {
                "iataCode": "LGA",
                "terminal": "A",
                "at": "2025-07-21T10:01:00"
              },
              "carrierCode": "NK",
              "number": "476",
              "aircraft": {
                "code": "32N"
              },
              "operating": {
                "carrierCode": "NK"
              },
              "duration": "PT3H31M",
              "id": "4",
              "numberOfStops": 0,
              "blacklistedInEU": false
            }
          ]
        }
      ],
      "traveler_pricings": [
        {
          "travelerId": "1",
          "fareOption": "STANDARD",
          "travelerType": "ADULT",
          "price": {
            "currency": "USD",
            "total": "184.88",
            "base": "138.68"
          },
          "fareDetailsBySegment": [
            {
              "segmentId": "2",
              "cabin": "ECONOMY",
              "fareBasis": "GA21NR",
              "class": "G",
              "includedCheckedBags": {
                "quantity": 0
              }
            },
            {
              "segmentId": "3",
              "cabin": "ECONOMY",
              "fareBasis": "GA21NR",
              "class": "G",
              "includedCheckedBags": {
                "quantity": 0
              }
            },
            {
              "segmentId": "4",
              "cabin": "ECONOMY",
              "fareBasis": "GA21NR",
              "class": "G",
              "includedCheckedBags": {
                "quantity": 0
              }
            }
          ]
        }
      ],
      "validating_airline_codes": [
        "NK"
      ],
      "duration": "PT5H56M",
      "stops": 1,
      "airline_names": [
        "Spirit Airlines"
      ],
      "departure_time": "09:08 AM",
      "arrival_time": "10:01 AM",
      "formatted_duration": "5h 56m",
      "currency": "USD",
      "sustainability_score": 76,
      "carbon_footprint": 300.0,
      "mood_score": 90
    },
    {
      "id": "7",
      "price": {
        "currency": "USD",
        "total": "190.41",
        "base": "139.61",
        "fees": [
          {
            "amount": "0.00",
            "type": "SUPPLIER"
          },
          {
            "amount": "0.00",
            "type": "TICKETING"
          }
        ],
        "grandTotal": "190.41"
      },
      "itineraries": [
        {
          "duration": "PT5H54M",
          "segments": [
            {
              "departure": {
                "iataCode": "EWR",
                "terminal": "B",
                "at": "2025-07-15T14:59:00"
              },
              "arrival": {
                "iataCode": "LAX",
                "terminal": "5",
                "at": "2025-07-15T17:53:00"
              },
              "carrierCode": "NK",
              "number": "418",
              "aircraft": {
                "code": "32Q"
              },
              "operating": {
                "carrierCode": "NK"
              },
              "duration": "PT5H54M",
              "id": "1",
              "numberOfStops": 0,
              "blacklistedInEU": false
            }
          ]
        },
        {
          "duration": "PT14H49M",
          "segments": [
            {
              "departure": {
                "iataCode": "LAX",
                "terminal": "5",
                "at": "2025-07-20T18:58:00"
              },
              "arrival": {
                "iataCode": "DFW",
                "terminal": "E",
                "at": "2025-07-21T00:11:00"
              },
              "carrierCode": "NK",
              "number": "419",
              "aircraft": {
                "code": "32Q"
              },
              "operating": {
                "carrierCode": "NK"
              },
              "duration": "PT3H13M",
              "id": "7",
              "numberOfStops": 0,
              "blacklistedInEU": false
            },
            {
              "departure": {
                "iataCode": "DFW",
                "terminal": "E",
                "at": "2025-07-21T08:10:00"
              },
              "arrival": {
                "iataCode": "EWR",
                "terminal": "B",
                "at": "2025-07-21T12:47:00"
              },
              "carrierCode": "NK",
              "number": "3717",
              "aircraft": {
                "code": "32B"
              },
              "operating": {
                "carrierCode": "NK"
              },
              "duration": "PT3H37M",
              "id": "8",
              "numberOfStops": 0,
              "blacklistedInEU": false
            }
          ]
        }
      ],
      "traveler_pricings": [
        {
          "travelerId": "1",
          "fareOption": "STANDARD",
          "travelerType": "ADULT",
          "price": {
            "currency": "USD",
            "total": "190.41",
            "base": "139.61"
          },
          "fareDetailsBySegment": [
            {
              "segmentId": "1",
              "cabin": "ECONOMY",
              "fareBasis": "GA21NR",
              "class": "G",
              "includedCheckedBags": {
                "quantity": 0
              }
            },
            {
              "segmentId": "7",
              "cabin": "ECONOMY",
              "fareBasis": "GA21NR",
              "class": "G",
              "includedCheckedBags": {
                "quantity": 0
              }
            },
            {
              "segmentId": "8",
              "cabin": "ECONOMY",
              "fareBasis": "GA21NR",
              "class": "G",
              "includedCheckedBags": {
                "quantity": 0
              }
            }
          ]
        }
      ],
      "validating_airline_codes": [
        "NK"
      ],
      "duration": "PT5H54M",
      "stops": 1,
      "airline_names": [
        "Spirit Airlines"
      ],
      "departure_time": "02:59 PM",
      "arrival_time": "12:47 PM",
      "formatted_duration": "5h 54m",
      "currency": "USD",
      "sustainability_score": 87,
      "carbon_footprint": 300.0,
      "mood_score": 61
    },
    {
      "id": "8",
      "price": {
        "currency": "USD",
        "total": "190.41",
        "base": "139.61",
        "fees": [
          {
            "amount": "0.00",
            "type": "SUPPLIER"
          },
          {
            "amount": "0.00",
            "type": "TICKETING"
          }
        ],
        "grandTotal": "190.41"
      },
      "itineraries": [
        {
          "duration": "PT5H56M",
          "segments": [
            {
              "departure": {
                "iataCode": "EWR",
                "terminal": "B",
                "at": "2025-07-15T09:08:00"
              },
              "arrival": {
                "iataCode": "LAX",
                "terminal": "5",
                "at": "2025-07-15T12:04:00"
              },
              "carrierCode": "NK",
              "number": "1803",
              "aircraft": {
                "code": "32N"
              },
              "operating": {
                "carrierCode": "NK"
              },
              "duration": "PT5H56M",
              "id": "2",
              "numberOfStops": 0,
              "blacklistedInEU": false
            }
          ]
        },
        {
          "duration": "PT14H49M",
          "segments": [
            {
              "departure": {
                "iataCode": "LAX",
                "terminal": "5",
                "at": "2025-07-20T18:58:00"
              },
              "arrival": {
                "iataCode": "DFW",
                "terminal": "E",
                "at": "2025-07-21T00:11:00"
              },
              "carrierCode": "NK",
              "number": "419",
              "aircraft": {
                "code": "32Q"
              },
              "operating": {
                "carrierCode": "NK"
              },
              "duration": "PT3H13M",
              "id": "7",
              "numberOfStops": 0,
              "blacklistedInEU": false
            },
            {
              "departure": {
                "iataCode": "DFW",
                "terminal": "E",
                "at": "2025-07-21T08:10:00"
              },
              "arrival": {
                "iataCode": "EWR",
                "terminal": "B",
                "at": "2025-07-21T12:47:00"
              },
              "carrierCode": "NK",
              "number": "3717",
              "aircraft": {
                "code": "32B"
              },
              "operating": {
                "carrierCode": "NK"
              },
              "duration": "PT3H37M",
              "id": "8",
              "numberOfStops": 0,
              "blacklistedInEU": false
            }
          ]
        }
      ],
      "traveler_pricings": [
        {
          "travelerId": "1",
          "fareOption": "STANDARD",
          "travelerType": "ADULT",
          "price": {
            "currency": "USD",
            "total": "190.41",
            "base": "139.61"
          },
          "fareDetailsBySegment": [
            {
              "segmentId": "2",
              "cabin": "ECONOMY",
              "fareBasis": "GA21NR",
              "class": "G",
              "includedCheckedBags": {
                "quantity": 0
              }
            },
            {
              "segmentId": "7",
              "cabin": "ECONOMY",
              "fareBasis": "GA21NR",
              "class": "G",
              "includedCheckedBags": {
                "quantity": 0
              }
            },
            {
              "segmentId": "8",
              "cabin": "ECONOMY",
              "fareBasis": "GA21NR",
              "class": "G",
              "includedCheckedBags": {
                "quantity": 0
              }
            }
          ]
        }
      ],
      "validating_airline_codes": [
        "NK"
      ],
      "duration": "PT5H56M",
      "stops": 1,
      "airline_names": [
        "Spirit Airlines"
      ],
      "departure_time": "09:08 AM",
      "arrival_time": "12:47 PM",
      "formatted_duration": "5h 56m",
      "currency": "USD",
      "sustainability_score": 78,
      "carbon_footprint": 300.0,
      "mood_score": 89
    }
  ],
  "carbon_data": {
    "total_kg_co2": 2200.0,
    "average_per_flight": 275.0,
    "comparison": "30% lower than average for this route",
    "offset_cost": 44.0
  },
  "recommendations": [
    {
      "type": "budget_tip",
      "title": "\ud83d\udcb0 Best Deal Found",
      "description": "Save money with Spirit Airlines - great value for your trip!"
    },
    {
      "type": "timing",
      "title": "\u23f0 Best Time to Book",
      "description": "Book now! Prices typically increase 2-3 weeks before departure."
    },
    {
      "type": "sustainability",
      "title": "\ud83c\udf31 Eco-Friendly Tip",
      "description": "Choose direct flights to reduce your carbon footprint by up to 30%."
    }
  ],
  "smart_features_applied": {
    "sustainabilityMode": true,
    "budgetIntelligence": true,
    "moodBasedSuggestions": true
  }
}
✅ Test passed

================================================================================
Running test: Smart Flight Search with International Cities
URL: https://cfde3e21-8cc7-4f92-8e99-3e2b8a582569.preview.emergentagent.com/api/flights/search-smart
Method: POST
Request data: {
  "origin": "London",
  "destination": "Paris",
  "departureDate": "2025-07-01",
  "returnDate": "2025-07-05",
  "adults": 1,
  "travelClass": "ECONOMY",
  "smart_features": {
    "sustainabilityMode": true,
    "budgetIntelligence": true,
    "moodBasedSuggestions": true
  }
}
Response time: 4.97 seconds
Response data: {
  "success": true,
  "flights": [
    {
      "id": "1",
      "price": {
        "currency": "GBP",
        "total": "176.02",
        "base": "53.00",
        "fees": [
          {
            "amount": "0.00",
            "type": "SUPPLIER"
          },
          {
            "amount": "0.00",
            "type": "TICKETING"
          }
        ],
        "grandTotal": "176.02",
        "additionalServices": [
          {
            "amount": "58.80",
            "type": "CHECKED_BAGS"
          }
        ]
      },
      "itineraries": [
        {
          "duration": "PT1H15M",
          "segments": [
            {
              "departure": {
                "iataCode": "LHR",
                "terminal": "4",
                "at": "2025-07-01T19:45:00"
              },
              "arrival": {
                "iataCode": "CDG",
                "terminal": "2E",
                "at": "2025-07-01T22:00:00"
              },
              "carrierCode": "AF",
              "number": "1181",
              "aircraft": {
                "code": "223"
              },
              "operating": {
                "carrierCode": "AF"
              },
              "duration": "PT1H15M",
              "id": "1",
              "numberOfStops": 0,
              "blacklistedInEU": false
            }
          ]
        },
        {
          "duration": "PT11H20M",
          "segments": [
            {
              "departure": {
                "iataCode": "CDG",
                "terminal": "2F",
                "at": "2025-07-05T21:35:00"
              },
              "arrival": {
                "iataCode": "NCE",
                "terminal": "2",
                "at": "2025-07-05T23:05:00"
              },
              "carrierCode": "AF",
              "number": "7314",
              "aircraft": {
                "code": "320"
              },
              "operating": {
                "carrierCode": "AF"
              },
              "duration": "PT1H30M",
              "id": "11",
              "numberOfStops": 0,
              "blacklistedInEU": false
            },
            {
              "departure": {
                "iataCode": "NCE",
                "terminal": "2",
                "at": "2025-07-06T06:50:00"
              },
              "arrival": {
                "iataCode": "LHR",
                "terminal": "4",
                "at": "2025-07-06T07:55:00"
              },
              "carrierCode": "AF",
              "number": "7550",
              "aircraft": {
                "code": "320"
              },
              "operating": {
                "carrierCode": "AF"
              },
              "duration": "PT2H5M",
              "id": "12",
              "numberOfStops": 0,
              "blacklistedInEU": false
            }
          ]
        }
      ],
      "traveler_pricings": [
        {
          "travelerId": "1",
          "fareOption": "STANDARD",
          "travelerType": "ADULT",
          "price": {
            "currency": "GBP",
            "total": "176.02",
            "base": "53.00"
          },
          "fareDetailsBySegment": [
            {
              "segmentId": "1",
              "cabin": "ECONOMY",
              "fareBasis": "TYS0AALA",
              "brandedFare": "LIGHT",
              "brandedFareLabel": "ECONOMY LIGHT",
              "class": "T",
              "includedCheckedBags": {
                "quantity": 0
              },
              "includedCabinBags": {
                "quantity": 1
              },
              "amenities": [
                {
                  "description": "CHECKED BAG 1PC OF 23KG 158CM",
                  "isChargeable": true,
                  "amenityType": "BAGGAGE",
                  "amenityProvider": {
                    "name": "BrandedFare"
                  }
                },
                {
                  "description": "SNACK",
                  "isChargeable": false,
                  "amenityType": "MEAL",
                  "amenityProvider": {
                    "name": "BrandedFare"
                  }
                },
                {
                  "description": "BEVERAGE",
                  "isChargeable": false,
                  "amenityType": "MEAL",
                  "amenityProvider": {
                    "name": "BrandedFare"
                  }
                },
                {
                  "description": "SEAT SELECTION",
                  "isChargeable": true,
                  "amenityType": "BRANDED_FARES",
                  "amenityProvider": {
                    "name": "BrandedFare"
                  }
                },
                {
                  "description": "MILEAGE ACCRUAL",
                  "isChargeable": false,
                  "amenityType": "BRANDED_FARES",
                  "amenityProvider": {
                    "name": "BrandedFare"
                  }
                },
                {
                  "description": "UPGRADE ELIGIBILITY",
                  "isChargeable": true,
                  "amenityType": "BRANDED_FARES",
                  "amenityProvider": {
                    "name": "BrandedFare"
                  }
                }
              ]
            },
            {
              "segmentId": "11",
              "cabin": "ECONOMY",
              "fareBasis": "TYS0AALA",
              "brandedFare": "LIGHT",
              "brandedFareLabel": "ECONOMY LIGHT",
              "class": "T",
              "includedCheckedBags": {
                "quantity": 0
              },
              "includedCabinBags": {
                "quantity": 1
              },
              "amenities": [
                {
                  "description": "CHECKED BAG 1PC OF 23KG 158CM",
                  "isChargeable": true,
                  "amenityType": "BAGGAGE",
                  "amenityProvider": {
                    "name": "BrandedFare"
                  }
                },
                {
                  "description": "SNACK",
                  "isChargeable": false,
                  "amenityType": "MEAL",
                  "amenityProvider": {
                    "name": "BrandedFare"
                  }
                },
                {
                  "description": "BEVERAGE",
                  "isChargeable": false,
                  "amenityType": "MEAL",
                  "amenityProvider": {
                    "name": "BrandedFare"
                  }
                },
                {
                  "description": "SEAT SELECTION",
                  "isChargeable": true,
                  "amenityType": "BRANDED_FARES",
                  "amenityProvider": {
                    "name": "BrandedFare"
                  }
                },
                {
                  "description": "MILEAGE ACCRUAL",
                  "isChargeable": false,
                  "amenityType": "BRANDED_FARES",
                  "amenityProvider": {
                    "name": "BrandedFare"
                  }
                },
                {
                  "description": "UPGRADE ELIGIBILITY",
                  "isChargeable": true,
                  "amenityType": "BRANDED_FARES",
                  "amenityProvider": {
                    "name": "BrandedFare"
                  }
                }
              ]
            },
            {
              "segmentId": "12",
              "cabin": "ECONOMY",
              "fareBasis": "TYS0AALA",
              "brandedFare": "LIGHT",
              "brandedFareLabel": "ECONOMY LIGHT",
              "class": "T",
              "includedCheckedBags": {
                "quantity": 0
              },
              "includedCabinBags": {
                "quantity": 1
              },
              "amenities": [
                {
                  "description": "CHECKED BAG 1PC OF 23KG 158CM",
                  "isChargeable": true,
                  "amenityType": "BAGGAGE",
                  "amenityProvider": {
                    "name": "BrandedFare"
                  }
                },
                {
                  "description": "SNACK",
                  "isChargeable": false,
                  "amenityType": "MEAL",
                  "amenityProvider": {
                    "name": "BrandedFare"
                  }
                },
                {
                  "description": "BEVERAGE",
                  "isChargeable": false,
                  "amenityType": "MEAL",
                  "amenityProvider": {
                    "name": "BrandedFare"
                  }
                },
                {
                  "description": "SEAT SELECTION",
                  "isChargeable": true,
                  "amenityType": "BRANDED_FARES",
                  "amenityProvider": {
                    "name": "BrandedFare"
                  }
                },
                {
                  "description": "MILEAGE ACCRUAL",
                  "isChargeable": false,
                  "amenityType": "BRANDED_FARES",
                  "amenityProvider": {
                    "name": "BrandedFare"
                  }
                },
                {
                  "description": "UPGRADE ELIGIBILITY",
                  "isChargeable": true,
                  "amenityType": "BRANDED_FARES",
                  "amenityProvider": {
                    "name": "BrandedFare"
                  }
                }
              ]
            }
          ]
        }
      ],
      "validating_airline_codes": [
        "AF"
      ],
      "duration": "PT1H15M",
      "stops": 1,
      "airline_names": [
        "Air France"
      ],
      "departure_time": "07:45 PM",
      "arrival_time": "07:55 AM",
      "formatted_duration": "1h 15m",
      "currency": "GBP",
      "sustainability_score": 66,
      "carbon_footprint": 300.0,
      "mood_score": 60
    },
    {
      "id": "2",
      "price": {
        "currency": "GBP",
        "total": "176.02",
        "base": "53.00",
        "fees": [
          {
            "amount": "0.00",
            "type": "SUPPLIER"
          },
          {
            "amount": "0.00",
            "type": "TICKETING"
          }
        ],
        "grandTotal": "176.02",
        "additionalServices": [
          {
            "amount": "58.80",
            "type": "CHECKED_BAGS"
          }
        ]
      },
      "itineraries": [
        {
          "duration": "PT1H20M",
          "segments": [
            {
              "departure": {
                "iataCode": "LHR",
                "terminal": "4",
                "at": "2025-07-01T06:15:00"
              },
              "arrival": {
                "iataCode": "CDG",
                "terminal": "2E",
                "at": "2025-07-01T08:35:00"
              },
              "carrierCode": "AF",
              "number": "1381",
              "aircraft": {
                "code": "223"
              },
              "operating": {
                "carrierCode": "AF"
              },
              "duration": "PT1H20M",
              "id": "4",
              "numberOfStops": 0,
              "blacklistedInEU": false
            }
          ]
        },
        {
          "duration": "PT11H20M",
          "segments": [
            {
              "departure": {
                "iataCode": "CDG",
                "terminal": "2F",
                "at": "2025-07-05T21:35:00"
              },
              "arrival": {
                "iataCode": "NCE",
                "terminal": "2",
                "at": "2025-07-05T23:05:00"
              },
              "carrierCode": "AF",
              "number": "7314",
              "aircraft": {
                "code": "320"
              },
              "operating": {
                "carrierCode": "AF"
              },
              "duration": "PT1H30M",
              "id": "11",
              "numberOfStops": 0,
              "blacklistedInEU": false
            },
            {
              "departure": {
                "iataCode": "NCE",
                "terminal": "2",
                "at": "2025-07-06T06:50:00"
              },
              "arrival": {
                "iataCode": "LHR",
                "terminal": "4",
                "at": "2025-07-06T07:55:00"
              },
              "carrierCode": "AF",
              "number": "7550",
              "aircraft": {
                "code": "320"
              },
              "operating": {
                "carrierCode": "AF"
              },
              "duration": "PT2H5M",
              "id": "12",
              "numberOfStops": 0,
              "blacklistedInEU": false
            }
          ]
        }
      ],
      "traveler_pricings": [
        {
          "travelerId": "1",
          "fareOption": "STANDARD",
          "travelerType": "ADULT",
          "price": {
            "currency": "GBP",
            "total": "176.02",
            "base": "53.00"
          },
          "fareDetailsBySegment": [
            {
              "segmentId": "4",
              "cabin": "ECONOMY",
              "fareBasis": "TYS0AALA",
              "brandedFare": "LIGHT",
              "brandedFareLabel": "ECONOMY LIGHT",
              "class": "T",
              "includedCheckedBags": {
                "quantity": 0
              },
              "includedCabinBags": {
                "quantity": 1
              },
              "amenities": [
                {
                  "description": "CHECKED BAG 1PC OF 23KG 158CM",
                  "isChargeable": true,
                  "amenityType": "BAGGAGE",
                  "amenityProvider": {
                    "name": "BrandedFare"
                  }
                },
                {
                  "description": "SNACK",
                  "isChargeable": false,
                  "amenityType": "MEAL",
                  "amenityProvider": {
                    "name": "BrandedFare"
                  }
                },
                {
                  "description": "BEVERAGE",
                  "isChargeable": false,
                  "amenityType": "MEAL",
                  "amenityProvider": {
                    "name": "BrandedFare"
                  }
                },
                {
                  "description": "SEAT SELECTION",
                  "isChargeable": true,
                  "amenityType": "BRANDED_FARES",
                  "amenityProvider": {
                    "name": "BrandedFare"
                  }
                },
                {
                  "description": "MILEAGE ACCRUAL",
                  "isChargeable": false,
                  "amenityType": "BRANDED_FARES",
                  "amenityProvider": {
                    "name": "BrandedFare"
                  }
                },
                {
                  "description": "UPGRADE ELIGIBILITY",
                  "isChargeable": true,
                  "amenityType": "BRANDED_FARES",
                  "amenityProvider": {
                    "name": "BrandedFare"
                  }
                }
              ]
            },
            {
              "segmentId": "11",
              "cabin": "ECONOMY",
              "fareBasis": "TYS0AALA",
              "brandedFare": "LIGHT",
              "brandedFareLabel": "ECONOMY LIGHT",
              "class": "T",
              "includedCheckedBags": {
                "quantity": 0
              },
              "includedCabinBags": {
                "quantity": 1
              },
              "amenities": [
                {
                  "description": "CHECKED BAG 1PC OF 23KG 158CM",
                  "isChargeable": true,
                  "amenityType": "BAGGAGE",
                  "amenityProvider": {
                    "name": "BrandedFare"
                  }
                },
                {
                  "description": "SNACK",
                  "isChargeable": false,
                  "amenityType": "MEAL",
                  "amenityProvider": {
                    "name": "BrandedFare"
                  }
                },
                {
                  "description": "BEVERAGE",
                  "isChargeable": false,
                  "amenityType": "MEAL",
                  "amenityProvider": {
                    "name": "BrandedFare"
                  }
                },
                {
                  "description": "SEAT SELECTION",
                  "isChargeable": true,
                  "amenityType": "BRANDED_FARES",
                  "amenityProvider": {
                    "name": "BrandedFare"
                  }
                },
                {
                  "description": "MILEAGE ACCRUAL",
                  "isChargeable": false,
                  "amenityType": "BRANDED_FARES",
                  "amenityProvider": {
                    "name": "BrandedFare"
                  }
                },
                {
                  "description": "UPGRADE ELIGIBILITY",
                  "isChargeable": true,
                  "amenityType": "BRANDED_FARES",
                  "amenityProvider": {
                    "name": "BrandedFare"
                  }
                }
              ]
            },
            {
              "segmentId": "12",
              "cabin": "ECONOMY",
              "fareBasis": "TYS0AALA",
              "brandedFare": "LIGHT",
              "brandedFareLabel": "ECONOMY LIGHT",
              "class": "T",
              "includedCheckedBags": {
                "quantity": 0
              },
              "includedCabinBags": {
                "quantity": 1
              },
              "amenities": [
                {
                  "description": "CHECKED BAG 1PC OF 23KG 158CM",
                  "isChargeable": true,
                  "amenityType": "BAGGAGE",
                  "amenityProvider": {
                    "name": "BrandedFare"
                  }
                },
                {
                  "description": "SNACK",
                  "isChargeable": false,
                  "amenityType": "MEAL",
                  "amenityProvider": {
                    "name": "BrandedFare"
                  }
                },
                {
                  "description": "BEVERAGE",
                  "isChargeable": false,
                  "amenityType": "MEAL",
                  "amenityProvider": {
                    "name": "BrandedFare"
                  }
                },
                {
                  "description": "SEAT SELECTION",
                  "isChargeable": true,
                  "amenityType": "BRANDED_FARES",
                  "amenityProvider": {
                    "name": "BrandedFare"
                  }
                },
                {
                  "description": "MILEAGE ACCRUAL",
                  "isChargeable": false,
                  "amenityType": "BRANDED_FARES",
                  "amenityProvider": {
                    "name": "BrandedFare"
                  }
                },
                {
                  "description": "UPGRADE ELIGIBILITY",
                  "isChargeable": true,
                  "amenityType": "BRANDED_FARES",
                  "amenityProvider": {
                    "name": "BrandedFare"
                  }
                }
              ]
            }
          ]
        }
      ],
      "validating_airline_codes": [
        "AF"
      ],
      "duration": "PT1H20M",
      "stops": 1,
      "airline_names": [
        "Air France"
      ],
      "departure_time": "06:15 AM",
      "arrival_time": "07:55 AM",
      "formatted_duration": "1h 20m",
      "currency": "GBP",
      "sustainability_score": 75,
      "carbon_footprint": 300.0,
      "mood_score": 63
    },
    {
      "id": "3",
      "price": {
        "currency": "GBP",
        "total": "176.02",
        "base": "53.00",
        "fees": [
          {
            "amount": "0.00",
            "type": "SUPPLIER"
          },
          {
            "amount": "0.00",
            "type": "TICKETING"
          }
        ],
        "grandTotal": "176.02",
        "additionalServices": [
          {
            "amount": "58.80",
            "type": "CHECKED_BAGS"
          }
        ]
      },
      "itineraries": [
        {
          "duration": "PT1H20M",
          "segments": [
            {
              "departure": {
                "iataCode": "LHR",
                "terminal": "4",
                "at": "2025-07-01T09:00:00"
              },
              "arrival": {
                "iataCode": "CDG",
                "terminal": "2E",
                "at": "2025-07-01T11:20:00"
              },
              "carrierCode": "AF",
              "number": "1681",
              "aircraft": {
                "code": "223"
              },
              "operating": {
                "carrierCode": "AF"
              },
              "duration": "PT1H20M",
              "id": "5",
              "numberOfStops": 0,
              "blacklistedInEU": false
            }
          ]
        },
        {
          "duration": "PT11H20M",
          "segments": [
            {
              "departure": {
                "iataCode": "CDG",
                "terminal": "2F",
                "at": "2025-07-05T21:35:00"
              },
              "arrival": {
                "iataCode": "NCE",
                "terminal": "2",
                "at": "2025-07-05T23:05:00"
              },
              "carrierCode": "AF",
              "number": "7314",
              "aircraft": {
                "code": "320"
              },
              "operating": {
                "carrierCode": "AF"
              },
              "duration": "PT1H30M",
              "id": "11",
              "numberOfStops": 0,
              "blacklistedInEU": false
            },
            {
              "departure": {
                "iataCode": "NCE",
                "terminal": "2",
                "at": "2025-07-06T06:50:00"
              },
              "arrival": {
                "iataCode": "LHR",
                "terminal": "4",
                "at": "2025-07-06T07:55:00"
              },
              "carrierCode": "AF",
              "number": "7550",
              "aircraft": {
                "code": "320"
              },
              "operating": {
                "carrierCode": "AF"
              },
              "duration": "PT2H5M",
              "id": "12",
              "numberOfStops": 0,
              "blacklistedInEU": false
            }
          ]
        }
      ],
      "traveler_pricings": [
        {
          "travelerId": "1",
          "fareOption": "STANDARD",
          "travelerType": "ADULT",
          "price": {
            "currency": "GBP",
            "total": "176.02",
            "base": "53.00"
          },
          "fareDetailsBySegment": [
            {
              "segmentId": "5",
              "cabin": "ECONOMY",
              "fareBasis": "TYS0AALA",
              "brandedFare": "LIGHT",
              "brandedFareLabel": "ECONOMY LIGHT",
              "class": "T",
              "includedCheckedBags": {
                "quantity": 0
              },
              "includedCabinBags": {
                "quantity": 1
              },
              "amenities": [
                {
                  "description": "CHECKED BAG 1PC OF 23KG 158CM",
                  "isChargeable": true,
                  "amenityType": "BAGGAGE",
                  "amenityProvider": {
                    "name": "BrandedFare"
                  }
                },
                {
                  "description": "SNACK",
                  "isChargeable": false,
                  "amenityType": "MEAL",
                  "amenityProvider": {
                    "name": "BrandedFare"
                  }
                },
                {
                  "description": "BEVERAGE",
                  "isChargeable": false,
                  "amenityType": "MEAL",
                  "amenityProvider": {
                    "name": "BrandedFare"
                  }
                },
                {
                  "description": "SEAT SELECTION",
                  "isChargeable": true,
                  "amenityType": "BRANDED_FARES",
                  "amenityProvider": {
                    "name": "BrandedFare"
                  }
                },
                {
                  "description": "MILEAGE ACCRUAL",
                  "isChargeable": false,
                  "amenityType": "BRANDED_FARES",
                  "amenityProvider": {
                    "name": "BrandedFare"
                  }
                },
                {
                  "description": "UPGRADE ELIGIBILITY",
                  "isChargeable": true,
                  "amenityType": "BRANDED_FARES",
                  "amenityProvider": {
                    "name": "BrandedFare"
                  }
                }
              ]
            },
            {
              "segmentId": "11",
              "cabin": "ECONOMY",
              "fareBasis": "TYS0AALA",
              "brandedFare": "LIGHT",
              "brandedFareLabel": "ECONOMY LIGHT",
              "class": "T",
              "includedCheckedBags": {
                "quantity": 0
              },
              "includedCabinBags": {
                "quantity": 1
              },
              "amenities": [
                {
                  "description": "CHECKED BAG 1PC OF 23KG 158CM",
                  "isChargeable": true,
                  "amenityType": "BAGGAGE",
                  "amenityProvider": {
                    "name": "BrandedFare"
                  }
                },
                {
                  "description": "SNACK",
                  "isChargeable": false,
                  "amenityType": "MEAL",
                  "amenityProvider": {
                    "name": "BrandedFare"
                  }
                },
                {
                  "description": "BEVERAGE",
                  "isChargeable": false,
                  "amenityType": "MEAL",
                  "amenityProvider": {
                    "name": "BrandedFare"
                  }
                },
                {
                  "description": "SEAT SELECTION",
                  "isChargeable": true,
                  "amenityType": "BRANDED_FARES",
                  "amenityProvider": {
                    "name": "BrandedFare"
                  }
                },
                {
                  "description": "MILEAGE ACCRUAL",
                  "isChargeable": false,
                  "amenityType": "BRANDED_FARES",
                  "amenityProvider": {
                    "name": "BrandedFare"
                  }
                },
                {
                  "description": "UPGRADE ELIGIBILITY",
                  "isChargeable": true,
                  "amenityType": "BRANDED_FARES",
                  "amenityProvider": {
                    "name": "BrandedFare"
                  }
                }
              ]
            },
            {
              "segmentId": "12",
              "cabin": "ECONOMY",
              "fareBasis": "TYS0AALA",
              "brandedFare": "LIGHT",
              "brandedFareLabel": "ECONOMY LIGHT",
              "class": "T",
              "includedCheckedBags": {
                "quantity": 0
              },
              "includedCabinBags": {
                "quantity": 1
              },
              "amenities": [
                {
                  "description": "CHECKED BAG 1PC OF 23KG 158CM",
                  "isChargeable": true,
                  "amenityType": "BAGGAGE",
                  "amenityProvider": {
                    "name": "BrandedFare"
                  }
                },
                {
                  "description": "SNACK",
                  "isChargeable": false,
                  "amenityType": "MEAL",
                  "amenityProvider": {
                    "name": "BrandedFare"
                  }
                },
                {
                  "description": "BEVERAGE",
                  "isChargeable": false,
                  "amenityType": "MEAL",
                  "amenityProvider": {
                    "name": "BrandedFare"
                  }
                },
                {
                  "description": "SEAT SELECTION",
                  "isChargeable": true,
                  "amenityType": "BRANDED_FARES",
                  "amenityProvider": {
                    "name": "BrandedFare"
                  }
                },
                {
                  "description": "MILEAGE ACCRUAL",
                  "isChargeable": false,
                  "amenityType": "BRANDED_FARES",
                  "amenityProvider": {
                    "name": "BrandedFare"
                  }
                },
                {
                  "description": "UPGRADE ELIGIBILITY",
                  "isChargeable": true,
                  "amenityType": "BRANDED_FARES",
                  "amenityProvider": {
                    "name": "BrandedFare"
                  }
                }
              ]
            }
          ]
        }
      ],
      "validating_airline_codes": [
        "AF"
      ],
      "duration": "PT1H20M",
      "stops": 1,
      "airline_names": [
        "Air France"
      ],
      "departure_time": "09:00 AM",
      "arrival_time": "07:55 AM",
      "formatted_duration": "1h 20m",
      "currency": "GBP",
      "sustainability_score": 77,
      "carbon_footprint": 300.0,
      "mood_score": 74
    },
    {
      "id": "4",
      "price": {
        "currency": "GBP",
        "total": "176.02",
        "base": "53.00",
        "fees": [
          {
            "amount": "0.00",
            "type": "SUPPLIER"
          },
          {
            "amount": "0.00",
            "type": "TICKETING"
          }
        ],
        "grandTotal": "176.02",
        "additionalServices": [
          {
            "amount": "58.80",
            "type": "CHECKED_BAGS"
          }
        ]
      },
      "itineraries": [
        {
          "duration": "PT1H20M",
          "segments": [
            {
              "departure": {
                "iataCode": "LHR",
                "terminal": "4",
                "at": "2025-07-01T11:30:00"
              },
              "arrival": {
                "iataCode": "CDG",
                "terminal": "2E",
                "at": "2025-07-01T13:50:00"
              },
              "carrierCode": "AF",
              "number": "1581",
              "aircraft": {
                "code": "223"
              },
              "operating": {
                "carrierCode": "AF"
              },
              "duration": "PT1H20M",
              "id": "6",
              "numberOfStops": 0,
              "blacklistedInEU": false
            }
          ]
        },
        {
          "duration": "PT11H20M",
          "segments": [
            {
              "departure": {
                "iataCode": "CDG",
                "terminal": "2F",
                "at": "2025-07-05T21:35:00"
              },
              "arrival": {
                "iataCode": "NCE",
                "terminal": "2",
                "at": "2025-07-05T23:05:00"
              },
              "carrierCode": "AF",
              "number": "7314",
              "aircraft": {
                "code": "320"
              },
              "operating": {
                "carrierCode": "AF"
              },
              "duration": "PT1H30M",
              "id": "11",
              "numberOfStops": 0,
              "blacklistedInEU": false
            },
            {
              "departure": {
                "iataCode": "NCE",
                "terminal": "2",
                "at": "2025-07-06T06:50:00"
              },
              "arrival": {
                "iataCode": "LHR",
                "terminal": "4",
                "at": "2025-07-06T07:55:00"
              },
              "carrierCode": "AF",
              "number": "7550",
              "aircraft": {
                "code": "320"
              },
              "operating": {
                "carrierCode": "AF"
              },
              "duration": "PT2H5M",
              "id": "12",
              "numberOfStops": 0,
              "blacklistedInEU": false
            }
          ]
        }
      ],
      "traveler_pricings": [
        {
          "travelerId": "1",
          "fareOption": "STANDARD",
          "travelerType": "ADULT",
          "price": {
            "currency": "GBP",
            "total": "176.02",
            "base": "53.00"
          },
          "fareDetailsBySegment": [
            {
              "segmentId": "6",
              "cabin": "ECONOMY",
              "fareBasis": "TYS0AALA",
              "brandedFare": "LIGHT",
              "brandedFareLabel": "ECONOMY LIGHT",
              "class": "T",
              "includedCheckedBags": {
                "quantity": 0
              },
              "includedCabinBags": {
                "quantity": 1
              },
              "amenities": [
                {
                  "description": "CHECKED BAG 1PC OF 23KG 158CM",
                  "isChargeable": true,
                  "amenityType": "BAGGAGE",
                  "amenityProvider": {
                    "name": "BrandedFare"
                  }
                },
                {
                  "description": "SNACK",
                  "isChargeable": false,
                  "amenityType": "MEAL",
                  "amenityProvider": {
                    "name": "BrandedFare"
                  }
                },
                {
                  "description": "BEVERAGE",
                  "isChargeable": false,
                  "amenityType": "MEAL",
                  "amenityProvider": {
                    "name": "BrandedFare"
                  }
                },
                {
                  "description": "SEAT SELECTION",
                  "isChargeable": true,
                  "amenityType": "BRANDED_FARES",
                  "amenityProvider": {
                    "name": "BrandedFare"
                  }
                },
                {
                  "description": "MILEAGE ACCRUAL",
                  "isChargeable": false,
                  "amenityType": "BRANDED_FARES",
                  "amenityProvider": {
                    "name": "BrandedFare"
                  }
                },
                {
                  "description": "UPGRADE ELIGIBILITY",
                  "isChargeable": true,
                  "amenityType": "BRANDED_FARES",
                  "amenityProvider": {
                    "name": "BrandedFare"
                  }
                }
              ]
            },
            {
              "segmentId": "11",
              "cabin": "ECONOMY",
              "fareBasis": "TYS0AALA",
              "brandedFare": "LIGHT",
              "brandedFareLabel": "ECONOMY LIGHT",
              "class": "T",
              "includedCheckedBags": {
                "quantity": 0
              },
              "includedCabinBags": {
                "quantity": 1
              },
              "amenities": [
                {
                  "description": "CHECKED BAG 1PC OF 23KG 158CM",
                  "isChargeable": true,
                  "amenityType": "BAGGAGE",
                  "amenityProvider": {
                    "name": "BrandedFare"
                  }
                },
                {
                  "description": "SNACK",
                  "isChargeable": false,
                  "amenityType": "MEAL",
                  "amenityProvider": {
                    "name": "BrandedFare"
                  }
                },
                {
                  "description": "BEVERAGE",
                  "isChargeable": false,
                  "amenityType": "MEAL",
                  "amenityProvider": {
                    "name": "BrandedFare"
                  }
                },
                {
                  "description": "SEAT SELECTION",
                  "isChargeable": true,
                  "amenityType": "BRANDED_FARES",
                  "amenityProvider": {
                    "name": "BrandedFare"
                  }
                },
                {
                  "description": "MILEAGE ACCRUAL",
                  "isChargeable": false,
                  "amenityType": "BRANDED_FARES",
                  "amenityProvider": {
                    "name": "BrandedFare"
                  }
                },
                {
                  "description": "UPGRADE ELIGIBILITY",
                  "isChargeable": true,
                  "amenityType": "BRANDED_FARES",
                  "amenityProvider": {
                    "name": "BrandedFare"
                  }
                }
              ]
            },
            {
              "segmentId": "12",
              "cabin": "ECONOMY",
              "fareBasis": "TYS0AALA",
              "brandedFare": "LIGHT",
              "brandedFareLabel": "ECONOMY LIGHT",
              "class": "T",
              "includedCheckedBags": {
                "quantity": 0
              },
              "includedCabinBags": {
                "quantity": 1
              },
              "amenities": [
                {
                  "description": "CHECKED BAG 1PC OF 23KG 158CM",
                  "isChargeable": true,
                  "amenityType": "BAGGAGE",
                  "amenityProvider": {
                    "name": "BrandedFare"
                  }
                },
                {
                  "description": "SNACK",
                  "isChargeable": false,
                  "amenityType": "MEAL",
                  "amenityProvider": {
                    "name": "BrandedFare"
                  }
                },
                {
                  "description": "BEVERAGE",
                  "isChargeable": false,
                  "amenityType": "MEAL",
                  "amenityProvider": {
                    "name": "BrandedFare"
                  }
                },
                {
                  "description": "SEAT SELECTION",
                  "isChargeable": true,
                  "amenityType": "BRANDED_FARES",
                  "amenityProvider": {
                    "name": "BrandedFare"
                  }
                },
                {
                  "description": "MILEAGE ACCRUAL",
                  "isChargeable": false,
                  "amenityType": "BRANDED_FARES",
                  "amenityProvider": {
                    "name": "BrandedFare"
                  }
                },
                {
                  "description": "UPGRADE ELIGIBILITY",
                  "isChargeable": true,
                  "amenityType": "BRANDED_FARES",
                  "amenityProvider": {
                    "name": "BrandedFare"
                  }
                }
              ]
            }
          ]
        }
      ],
      "validating_airline_codes": [
        "AF"
      ],
      "duration": "PT1H20M",
      "stops": 1,
      "airline_names": [
        "Air France"
      ],
      "departure_time": "11:30 AM",
      "arrival_time": "07:55 AM",
      "formatted_duration": "1h 20m",
      "currency": "GBP",
      "sustainability_score": 75,
      "carbon_footprint": 300.0,
      "mood_score": 75
    },
    {
      "id": "5",
      "price": {
        "currency": "GBP",
        "total": "176.02",
        "base": "53.00",
        "fees": [
          {
            "amount": "0.00",
            "type": "SUPPLIER"
          },
          {
            "amount": "0.00",
            "type": "TICKETING"
          }
        ],
        "grandTotal": "176.02",
        "additionalServices": [
          {
            "amount": "58.80",
            "type": "CHECKED_BAGS"
          }
        ]
      },
      "itineraries": [
        {
          "duration": "PT1H20M",
          "segments": [
            {
              "departure": {
                "iataCode": "LHR",
                "terminal": "4",
                "at": "2025-07-01T15:25:00"
              },
              "arrival": {
                "iataCode": "CDG",
                "terminal": "2E",
                "at": "2025-07-01T17:45:00"
              },
              "carrierCode": "AF",
              "number": "1781",
              "aircraft": {
                "code": "223"
              },
              "operating": {
                "carrierCode": "AF"
              },
              "duration": "PT1H20M",
              "id": "7",
              "numberOfStops": 0,
              "blacklistedInEU": false
            }
          ]
        },
        {
          "duration": "PT11H20M",
          "segments": [
            {
              "departure": {
                "iataCode": "CDG",
                "terminal": "2F",
                "at": "2025-07-05T21:35:00"
              },
              "arrival": {
                "iataCode": "NCE",
                "terminal": "2",
                "at": "2025-07-05T23:05:00"
              },
              "carrierCode": "AF",
              "number": "7314",
              "aircraft": {
                "code": "320"
              },
              "operating": {
                "carrierCode": "AF"
              },
              "duration": "PT1H30M",
              "id": "11",
              "numberOfStops": 0,
              "blacklistedInEU": false
            },
            {
              "departure": {
                "iataCode": "NCE",
                "terminal": "2",
                "at": "2025-07-06T06:50:00"
              },
              "arrival": {
                "iataCode": "LHR",
                "terminal": "4",
                "at": "2025-07-06T07:55:00"
              },
              "carrierCode": "AF",
              "number": "7550",
              "aircraft": {
                "code": "320"
              },
              "operating": {
                "carrierCode": "AF"
              },
              "duration": "PT2H5M",
              "id": "12",
              "numberOfStops": 0,
              "blacklistedInEU": false
            }
          ]
        }
      ],
      "traveler_pricings": [
        {
          "travelerId": "1",
          "fareOption": "STANDARD",
          "travelerType": "ADULT",
          "price": {
            "currency": "GBP",
            "total": "176.02",
            "base": "53.00"
          },
          "fareDetailsBySegment": [
            {
              "segmentId": "7",
              "cabin": "ECONOMY",
              "fareBasis": "TYS0AALA",
              "brandedFare": "LIGHT",
              "brandedFareLabel": "ECONOMY LIGHT",
              "class": "T",
              "includedCheckedBags": {
                "quantity": 0
              },
              "includedCabinBags": {
                "quantity": 1
              },
              "amenities": [
                {
                  "description": "CHECKED BAG 1PC OF 23KG 158CM",
                  "isChargeable": true,
                  "amenityType": "BAGGAGE",
                  "amenityProvider": {
                    "name": "BrandedFare"
                  }
                },
                {
                  "description": "SNACK",
                  "isChargeable": false,
                  "amenityType": "MEAL",
                  "amenityProvider": {
                    "name": "BrandedFare"
                  }
                },
                {
                  "description": "BEVERAGE",
                  "isChargeable": false,
                  "amenityType": "MEAL",
                  "amenityProvider": {
                    "name": "BrandedFare"
                  }
                },
                {
                  "description": "SEAT SELECTION",
                  "isChargeable": true,
                  "amenityType": "BRANDED_FARES",
                  "amenityProvider": {
                    "name": "BrandedFare"
                  }
                },
                {
                  "description": "MILEAGE ACCRUAL",
                  "isChargeable": false,
                  "amenityType": "BRANDED_FARES",
                  "amenityProvider": {
                    "name": "BrandedFare"
                  }
                },
                {
                  "description": "UPGRADE ELIGIBILITY",
                  "isChargeable": true,
                  "amenityType": "BRANDED_FARES",
                  "amenityProvider": {
                    "name": "BrandedFare"
                  }
                }
              ]
            },
            {
              "segmentId": "11",
              "cabin": "ECONOMY",
              "fareBasis": "TYS0AALA",
              "brandedFare": "LIGHT",
              "brandedFareLabel": "ECONOMY LIGHT",
              "class": "T",
              "includedCheckedBags": {
                "quantity": 0
              },
              "includedCabinBags": {
                "quantity": 1
              },
              "amenities": [
                {
                  "description": "CHECKED BAG 1PC OF 23KG 158CM",
                  "isChargeable": true,
                  "amenityType": "BAGGAGE",
                  "amenityProvider": {
                    "name": "BrandedFare"
                  }
                },
                {
                  "description": "SNACK",
                  "isChargeable": false,
                  "amenityType": "MEAL",
                  "amenityProvider": {
                    "name": "BrandedFare"
                  }
                },
                {
                  "description": "BEVERAGE",
                  "isChargeable": false,
                  "amenityType": "MEAL",
                  "amenityProvider": {
                    "name": "BrandedFare"
                  }
                },
                {
                  "description": "SEAT SELECTION",
                  "isChargeable": true,
                  "amenityType": "BRANDED_FARES",
                  "amenityProvider": {
                    "name": "BrandedFare"
                  }
                },
                {
                  "description": "MILEAGE ACCRUAL",
                  "isChargeable": false,
                  "amenityType": "BRANDED_FARES",
                  "amenityProvider": {
                    "name": "BrandedFare"
                  }
                },
                {
                  "description": "UPGRADE ELIGIBILITY",
                  "isChargeable": true,
                  "amenityType": "BRANDED_FARES",
                  "amenityProvider": {
                    "name": "BrandedFare"
                  }
                }
              ]
            },
            {
              "segmentId": "12",
              "cabin": "ECONOMY",
              "fareBasis": "TYS0AALA",
              "brandedFare": "LIGHT",
              "brandedFareLabel": "ECONOMY LIGHT",
              "class": "T",
              "includedCheckedBags": {
                "quantity": 0
              },
              "includedCabinBags": {
                "quantity": 1
              },
              "amenities": [
                {
                  "description": "CHECKED BAG 1PC OF 23KG 158CM",
                  "isChargeable": true,
                  "amenityType": "BAGGAGE",
                  "amenityProvider": {
                    "name": "BrandedFare"
                  }
                },
                {
                  "description": "SNACK",
                  "isChargeable": false,
                  "amenityType": "MEAL",
                  "amenityProvider": {
                    "name": "BrandedFare"
                  }
                },
                {
                  "description": "BEVERAGE",
                  "isChargeable": false,
                  "amenityType": "MEAL",
                  "amenityProvider": {
                    "name": "BrandedFare"
                  }
                },
                {
                  "description": "SEAT SELECTION",
                  "isChargeable": true,
                  "amenityType": "BRANDED_FARES",
                  "amenityProvider": {
                    "name": "BrandedFare"
                  }
                },
                {
                  "description": "MILEAGE ACCRUAL",
                  "isChargeable": false,
                  "amenityType": "BRANDED_FARES",
                  "amenityProvider": {
                    "name": "BrandedFare"
                  }
                },
                {
                  "description": "UPGRADE ELIGIBILITY",
                  "isChargeable": true,
                  "amenityType": "BRANDED_FARES",
                  "amenityProvider": {
                    "name": "BrandedFare"
                  }
                }
              ]
            }
          ]
        }
      ],
      "validating_airline_codes": [
        "AF"
      ],
      "duration": "PT1H20M",
      "stops": 1,
      "airline_names": [
        "Air France"
      ],
      "departure_time": "03:25 PM",
      "arrival_time": "07:55 AM",
      "formatted_duration": "1h 20m",
      "currency": "GBP",
      "sustainability_score": 94,
      "carbon_footprint": 300.0,
      "mood_score": 86
    },
    {
      "id": "6",
      "price": {
        "currency": "GBP",
        "total": "176.02",
        "base": "53.00",
        "fees": [
          {
            "amount": "0.00",
            "type": "SUPPLIER"
          },
          {
            "amount": "0.00",
            "type": "TICKETING"
          }
        ],
        "grandTotal": "176.02",
        "additionalServices": [
          {
            "amount": "58.80",
            "type": "CHECKED_BAGS"
          }
        ]
      },
      "itineraries": [
        {
          "duration": "PT1H20M",
          "segments": [
            {
              "departure": {
                "iataCode": "LHR",
                "terminal": "4",
                "at": "2025-07-01T17:35:00"
              },
              "arrival": {
                "iataCode": "CDG",
                "terminal": "2E",
                "at": "2025-07-01T19:55:00"
              },
              "carrierCode": "AF",
              "number": "1281",
              "aircraft": {
                "code": "223"
              },
              "operating": {
                "carrierCode": "AF"
              },
              "duration": "PT1H20M",
              "id": "8",
              "numberOfStops": 0,
              "blacklistedInEU": false
            }
          ]
        },
        {
          "duration": "PT11H20M",
          "segments": [
            {
              "departure": {
                "iataCode": "CDG",
                "terminal": "2F",
                "at": "2025-07-05T21:35:00"
              },
              "arrival": {
                "iataCode": "NCE",
                "terminal": "2",
                "at": "2025-07-05T23:05:00"
              },
              "carrierCode": "AF",
              "number": "7314",
              "aircraft": {
                "code": "320"
              },
              "operating": {
                "carrierCode": "AF"
              },
              "duration": "PT1H30M",
              "id": "11",
              "numberOfStops": 0,
              "blacklistedInEU": false
            },
            {
              "departure": {
                "iataCode": "NCE",
                "terminal": "2",
                "at": "2025-07-06T06:50:00"
              },
              "arrival": {
                "iataCode": "LHR",
                "terminal": "4",
                "at": "2025-07-06T07:55:00"
              },
              "carrierCode": "AF",
              "number": "7550",
              "aircraft": {
                "code": "320"
              },
              "operating": {
                "carrierCode": "AF"
              },
              "duration": "PT2H5M",
              "id": "12",
              "numberOfStops": 0,
              "blacklistedInEU": false
            }
          ]
        }
      ],
      "traveler_pricings": [
        {
          "travelerId": "1",
          "fareOption": "STANDARD",
          "travelerType": "ADULT",
          "price": {
            "currency": "GBP",
            "total": "176.02",
            "base": "53.00"
          },
          "fareDetailsBySegment": [
            {
              "segmentId": "8",
              "cabin": "ECONOMY",
              "fareBasis": "TYS0AALA",
              "brandedFare": "LIGHT",
              "brandedFareLabel": "ECONOMY LIGHT",
              "class": "T",
              "includedCheckedBags": {
                "quantity": 0
              },
              "includedCabinBags": {
                "quantity": 1
              },
              "amenities": [
                {
                  "description": "CHECKED BAG 1PC OF 23KG 158CM",
                  "isChargeable": true,
                  "amenityType": "BAGGAGE",
                  "amenityProvider": {
                    "name": "BrandedFare"
                  }
                },
                {
                  "description": "SNACK",
                  "isChargeable": false,
                  "amenityType": "MEAL",
                  "amenityProvider": {
                    "name": "BrandedFare"
                  }
                },
                {
                  "description": "BEVERAGE",
                  "isChargeable": false,
                  "amenityType": "MEAL",
                  "amenityProvider": {
                    "name": "BrandedFare"
                  }
                },
                {
                  "description": "SEAT SELECTION",
                  "isChargeable": true,
                  "amenityType": "BRANDED_FARES",
                  "amenityProvider": {
                    "name": "BrandedFare"
                  }
                },
                {
                  "description": "MILEAGE ACCRUAL",
                  "isChargeable": false,
                  "amenityType": "BRANDED_FARES",
                  "amenityProvider": {
                    "name": "BrandedFare"
                  }
                },
                {
                  "description": "UPGRADE ELIGIBILITY",
                  "isChargeable": true,
                  "amenityType": "BRANDED_FARES",
                  "amenityProvider": {
                    "name": "BrandedFare"
                  }
                }
              ]
            },
            {
              "segmentId": "11",
              "cabin": "ECONOMY",
              "fareBasis": "TYS0AALA",
              "brandedFare": "LIGHT",
              "brandedFareLabel": "ECONOMY LIGHT",
              "class": "T",
              "includedCheckedBags": {
                "quantity": 0
              },
              "includedCabinBags": {
                "quantity": 1
              },
              "amenities": [
                {
                  "description": "CHECKED BAG 1PC OF 23KG 158CM",
                  "isChargeable": true,
                  "amenityType": "BAGGAGE",
                  "amenityProvider": {
                    "name": "BrandedFare"
                  }
                },
                {
                  "description": "SNACK",
                  "isChargeable": false,
                  "amenityType": "MEAL",
                  "amenityProvider": {
                    "name": "BrandedFare"
                  }
                },
                {
                  "description": "BEVERAGE",
                  "isChargeable": false,
                  "amenityType": "MEAL",
                  "amenityProvider": {
                    "name": "BrandedFare"
                  }
                },
                {
                  "description": "SEAT SELECTION",
                  "isChargeable": true,
                  "amenityType": "BRANDED_FARES",
                  "amenityProvider": {
                    "name": "BrandedFare"
                  }
                },
                {
                  "description": "MILEAGE ACCRUAL",
                  "isChargeable": false,
                  "amenityType": "BRANDED_FARES",
                  "amenityProvider": {
                    "name": "BrandedFare"
                  }
                },
                {
                  "description": "UPGRADE ELIGIBILITY",
                  "isChargeable": true,
                  "amenityType": "BRANDED_FARES",
                  "amenityProvider": {
                    "name": "BrandedFare"
                  }
                }
              ]
            },
            {
              "segmentId": "12",
              "cabin": "ECONOMY",
              "fareBasis": "TYS0AALA",
              "brandedFare": "LIGHT",
              "brandedFareLabel": "ECONOMY LIGHT",
              "class": "T",
              "includedCheckedBags": {
                "quantity": 0
              },
              "includedCabinBags": {
                "quantity": 1
              },
              "amenities": [
                {
                  "description": "CHECKED BAG 1PC OF 23KG 158CM",
                  "isChargeable": true,
                  "amenityType": "BAGGAGE",
                  "amenityProvider": {
                    "name": "BrandedFare"
                  }
                },
                {
                  "description": "SNACK",
                  "isChargeable": false,
                  "amenityType": "MEAL",
                  "amenityProvider": {
                    "name": "BrandedFare"
                  }
                },
                {
                  "description": "BEVERAGE",
                  "isChargeable": false,
                  "amenityType": "MEAL",
                  "amenityProvider": {
                    "name": "BrandedFare"
                  }
                },
                {
                  "description": "SEAT SELECTION",
                  "isChargeable": true,
                  "amenityType": "BRANDED_FARES",
                  "amenityProvider": {
                    "name": "BrandedFare"
                  }
                },
                {
                  "description": "MILEAGE ACCRUAL",
                  "isChargeable": false,
                  "amenityType": "BRANDED_FARES",
                  "amenityProvider": {
                    "name": "BrandedFare"
                  }
                },
                {
                  "description": "UPGRADE ELIGIBILITY",
                  "isChargeable": true,
                  "amenityType": "BRANDED_FARES",
                  "amenityProvider": {
                    "name": "BrandedFare"
                  }
                }
              ]
            }
          ]
        }
      ],
      "validating_airline_codes": [
        "AF"
      ],
      "duration": "PT1H20M",
      "stops": 1,
      "airline_names": [
        "Air France"
      ],
      "departure_time": "05:35 PM",
      "arrival_time": "07:55 AM",
      "formatted_duration": "1h 20m",
      "currency": "GBP",
      "sustainability_score": 84,
      "carbon_footprint": 300.0,
      "mood_score": 75
    },
    {
      "id": "7",
      "price": {
        "currency": "GBP",
        "total": "184.62",
        "base": "53.00",
        "fees": [
          {
            "amount": "0.00",
            "type": "SUPPLIER"
          },
          {
            "amount": "0.00",
            "type": "TICKETING"
          }
        ],
        "grandTotal": "184.62",
        "additionalServices": [
          {
            "amount": "58.80",
            "type": "CHECKED_BAGS"
          }
        ]
      },
      "itineraries": [
        {
          "duration": "PT5H35M",
          "segments": [
            {
              "departure": {
                "iataCode": "LHR",
                "terminal": "4",
                "at": "2025-07-01T08:55:00"
              },
              "arrival": {
                "iataCode": "NCE",
                "terminal": "2",
                "at": "2025-07-01T12:00:00"
              },
              "carrierCode": "AF",
              "number": "7551",
              "aircraft": {
                "code": "320"
              },
              "operating": {
                "carrierCode": "AF"
              },
              "duration": "PT2H5M",
              "id": "9",
              "numberOfStops": 0,
              "blacklistedInEU": false
            },
            {
              "departure": {
                "iataCode": "NCE",
                "terminal": "2",
                "at": "2025-07-01T13:55:00"
              },
              "arrival": {
                "iataCode": "CDG",
                "terminal": "2F",
                "at": "2025-07-01T15:30:00"
              },
              "carrierCode": "AF",
              "number": "7323",
              "aircraft": {
                "code": "320"
              },
              "operating": {
                "carrierCode": "AF"
              },
              "duration": "PT1H35M",
              "id": "10",
              "numberOfStops": 0,
              "blacklistedInEU": false
            }
          ]
        },
        {
          "duration": "PT11H20M",
          "segments": [
            {
              "departure": {
                "iataCode": "CDG",
                "terminal": "2F",
                "at": "2025-07-05T21:35:00"
              },
              "arrival": {
                "iataCode": "NCE",
                "terminal": "2",
                "at": "2025-07-05T23:05:00"
              },
              "carrierCode": "AF",
              "number": "7314",
              "aircraft": {
                "code": "320"
              },
              "operating": {
                "carrierCode": "AF"
              },
              "duration": "PT1H30M",
              "id": "11",
              "numberOfStops": 0,
              "blacklistedInEU": false
            },
            {
              "departure": {
                "iataCode": "NCE",
                "terminal": "2",
                "at": "2025-07-06T06:50:00"
              },
              "arrival": {
                "iataCode": "LHR",
                "terminal": "4",
                "at": "2025-07-06T07:55:00"
              },
              "carrierCode": "AF",
              "number": "7550",
              "aircraft": {
                "code": "320"
              },
              "operating": {
                "carrierCode": "AF"
              },
              "duration": "PT2H5M",
              "id": "12",
              "numberOfStops": 0,
              "blacklistedInEU": false
            }
          ]
        }
      ],
      "traveler_pricings": [
        {
          "travelerId": "1",
          "fareOption": "STANDARD",
          "travelerType": "ADULT",
          "price": {
            "currency": "GBP",
            "total": "184.62",
            "base": "53.00"
          },
          "fareDetailsBySegment": [
            {
              "segmentId": "9",
              "cabin": "ECONOMY",
              "fareBasis": "TYS0AALA",
              "brandedFare": "LIGHT",
              "brandedFareLabel": "ECONOMY LIGHT",
              "class": "T",
              "includedCheckedBags": {
                "quantity": 0
              },
              "includedCabinBags": {
                "quantity": 1
              },
              "amenities": [
                {
                  "description": "CHECKED BAG 1PC OF 23KG 158CM",
                  "isChargeable": true,
                  "amenityType": "BAGGAGE",
                  "amenityProvider": {
                    "name": "BrandedFare"
                  }
                },
                {
                  "description": "SNACK",
                  "isChargeable": false,
                  "amenityType": "MEAL",
                  "amenityProvider": {
                    "name": "BrandedFare"
                  }
                },
                {
                  "description": "BEVERAGE",
                  "isChargeable": false,
                  "amenityType": "MEAL",
                  "amenityProvider": {
                    "name": "BrandedFare"
                  }
                },
                {
                  "description": "SEAT SELECTION",
                  "isChargeable": true,
                  "amenityType": "BRANDED_FARES",
                  "amenityProvider": {
                    "name": "BrandedFare"
                  }
                },
                {
                  "description": "MILEAGE ACCRUAL",
                  "isChargeable": false,
                  "amenityType": "BRANDED_FARES",
                  "amenityProvider": {
                    "name": "BrandedFare"
                  }
                },
                {
                  "description": "UPGRADE ELIGIBILITY",
                  "isChargeable": true,
                  "amenityType": "BRANDED_FARES",
                  "amenityProvider": {
                    "name": "BrandedFare"
                  }
                }
              ]
            },
            {
              "segmentId": "10",
              "cabin": "ECONOMY",
              "fareBasis": "TYS0AALA",
              "brandedFare": "LIGHT",
              "brandedFareLabel": "ECONOMY LIGHT",
              "class": "T",
              "includedCheckedBags": {
                "quantity": 0
              },
              "includedCabinBags": {
                "quantity": 1
              },
              "amenities": [
                {
                  "description": "CHECKED BAG 1PC OF 23KG 158CM",
                  "isChargeable": true,
                  "amenityType": "BAGGAGE",
                  "amenityProvider": {
                    "name": "BrandedFare"
                  }
                },
                {
                  "description": "SNACK",
                  "isChargeable": false,
                  "amenityType": "MEAL",
                  "amenityProvider": {
                    "name": "BrandedFare"
                  }
                },
                {
                  "description": "BEVERAGE",
                  "isChargeable": false,
                  "amenityType": "MEAL",
                  "amenityProvider": {
                    "name": "BrandedFare"
                  }
                },
                {
                  "description": "SEAT SELECTION",
                  "isChargeable": true,
                  "amenityType": "BRANDED_FARES",
                  "amenityProvider": {
                    "name": "BrandedFare"
                  }
                },
                {
                  "description": "MILEAGE ACCRUAL",
                  "isChargeable": false,
                  "amenityType": "BRANDED_FARES",
                  "amenityProvider": {
                    "name": "BrandedFare"
                  }
                },
                {
                  "description": "UPGRADE ELIGIBILITY",
                  "isChargeable": true,
                  "amenityType": "BRANDED_FARES",
                  "amenityProvider": {
                    "name": "BrandedFare"
                  }
                }
              ]
            },
            {
              "segmentId": "11",
              "cabin": "ECONOMY",
              "fareBasis": "TYS0AALA",
              "brandedFare": "LIGHT",
              "brandedFareLabel": "ECONOMY LIGHT",
              "class": "T",
              "includedCheckedBags": {
                "quantity": 0
              },
              "includedCabinBags": {
                "quantity": 1
              },
              "amenities": [
                {
                  "description": "CHECKED BAG 1PC OF 23KG 158CM",
                  "isChargeable": true,
                  "amenityType": "BAGGAGE",
                  "amenityProvider": {
                    "name": "BrandedFare"
                  }
                },
                {
                  "description": "SNACK",
                  "isChargeable": false,
                  "amenityType": "MEAL",
                  "amenityProvider": {
                    "name": "BrandedFare"
                  }
                },
                {
                  "description": "BEVERAGE",
                  "isChargeable": false,
                  "amenityType": "MEAL",
                  "amenityProvider": {
                    "name": "BrandedFare"
                  }
                },
                {
                  "description": "SEAT SELECTION",
                  "isChargeable": true,
                  "amenityType": "BRANDED_FARES",
                  "amenityProvider": {
                    "name": "BrandedFare"
                  }
                },
                {
                  "description": "MILEAGE ACCRUAL",
                  "isChargeable": false,
                  "amenityType": "BRANDED_FARES",
                  "amenityProvider": {
                    "name": "BrandedFare"
                  }
                },
                {
                  "description": "UPGRADE ELIGIBILITY",
                  "isChargeable": true,
                  "amenityType": "BRANDED_FARES",
                  "amenityProvider": {
                    "name": "BrandedFare"
                  }
                }
              ]
            },
            {
              "segmentId": "12",
              "cabin": "ECONOMY",
              "fareBasis": "TYS0AALA",
              "brandedFare": "LIGHT",
              "brandedFareLabel": "ECONOMY LIGHT",
              "class": "T",
              "includedCheckedBags": {
                "quantity": 0
              },
              "includedCabinBags": {
                "quantity": 1
              },
              "amenities": [
                {
                  "description": "CHECKED BAG 1PC OF 23KG 158CM",
                  "isChargeable": true,
                  "amenityType": "BAGGAGE",
                  "amenityProvider": {
                    "name": "BrandedFare"
                  }
                },
                {
                  "description": "SNACK",
                  "isChargeable": false,
                  "amenityType": "MEAL",
                  "amenityProvider": {
                    "name": "BrandedFare"
                  }
                },
                {
                  "description": "BEVERAGE",
                  "isChargeable": false,
                  "amenityType": "MEAL",
                  "amenityProvider": {
                    "name": "BrandedFare"
                  }
                },
                {
                  "description": "SEAT SELECTION",
                  "isChargeable": true,
                  "amenityType": "BRANDED_FARES",
                  "amenityProvider": {
                    "name": "BrandedFare"
                  }
                },
                {
                  "description": "MILEAGE ACCRUAL",
                  "isChargeable": false,
                  "amenityType": "BRANDED_FARES",
                  "amenityProvider": {
                    "name": "BrandedFare"
                  }
                },
                {
                  "description": "UPGRADE ELIGIBILITY",
                  "isChargeable": true,
                  "amenityType": "BRANDED_FARES",
                  "amenityProvider": {
                    "name": "BrandedFare"
                  }
                }
              ]
            }
          ]
        }
      ],
      "validating_airline_codes": [
        "AF"
      ],
      "duration": "PT5H35M",
      "stops": 2,
      "airline_names": [
        "Air France"
      ],
      "departure_time": "08:55 AM",
      "arrival_time": "07:55 AM",
      "formatted_duration": "5h 35m",
      "currency": "GBP",
      "sustainability_score": 61,
      "carbon_footprint": 350.0,
      "mood_score": 95
    },
    {
      "id": "8",
      "price": {
        "currency": "GBP",
        "total": "184.62",
        "base": "53.00",
        "fees": [
          {
            "amount": "0.00",
            "type": "SUPPLIER"
          },
          {
            "amount": "0.00",
            "type": "TICKETING"
          }
        ],
        "grandTotal": "184.62",
        "additionalServices": [
          {
            "amount": "58.80",
            "type": "CHECKED_BAGS"
          }
        ]
      },
      "itineraries": [
        {
          "duration": "PT6H15M",
          "segments": [
            {
              "departure": {
                "iataCode": "LHR",
                "terminal": "4",
                "at": "2025-07-01T08:55:00"
              },
              "arrival": {
                "iataCode": "NCE",
                "terminal": "2",
                "at": "2025-07-01T12:00:00"
              },
              "carrierCode": "AF",
              "number": "7551",
              "aircraft": {
                "code": "320"
              },
              "operating": {
                "carrierCode": "AF"
              },
              "duration": "PT2H5M",
              "id": "2",
              "numberOfStops": 0,
              "blacklistedInEU": false
            },
            {
              "departure": {
                "iataCode": "NCE",
                "terminal": "2",
                "at": "2025-07-01T14:35:00"
              },
              "arrival": {
                "iataCode": "CDG",
                "terminal": "2F",
                "at": "2025-07-01T16:10:00"
              },
              "carrierCode": "AF",
              "number": "7307",
              "aircraft": {
                "code": "223"
              },
              "operating": {
                "carrierCode": "AF"
              },
              "duration": "PT1H35M",
              "id": "3",
              "numberOfStops": 0,
              "blacklistedInEU": false
            }
          ]
        },
        {
          "duration": "PT11H20M",
          "segments": [
            {
              "departure": {
                "iataCode": "CDG",
                "terminal": "2F",
                "at": "2025-07-05T21:35:00"
              },
              "arrival": {
                "iataCode": "NCE",
                "terminal": "2",
                "at": "2025-07-05T23:05:00"
              },
              "carrierCode": "AF",
              "number": "7314",
              "aircraft": {
                "code": "320"
              },
              "operating": {
                "carrierCode": "AF"
              },
              "duration": "PT1H30M",
              "id": "11",
              "numberOfStops": 0,
              "blacklistedInEU": false
            },
            {
              "departure": {
                "iataCode": "NCE",
                "terminal": "2",
                "at": "2025-07-06T06:50:00"
              },
              "arrival": {
                "iataCode": "LHR",
                "terminal": "4",
                "at": "2025-07-06T07:55:00"
              },
              "carrierCode": "AF",
              "number": "7550",
              "aircraft": {
                "code": "320"
              },
              "operating": {
                "carrierCode": "AF"
              },
              "duration": "PT2H5M",
              "id": "12",
              "numberOfStops": 0,
              "blacklistedInEU": false
            }
          ]
        }
      ],
      "traveler_pricings": [
        {
          "travelerId": "1",
          "fareOption": "STANDARD",
          "travelerType": "ADULT",
          "price": {
            "currency": "GBP",
            "total": "184.62",
            "base": "53.00"
          },
          "fareDetailsBySegment": [
            {
              "segmentId": "2",
              "cabin": "ECONOMY",
              "fareBasis": "TYS0AALA",
              "brandedFare": "LIGHT",
              "brandedFareLabel": "ECONOMY LIGHT",
              "class": "T",
              "includedCheckedBags": {
                "quantity": 0
              },
              "includedCabinBags": {
                "quantity": 1
              },
              "amenities": [
                {
                  "description": "CHECKED BAG 1PC OF 23KG 158CM",
                  "isChargeable": true,
                  "amenityType": "BAGGAGE",
                  "amenityProvider": {
                    "name": "BrandedFare"
                  }
                },
                {
                  "description": "SNACK",
                  "isChargeable": false,
                  "amenityType": "MEAL",
                  "amenityProvider": {
                    "name": "BrandedFare"
                  }
                },
                {
                  "description": "BEVERAGE",
                  "isChargeable": false,
                  "amenityType": "MEAL",
                  "amenityProvider": {
                    "name": "BrandedFare"
                  }
                },
                {
                  "description": "SEAT SELECTION",
                  "isChargeable": true,
                  "amenityType": "BRANDED_FARES",
                  "amenityProvider": {
                    "name": "BrandedFare"
                  }
                },
                {
                  "description": "MILEAGE ACCRUAL",
                  "isChargeable": false,
                  "amenityType": "BRANDED_FARES",
                  "amenityProvider": {
                    "name": "BrandedFare"
                  }
                },
                {
                  "description": "UPGRADE ELIGIBILITY",
                  "isChargeable": true,
                  "amenityType": "BRANDED_FARES",
                  "amenityProvider": {
                    "name": "BrandedFare"
                  }
                }
              ]
            },
            {
              "segmentId": "3",
              "cabin": "ECONOMY",
              "fareBasis": "TYS0AALA",
              "brandedFare": "LIGHT",
              "brandedFareLabel": "ECONOMY LIGHT",
              "class": "T",
              "includedCheckedBags": {
                "quantity": 0
              },
              "includedCabinBags": {
                "quantity": 1
              },
              "amenities": [
                {
                  "description": "CHECKED BAG 1PC OF 23KG 158CM",
                  "isChargeable": true,
                  "amenityType": "BAGGAGE",
                  "amenityProvider": {
                    "name": "BrandedFare"
                  }
                },
                {
                  "description": "SNACK",
                  "isChargeable": false,
                  "amenityType": "MEAL",
                  "amenityProvider": {
                    "name": "BrandedFare"
                  }
                },
                {
                  "description": "BEVERAGE",
                  "isChargeable": false,
                  "amenityType": "MEAL",
                  "amenityProvider": {
                    "name": "BrandedFare"
                  }
                },
                {
                  "description": "SEAT SELECTION",
                  "isChargeable": true,
                  "amenityType": "BRANDED_FARES",
                  "amenityProvider": {
                    "name": "BrandedFare"
                  }
                },
                {
                  "description": "MILEAGE ACCRUAL",
                  "isChargeable": false,
                  "amenityType": "BRANDED_FARES",
                  "amenityProvider": {
                    "name": "BrandedFare"
                  }
                },
                {
                  "description": "UPGRADE ELIGIBILITY",
                  "isChargeable": true,
                  "amenityType": "BRANDED_FARES",
                  "amenityProvider": {
                    "name": "BrandedFare"
                  }
                }
              ]
            },
            {
              "segmentId": "11",
              "cabin": "ECONOMY",
              "fareBasis": "TYS0AALA",
              "brandedFare": "LIGHT",
              "brandedFareLabel": "ECONOMY LIGHT",
              "class": "T",
              "includedCheckedBags": {
                "quantity": 0
              },
              "includedCabinBags": {
                "quantity": 1
              },
              "amenities": [
                {
                  "description": "CHECKED BAG 1PC OF 23KG 158CM",
                  "isChargeable": true,
                  "amenityType": "BAGGAGE",
                  "amenityProvider": {
                    "name": "BrandedFare"
                  }
                },
                {
                  "description": "SNACK",
                  "isChargeable": false,
                  "amenityType": "MEAL",
                  "amenityProvider": {
                    "name": "BrandedFare"
                  }
                },
                {
                  "description": "BEVERAGE",
                  "isChargeable": false,
                  "amenityType": "MEAL",
                  "amenityProvider": {
                    "name": "BrandedFare"
                  }
                },
                {
                  "description": "SEAT SELECTION",
                  "isChargeable": true,
                  "amenityType": "BRANDED_FARES",
                  "amenityProvider": {
                    "name": "BrandedFare"
                  }
                },
                {
                  "description": "MILEAGE ACCRUAL",
                  "isChargeable": false,
                  "amenityType": "BRANDED_FARES",
                  "amenityProvider": {
                    "name": "BrandedFare"
                  }
                },
                {
                  "description": "UPGRADE ELIGIBILITY",
                  "isChargeable": true,
                  "amenityType": "BRANDED_FARES",
                  "amenityProvider": {
                    "name": "BrandedFare"
                  }
                }
              ]
            },
            {
              "segmentId": "12",
              "cabin": "ECONOMY",
              "fareBasis": "TYS0AALA",
              "brandedFare": "LIGHT",
              "brandedFareLabel": "ECONOMY LIGHT",
              "class": "T",
              "includedCheckedBags": {
                "quantity": 0
              },
              "includedCabinBags": {
                "quantity": 1
              },
              "amenities": [
                {
                  "description": "CHECKED BAG 1PC OF 23KG 158CM",
                  "isChargeable": true,
                  "amenityType": "BAGGAGE",
                  "amenityProvider": {
                    "name": "BrandedFare"
                  }
                },
                {
                  "description": "SNACK",
                  "isChargeable": false,
                  "amenityType": "MEAL",
                  "amenityProvider": {
                    "name": "BrandedFare"
                  }
                },
                {
                  "description": "BEVERAGE",
                  "isChargeable": false,
                  "amenityType": "MEAL",
                  "amenityProvider": {
                    "name": "BrandedFare"
                  }
                },
                {
                  "description": "SEAT SELECTION",
                  "isChargeable": true,
                  "amenityType": "BRANDED_FARES",
                  "amenityProvider": {
                    "name": "BrandedFare"
                  }
                },
                {
                  "description": "MILEAGE ACCRUAL",
                  "isChargeable": false,
                  "amenityType": "BRANDED_FARES",
                  "amenityProvider": {
                    "name": "BrandedFare"
                  }
                },
                {
                  "description": "UPGRADE ELIGIBILITY",
                  "isChargeable": true,
                  "amenityType": "BRANDED_FARES",
                  "amenityProvider": {
                    "name": "BrandedFare"
                  }
                }
              ]
            }
          ]
        }
      ],
      "validating_airline_codes": [
        "AF"
      ],
      "duration": "PT6H15M",
      "stops": 2,
      "airline_names": [
        "Air France"
      ],
      "departure_time": "08:55 AM",
      "arrival_time": "07:55 AM",
      "formatted_duration": "6h 15m",
      "currency": "GBP",
      "sustainability_score": 59,
      "carbon_footprint": 350.0,
      "mood_score": 79
    }
  ],
  "carbon_data": {
    "total_kg_co2": 2500.0,
    "average_per_flight": 312.5,
    "comparison": "30% lower than average for this route",
    "offset_cost": 50.0
  },
  "recommendations": [
    {
      "type": "budget_tip",
      "title": "\ud83d\udcb0 Best Deal Found",
      "description": "Save money with Air France - great value for your trip!"
    },
    {
      "type": "timing",
      "title": "\u23f0 Best Time to Book",
      "description": "Book now! Prices typically increase 2-3 weeks before departure."
    },
    {
      "type": "sustainability",
      "title": "\ud83c\udf31 Eco-Friendly Tip",
      "description": "Choose direct flights to reduce your carbon footprint by up to 30%."
    }
  ],
  "smart_features_applied": {
    "sustainabilityMode": true,
    "budgetIntelligence": true,
    "moodBasedSuggestions": true
  }
}
✅ Test passed

================================================================================
Running test: Flexible Flight Search
URL: https://cfde3e21-8cc7-4f92-8e99-3e2b8a582569.preview.emergentagent.com/api/flights/flexible-search
Method: POST
Request data: {
  "origin": "JFK",
  "destination": "LAX",
  "month": 7,
  "year": 2025,
  "adults": 1
}
Response time: 18.19 seconds
Response data: {
  "success": true,
  "calendar": [
    {
      "date": "2025-07-01",
      "price": 98.95,
      "currency": "USD",
      "available": true
    },
    {
      "date": "2025-07-08",
      "price": 98.95,
      "currency": "USD",
      "available": true
    },
    {
      "date": "2025-07-15",
      "price": 98.95,
      "currency": "USD",
      "available": true
    },
    {
      "date": "2025-07-22",
      "price": 98.95,
      "currency": "USD",
      "available": true
    },
    {
      "date": "2025-07-28",
      "price": 125.01,
      "currency": "USD",
      "available": true
    }
  ],
  "month": 7,
  "year": 2025,
  "origin": "JFK",
  "destination": "LAX"
}
✅ Test passed

================================================================================
TEST SUMMARY: 9 passed, 0 failed
================================================================================
✅ PASS - Basic Health Check (23.56s)
✅ PASS - Amadeus API Connection (1.08s)
✅ PASS - Basic Flight Search (9.31s)
✅ PASS - Smart Flight Search with Near-future Dates (June 2025) (4.47s)
  Details: Testing with dates that might be too close to today in the Amadeus test environment
✅ PASS - Smart Flight Search with Valid Future Dates (July 2025) (4.96s)
  Details: Testing with dates that are known to work in the Amadeus test environment
✅ PASS - Smart Flight Search with City Names (7.12s)
✅ PASS - Smart Flight Search with Abbreviations (4.76s)
✅ PASS - Smart Flight Search with International Cities (4.97s)
✅ PASS - Flexible Flight Search (18.19s)
================================================================================
🎉 All tests passed!
